
── F5 ──
(node:1554372) Warning: SECURITY WARNING: The SSL modes 'prefer', 'require', and 'verify-ca' are treated as aliases for 'verify-full'.
In the next major version (pg-connection-string v3.0.0 and pg v9.0.0), these modes will adopt standard libpq semantics, which have weaker security guarantees.

To prepare for this change:
- If you want the current behavior, explicitly use 'sslmode=verify-full'
- If you want libpq compatibility now, use 'uselibpqcompat=true&sslmode=require'

See https://www.postgresql.org/docs/current/libpq-ssl.html for libpq SSL mode definitions.
(Use `node --trace-warnings ...` to show where the warning was created)
  ❌ [F5-fixed-clock] PIPELINE deals closing 8 Oct (= Thai today + 7) / 9 Oct, COMMIT 8 Oct, through 1 Oct Thai: 00:30 TH 1 Oct: 8 Oct - · 9 Oct - · COMMIT - ❌ | 06:59 TH: 8 Oct - · 9 Oct - · COMMIT - ❌ | 07:01 TH: 8 Oct LATE · 9 Oct - · COMMIT - | 23:59 TH: 8 Oct LATE · 9 Oct - · COMMIT - (want 8 Oct late all day, 9 Oct never, COMMIT never)
  ❌ [F5-next-day-00:30] 00:30 TH 2 Oct: 9 Oct deal PIPELINE_LATE_MONTH=false (want true — Thai 2 Oct + 7 = 9 Oct)
  ❌ [F5-no-instant-compare] instant compare left: true · PIPELINE_LATE_MONTH pushed at 1 place(s)

── H24 ──
  ❌ [H24-datetime-d7] dry run 10:00 TH 1 Oct, DATETIME endsAt, 7 days before → matched [dt9mid,dt8mid,dt8eve,dt2mid] (want dt8mid,dt8eve — NOT dt9mid: 9 Oct 00:30 Thai is 8 Thai days away)
  ❌ [H24-datetime-d0] same, "on the day" (0) → matched [dt2mid] (want dt1ear — NOT dt2mid: 2 Oct 00:30 Thai is tomorrow)
  ✅ [H24-date-unchanged] DATE dueOn, 7 days before → matched [d8] (want d8 only — as before)
  ❌ [H24-cron-keys] runCronTriggers(10:00 TH 1 Oct) → {"runs":5,"cutOff":false} · keys: dt8mid …5#2026-10-07 · dt8eve …9#2026-10-08 · dt9mid FIRED …m#2026-10-08 · DATE d8 …2#2026-10-08 (want both DATETIME on #2026-10-08, dt9mid none, DATE key unchanged format)

── H25 ──
  ❌ [H25-datetime-thai] portal getRecord: DATETIME 9 Oct 00:30 Thai → "2026-10-08" (staff page "9 ต.ค. 2569 00:30") · 9 Oct 09:30 → "2026-10-09" (staff "9 ต.ค. 2569 09:30")
  ✅ [H25-date-unchanged] DATE 2026-10-09 → "2026-10-09" (want 2026-10-09 as before)

── R23 ──
  ✅ [R23-premise] stored routing: forged {"unverifiedFrom":true} · authenticated null (positive control for the flag source)
  ❌ [R23-dto] contact timeline listActivities: forged EMAIL row unverifiedFrom=undefined · authenticated row unverifiedFrom=undefined (rows found: true/true)
  ❌ [R23-render] ActivityRow HTML: forged row badge=false · authenticated row badge=false (want true / false)

── F4 ──
  ❌ [F4-other-guard-only-fails-closed] registry = {member guard} only (CRM registration lost): toggle-on all-events → ok · set [] → ok · [crm.*] → ok · [custom.record.*] → ok · [team.*] → ok · [member+crm] → ok · create [] → ok (row created: true)
  ✅ [F4-other-guard-others-pass] same child: toggle-off → ok · [member.created] → ok · author-less → ok · stored ["member.created"] active=false
  ✅ [F4-crm-guard-present-passes] positive control — registry = {crm guard (passes)}: toggle-on ok · [] ok · crm ok · custom.record ok · team ok · mixed ok · create ok · guard ran 8×
  ❌ [F4-one-prefix-list] literal prefix lists: service.ts 1 · crm webhook-events.ts 1 · webhooks/labels.ts 0 · CRM_EVENT_PREFIXES is the platform family list (same object): false (want 0/0/1/true)
  ✅ [F4-no-cycle] service.ts imports [node:crypto, node:net, node:dns, @prisma/client, @/lib/core/db, ./private-targets] (no module) · labels.ts imports no module · root registers the "crm" family: true
  ✅ [CLEAN-miv1eg] tenant rows left=0
  ✅ [CLEAN-6ttqim] tenant rows left=0
  ✅ [CLEAN-924zsx] tenant rows left=0
  ✅ [CLEAN-v2r0v7] tenant rows left=0
  ✅ [CLEAN-pjzoza] tenant rows left=0

🔴 probe-cf5: 11/22
JSON_SUMMARY {"total":22,"passed":11,"findings":["F5-fixed-clock","F5-next-day-00:30","F5-no-instant-compare","H24-datetime-d7","H24-datetime-d0","H24-cron-keys","H25-datetime-thai","R23-dto","R23-render","F4-other-guard-only-fails-closed","F4-one-prefix-list"]}
