start 2026-10-01T17:26:52Z
probe-cf5 exit=0 77s · 🟢 probe-cf5: 22/22 JSON_SUMMARY {"total":22,"passed":22,"findings":[]} 
probe-cf5-r2 exit=0 31s · 🟢 probe-cf5-r2: 14/14 JSON_SUMMARY {"total":14,"passed":14,"findings":[]} 
rv-cf5 exit=0 99s · 🟢 rv-cf5: 32/32 JSON_SUMMARY {"total":32,"passed":32,"findings":[]} 
probe-cf3 exit=0 62s · 🟢 probe-cf3: 27/27 JSON_SUMMARY {"total":27,"passed":27,"findings":[]} 
qc-webhook exit=0 2s · ผ่าน 15/15 JSON_SUMMARY {"total":15,"passed":15,"findings":[]} 
qc-account-api-webhooks exit=0 10s · ผ่าน 22/22 JSON_SUMMARY {"total":22,"passed":22,"findings":[]} 
qc-crm-c1.10 exit=0 128s · 🟢 C1.10: 66/66 · webhook fetch stubbed 4× · keyErrors filter-foreign-team=ทีมในตัวกรองของคีย์ไม่ใช่ทีมของร้านนี้ — เลือกทีมจากรายชื่อท… JSON_SUMMARY {"total":66,"passed":66,"fi
qc-crm-c1.6 exit=0 159s · 🟢 C1.6: 79/79 JSON_SUMMARY {"total":79,"passed":79,"findings":[],"skippedChecks":[]} 
qc-crm-c2.1 exit=1 64s · 🔴 C2.1: 83/84 · outbound fetch stubbed 0× JSON_SUMMARY {"total":84,"passed":83,"findings":[{"id":"C2.1-S6.2","sev":"CRITICAL"}]} 
qc-crm-c3.4 exit=0 37s · 🟢 C3.4: 53/53 JSON_SUMMARY {"total":53,"passed":53,"findings":[]} 
qc-crm-c1.3 exit=0 278s · 🟢 C1.3: 89/89 JSON_SUMMARY {"total":89,"passed":89,"findings":[]} 
qc-crm-c1.4 exit=0 181s · 🟢 C1.4: 110/110 JSON_SUMMARY {"total":110,"passed":110,"findings":[]} 
docs-crm exit=0 2s · ✅ docs/api/CRM-API.md ตรงกับทะเบียน (123 op) 
docs-member exit=1 2s · ❌ .claude/skills/shark-member-api/references/endpoints.md ไม่ตรงกับทะเบียน (0 ไบต์บนดิสก์ vs 18819 ไบต์ที่ควรเป็น) 
docs-kanban exit=1 2s · ❌ .claude/skills/shark-kanban-api/references/endpoints.md ไม่ตรงกับทะเบียน (0 ไบต์บนดิสก์ vs 8244 ไบต์ที่ควรเป็น) 
docs-account exit=0 3s · ✅ docs/api/ACCOUNT-API.md + skill endpoints.md ตรงกับทะเบียน (199 op) 
typecheck exit=0 128s · 
fitness exit=0 5s · ผ่าน 36/36 JSON_SUMMARY {"total":36,"passed":36,"findings":[]} 
fitness-noenv exit=0 4s · ผ่าน 36/36 JSON_SUMMARY {"total":36,"passed":36,"findings":[]} 
ALLDONE 2026-10-01T17:48:06Z
