start 2026-10-01T16:25:48Z
probe-cf5 exit=0 87s · 🟢 probe-cf5: 22/22 JSON_SUMMARY {"total":22,"passed":22,"findings":[]} 
probe-cf3 exit=0 66s · 🟢 probe-cf3: 27/27 JSON_SUMMARY {"total":27,"passed":27,"findings":[]} 
qc-webhook exit=0 2s · ผ่าน 15/15 JSON_SUMMARY {"total":15,"passed":15,"findings":[]} 
qc-account-api-webhooks exit=0 12s · ผ่าน 22/22 JSON_SUMMARY {"total":22,"passed":22,"findings":[]} 
qc-crm-c1.10 exit=0 132s · 🟢 C1.10: 66/66 · webhook fetch stubbed 4× · keyErrors filter-foreign-team=ทีมในตัวกรองของคีย์ไม่ใช่ทีมของร้านนี้ — เลือกทีมจากรายชื่อท… JSON_SUMMARY {"total":66,"passed":66,"fi
qc-crm-c2.1 exit=1 63s · 🔴 C2.1: 83/84 · outbound fetch stubbed 0× JSON_SUMMARY {"total":84,"passed":83,"findings":[{"id":"C2.1-S6.2","sev":"CRITICAL"}]} 
qc-crm-c2.5 exit=0 69s · 🟢 C2.5: 105/105 · outbound fetch stubbed 8× (Resend emails 5×) JSON_SUMMARY {"total":105,"passed":105,"findings":[]} 
qc-crm-c1.6 exit=0 159s · 🟢 C1.6: 79/79 JSON_SUMMARY {"total":79,"passed":79,"findings":[],"skippedChecks":[]} 
qc-crm-c3.4 exit=0 38s · 🟢 C3.4: 53/53 JSON_SUMMARY {"total":53,"passed":53,"findings":[]} 
probe-cf2 exit=0 38s · 🟢 probe-cf2: 36/36 JSON_SUMMARY {"total":36,"passed":36,"findings":[]} 
qc-crm-c3.5 exit=0 98s · 🟢 C3.5: 67/67 JSON_SUMMARY {"total":67,"passed":67,"findings":[]} 
qc-crm-c3.8 exit=1 169s · 🔴 C3.8: 30/31 JSON_SUMMARY {"total":31,"passed":30,"findings":[{"id":"C3.8-S7.1","sev":"CRITICAL"}]} 
docs-crm exit=0 1s · ✅ docs/api/CRM-API.md ตรงกับทะเบียน (123 op) 
docs-member exit=1 3s · ❌ .claude/skills/shark-member-api/references/endpoints.md ไม่ตรงกับทะเบียน (0 ไบต์บนดิสก์ vs 18819 ไบต์ที่ควรเป็น) 
docs-kanban exit=1 2s · ❌ .claude/skills/shark-kanban-api/references/endpoints.md ไม่ตรงกับทะเบียน (0 ไบต์บนดิสก์ vs 8244 ไบต์ที่ควรเป็น) 
docs-account exit=0 3s · ✅ docs/api/ACCOUNT-API.md + skill endpoints.md ตรงกับทะเบียน (199 op) 
typecheck exit=0 330s · 
fitness exit=0 6s · ผ่าน 36/36 JSON_SUMMARY {"total":36,"passed":36,"findings":[]} 
fitness-noenv exit=0 4s · ผ่าน 36/36 JSON_SUMMARY {"total":36,"passed":36,"findings":[]} 
ALLDONE 2026-10-01T16:47:10Z
