
===== QC WO 6.2 · รายงาน drill-down 3 ชั้น (§11.3) =====
🗄️  DB QC: ep-plain-art-ao3djg4u-pooler.c-2.ap-southeast-1.aws.neon.tech

T1 ตัวช่วยแปลงงวด (บริสุทธิ์ ไม่แตะ DB):
  ✅ T1.1 วันแรกของงวด
  ✅ T1.2 วันสุดท้ายของ ก.ย. (30 วัน)
  ✅ T1.3 วันสุดท้ายของ ธ.ค. (31 วัน)
  ✅ T1.4 วันสุดท้ายของ ก.พ. ปีปกติ
  ✅ T1.5 วันสุดท้ายของ ก.พ. ปีอธิกสุรทิน
  ✅ T1.6 เลื่อนงวดถอยหลังข้ามปี
  ✅ T1.7 เลื่อนงวดไปหน้าข้ามปี
  ✅ T1.8 งวดก่อนของช่วง 1 เดือน
  ✅ T1.9 งวดก่อนของช่วง 3 เดือน (ยาวเท่ากัน)
  ✅ T1.10 ผลต่าง + ร้อยละ
  ✅ T1.11 งวดก่อนเป็น 0 = ร้อยละหารไม่ได้ (null ไม่ใช่ Infinity)

T2 ลิงก์ drill-down:
  ✅ T2.1 ลิงก์ชี้หน้าบัญชีแยกประเภทพร้อมรหัส+ช่วงเต็มงวด
  ✅ T2.2 รหัสที่มีขีดถูก encode ปลอดภัย

T3 ชั้น ①→② งบทดลอง = บัญชีแยกประเภท:
  ✅ T3.1 งบทดลองสมดุล
  ❌ T3.2 มีแถวให้ตรวจจริง (ไม่ใช่ตารางว่าง) — 0 แถว
  ✅ T3.3 ทุกแถวของงบทดลอง (0) = ยอดในแยกประเภทของบัญชีนั้น
  ❌ T3.4-6100 แยกประเภท 6100 Dr = เฉลย SQL (41,635.51) — ได้ 0 · ควรได้ 4163551
  ✅ T3.5-6100 แยกประเภท 6100 Cr = เฉลย SQL (0.00)
  ❌ T3.6-6100 จำนวนบรรทัดที่ลิสต์ = เฉลย SQL (2) — ได้ 0 · ควรได้ 2
  ✅ T3.7-6100 ยอดยกไป = ยกมา + Dr − Cr
  ❌ T3.4-6800 แยกประเภท 6800 Dr = เฉลย SQL (32,999.91) — ได้ 0 · ควรได้ 3299991
  ✅ T3.5-6800 แยกประเภท 6800 Cr = เฉลย SQL (0.00)
  ❌ T3.6-6800 จำนวนบรรทัดที่ลิสต์ = เฉลย SQL (6) — ได้ 0 · ควรได้ 6
  ✅ T3.7-6800 ยอดยกไป = ยกมา + Dr − Cr

T4 ชั้น ②→③ แยกประเภท = ใบสำคัญ:
  ✅ T4.1-6100 ทุกใบสำคัญที่ลิสต์เปิดได้และสมดุล
  ✅ T4.2-6100 ผลรวมจากใบสำคัญ = ยอดเคลื่อนไหวในแยกประเภท
  ✅ T4.1-6800 ทุกใบสำคัญที่ลิสต์เปิดได้และสมดุล
  ✅ T4.2-6800 ผลรวมจากใบสำคัญ = ยอดเคลื่อนไหวในแยกประเภท

T5 ชั้น ③→④ ใบสำคัญ = เอกสารต้นทาง:
  ❌ T5.1 มีใบสำคัญที่ลิงก์ไปเอกสารได้ — 0 ใบ
  ✅ T5.2 ทุกลิงก์เอกสาร (0) ชี้เอกสารที่มีอยู่จริง ชนิด/เลขที่ตรง

T6 งบกำไรขาดทุน:
  ✅ T6.1 รวมรายได้ = ผลรวมแถวรายได้
  ✅ T6.2 รวมค่าใช้จ่าย = ผลรวมแถวค่าใช้จ่าย
  ✅ T6.3 กำไรขั้นต้น = รายได้ − ต้นทุนขาย
  ✅ T6.4 กำไรสุทธิ = กำไรขั้นต้น − ค่าใช้จ่าย
  ✅ T6.5 ทุกแถวของงบกำไรขาดทุน = ยอดในแยกประเภท (ปลายทาง drill-down)
  ❌ T6.6 ค่าเสื่อมราคา (6800) ปรากฏในงบกำไรขาดทุน = ยอดในเฉลย — ได้ undefined · ควรได้ 3299991

T7 งบแสดงฐานะการเงิน:
  ✅ T7.1 สมดุล (สินทรัพย์ = หนี้สิน + ทุน)
  ✅ T7.2 ทุกแถวสินทรัพย์ = ยอดยกไปในแยกประเภท (ปลายทาง drill-down)
  ❌ T7.3 สินทรัพย์ถาวร 2 บัญชี (1610 · 1630) ปรากฏในงบฐานะ — ได้ 0 · ควรได้ 2
  ✅ T7.4 ค่าเสื่อมสะสม 2 บัญชี (16x9) ปรากฏเป็นยอดติดลบในหมวดสินทรัพย์

T8 งบกระแสเงินสด:
  ✅ T8.1 เงินต้นงวด + เปลี่ยนแปลงสุทธิ = เงินปลายงวด
  ✅ T8.2 เปลี่ยนแปลงสุทธิ = ผลรวม 3 กิจกรรม
  ✅ T8.3-OPERATING ยอดสุทธิของกิจกรรม = ผลรวมบรรทัด
  ✅ T8.3-INVESTING ยอดสุทธิของกิจกรรม = ผลรวมบรรทัด
  ✅ T8.3-FINANCING ยอดสุทธิของกิจกรรม = ผลรวมบรรทัด
  ✅ T8.4 ทุกบรรทัดชี้บัญชีที่มีอยู่จริง (ลิงก์ drill-down ไม่ตาย)

T9 คอลัมน์ 'เทียบงวดก่อน':
  ✅ T9.1 ช่วงของคอลัมน์เทียบ = previousRange
  ✅ T9.2 กำไรสุทธิงวดก่อน = เรียกรายงานงวดนั้นตรง ๆ
  ✅ T9.3 รายได้งวดก่อน = เรียกรายงานงวดนั้นตรง ๆ
  ❌ T9.4 งบทดลองงวดก่อน (เรียกซ้ำ) ให้ค่าคนละชุดกับงวดนี้ — ทั้งคู่ = 0
  ❌ T9.5 งบฐานะ ณ สิ้นเดือนก่อน (เรียกซ้ำ) ให้ค่าคนละชุด — ทั้งคู่ = 0
  ✅ T9.6 งบฐานะงวดก่อนก็ยังสมดุล

T10 ไฟล์ Excel (CSV + BOM):
  ✅ T10.1 ไฟล์ขึ้นต้นด้วย BOM (U+FEFF)
  ✅ T10.2 ช่องที่มีจุลภาค/อัญประกาศถูกครอบและ escape
  ✅ T10.3 ขึ้นบรรทัดแบบ CRLF (Excel Windows)
  ✅ T10.4 ตัวเลขเป็นบาททศนิยม 2 ตำแหน่ง ไม่ใช่สตางค์ดิบ
  ✅ T10.5 ข้อความไทยไม่ถูก escape เกินจำเป็น

❌ ผ่าน 47 ข้อ · พบปัญหา 10 ข้อ
   • T3.2 มีแถวให้ตรวจจริง (ไม่ใช่ตารางว่าง) — 0 แถว
   • T3.4-6100 แยกประเภท 6100 Dr = เฉลย SQL (41,635.51) — ได้ 0 · ควรได้ 4163551
   • T3.6-6100 จำนวนบรรทัดที่ลิสต์ = เฉลย SQL (2) — ได้ 0 · ควรได้ 2
   • T3.4-6800 แยกประเภท 6800 Dr = เฉลย SQL (32,999.91) — ได้ 0 · ควรได้ 3299991
   • T3.6-6800 จำนวนบรรทัดที่ลิสต์ = เฉลย SQL (6) — ได้ 0 · ควรได้ 6
   • T5.1 มีใบสำคัญที่ลิงก์ไปเอกสารได้ — 0 ใบ
   • T6.6 ค่าเสื่อมราคา (6800) ปรากฏในงบกำไรขาดทุน = ยอดในเฉลย — ได้ undefined · ควรได้ 3299991
   • T7.3 สินทรัพย์ถาวร 2 บัญชี (1610 · 1630) ปรากฏในงบฐานะ — ได้ 0 · ควรได้ 2
   • T9.4 งบทดลองงวดก่อน (เรียกซ้ำ) ให้ค่าคนละชุดกับงวดนี้ — ทั้งคู่ = 0
   • T9.5 งบฐานะ ณ สิ้นเดือนก่อน (เรียกซ้ำ) ให้ค่าคนละชุด — ทั้งคู่ = 0
(node:982464) Warning: SECURITY WARNING: The SSL modes 'prefer', 'require', and 'verify-ca' are treated as aliases for 'verify-full'.
In the next major version (pg-connection-string v3.0.0 and pg v9.0.0), these modes will adopt standard libpq semantics, which have weaker security guarantees.

To prepare for this change:
- If you want the current behavior, explicitly use 'sslmode=verify-full'
- If you want libpq compatibility now, use 'uselibpqcompat=true&sslmode=require'

See https://www.postgresql.org/docs/current/libpq-ssl.html for libpq SSL mode definitions.
(Use `node --trace-warnings ...` to show where the warning was created)
