
===== QC WO 8.3 · สิทธิ์ผู้ใช้งาน + การเชื่อมต่อ (§9.4–§9.5) =====
🗄️  DB QC: ep-plain-art-ao3djg4u-pooler.c-2.ap-southeast-1.aws.neon.tech

M ตารางสิทธิ์ (permissions-matrix):
  ✅ M1.1 จำนวนคีย์ account.* ในทะเบียนกลาง
  ✅ M1.2 ไม่มีคีย์ไหนเป็นเจ้าของ 2 เซลล์
  ✅ M1.3 ทุกคีย์ account.* มีเซลล์เจ้าของครบ
  ✅ M1.4 ไม่มีคีย์ผีในตาราง (ทุกคีย์อยู่ในทะเบียนกลาง)
  ✅ M1.5 คีย์ที่ 'ยืม' ต้องเป็นคีย์ที่มีเจ้าของอยู่แล้ว
  ✅ M1.6 หมวด 8 · คอลัมน์ 7 (ตรงเฟรม g13)
  ✅ M1.7 ป้ายคอลัมน์ตรงเฟรม g13
  ✅ M1.8 ป้ายหมวดตรงเฟรม g13
  ✅ M2.1 ไม่ติ๊ก 'ดู' → ทั้งแถวถูกล้าง
  ✅ M2.2 ติ๊ก 'ดู' แล้วช่องอื่นอยู่ครบ
  ✅ M2.3 แถวรายจ่าย 'ยืม' ดู ของรายรับ (ติ๊กที่รายรับ แถวรายจ่ายใช้ได้)
  ✅ M2.4 ช่องที่หมวดนั้นไม่มี ถูกตัดทิ้ง (สินค้า ไม่มี 'ปิดงวด')
  ✅ M3.1 ตาราง → คีย์สิทธิ์ (พนักงานขาย)
  ✅ M3.2 คีย์สิทธิ์ → ตาราง: แถวรายจ่ายติ๊กตามเพราะยืมคีย์เดียวกัน
  ✅ M3.2b แปลงไป-กลับแล้วได้คีย์ชุดเดิมเป๊ะ (ไม่งอกไม่หาย)
  ✅ M3.3 ตาราง → คีย์สิทธิ์ (ผู้อนุมัติ)
  ✅ M3.4 บทบาทเต็ม (fullCells) ให้คีย์ครบทั้ง 36
  ✅ M3.5 ตารางว่าง = ไม่มีสิทธิ์เลย
  ✅ M3.6 สรุปภาษาไทยอ่านออก (ไม่มีโค้ดดิบ)
  ✅ M3.7 ไม่มีสิทธิ์เลย → ข้อความไทย
  ✅ M3.8 hasAnyAccountPermission: มีคีย์บัญชี = true
  ✅ M3.9 hasAnyAccountPermission: มีแต่คีย์โมดูลอื่น = false
  ✅ M3.10 wildcard account.* = มีสิทธิ์บัญชี
  ✅ M4.1 แปลงบาท → สตางค์
  ✅ M4.2 มี ฿ นำหน้าก็อ่านได้
  ✅ M4.3 ว่าง = ไม่จำกัด
  ✅ M4.4 ค่าติดลบ = ไม่ถูกต้อง
  ✅ M4.5 ตัวหนังสือ = ไม่ถูกต้อง
  ✅ M4.6 แม่แบบ 4 ชุดตาม §9.4
  ✅ M4.7 แม่แบบทุกชุดไม่มีช่องกำพร้า (ทุกช่องที่ตั้งไว้รอดผ่านกฎ 'ต้องมี ดู ก่อน')
  ✅ M4.8 แม่แบบ 'ดูอย่างเดียว' ไม่มีสิทธิ์เขียนเงินเลย

R ชุดข้อมูล QC (seed = เฉลย):
  ✅ R1.1 บทบาทระบบ 2 ตัวมาก่อนเสมอ
  ❌ R1.2 บทบาทของร้านตรงกับที่ seed ตั้ง — ได้ [] · ควรได้ [{"key":"role1","name":"พนักงานขาย","capSatang":null},{"key":"role2","name":"ผู้อนุมัติ","capSatang":5000000}]
  ❌ R1.3 พบ membership ของพนักงานขาย/ผู้อนุมัติ — 
  ❌ R1.4 สิทธิ์จริงบน Membership ของพนักงานขาย = คีย์ตามตาราง — ได้ [] · ควรได้ ["account.contact.manage","account.doc.create","account.doc.public_link","account.doc.view","account.product.manage"]
  ❌ R1.5 สิทธิ์จริงบน Membership ของผู้อนุมัติ = คีย์ตามตาราง — ได้ [] · ควรได้ ["account.approve.limit","account.doc.approve","account.doc.issue","account.doc.view","account.journal.view","account.report.view","account.tax.view"]
  ❌ R1.6 เพดานอนุมัติของผู้อนุมัติ = 50,000 บาท — ได้ undefined · ควรได้ 5000000
  ✅ R1.7 พนักงานขายไม่มีเพดาน (ไม่ได้ตั้ง)
  ✅ R1.8 ป้ายเพดานเป็นภาษาคน
  ✅ R1.9 ไม่ตั้งเพดาน = 'ไม่จำกัด'
  ❌ R2.1 ตารางผู้ใช้งานกรองเฉพาะคนที่มีสิทธิ์บัญชี — ได้ 0 คน: 
  ❌ R2.1b ผู้อัปโหลดเอกสาร (สิทธิ์คลังเอกสารอย่างเดียว) สรุปถูก — ได้ undefined · ควรได้ "คลังเอกสาร ดู"
  ❌ R2.1c ร้านมีสมาชิกมากกว่าที่ตารางแสดง (ตัวกรองทำงานจริง) — ได้ 0 · ควรได้ 6
  ✅ R2.1d พนักงานหน้าร้าน (ไม่มีสิทธิ์บัญชีเลย) ไม่โผล่ในตารางนี้
  ❌ R2.2 แถวพนักงานขาย: บทบาทบัญชี — ได้ undefined · ควรได้ "พนักงานขาย"
  ❌ R2.3 แถวพนักงานขาย: สรุปสิทธิ์เป็นภาษาไทย — 
  ❌ R2.4 แถวผู้อนุมัติ: เพดาน — ได้ undefined · ควรได้ 5000000
  ❌ R2.5 เจ้าของ: สรุป = ทำได้ทุกอย่าง · ไม่มีเพดาน — ได้ [null,null] · ควรได้ ["ทำได้ทุกอย่างในบัญชี",null]
  ❌ R3.1 การ์ดที่เชื่อมแล้วตรงกับ seed — ได้ [] · ควรได้ ["CHAT","CRM","INVENTORY","MEMBER","POS"]
  ❌ R3.2 การ์ดที่ยังไม่เชื่อม (มีระบบแต่ไม่ผูก) — ได้ [] · ควรได้ ["HR","BUSINESS"]
  ❌ R3.3 การ์ด 'จอง/ทริป' เชื่อมได้จริง (ผูกกับสาขาชนิด BOOKING) → ยังไม่เชื่อม + มีปุ่ม — {"kind":"BUSINESS","label":"จอง/ทริป","icon":"calendar","hint":"เชื่อมเพื่อรับข้อมูลการจองทริป/เรือมาลงบัญชีอัตโนมัติ","status":"no-system","statusLabel":"ยังไม่มีระบบ","linkedId":null,"linkedName":null,"toggles":[{"key":"autoCreateContact","label":"สร้างผู้ติดต่ออัตโนมัติ","on":false},{"key":"autoPost","label":"ลงบัญชีอัตโนมัติ","on":false}],"accountCodes":[],"lastPostedText":"","lastPostedAt":null,"monthCount":0}
  ❌ R3.4 ตัวเลือกที่เปิดของการ์ด POS — ได้ [] · ควรได้ ["autoCreateContact","syncProductPrices","autoPost"]
  ❌ R3.5 ตัวเลือกที่เปิดของการ์ดสมาชิก (ลงบัญชีอัตโนมัติ = ปิด) — ได้ [] · ควรได้ ["autoCreateContact"]
  ❌ R3.6 ตัวเลือกของการ์ดแชท มี inboxFromChat (7.2) — ได้ [] · ควรได้ ["autoCreateContact","inboxFromChat"]
  ❌ R3.7 บัญชีที่ใช้ของ POS = 4000 / 1100 — ได้ [] · ควรได้ ["4000","1100"]
  ❌ R3.8 การ์ด POS มีตัวเลขจริง 'ลงบัญชีล่าสุด' (seed มีบิล POS 2 ใบ) — 
  ❌ R3.9 ชิปสถานะเป็นภาษาไทย — ได้ ["ยังไม่มีระบบ"] · ควรได้ ["ยังไม่เชื่อม","เชื่อมแล้ว"]
  ✅ R3.10 การ์ด 'ยังไม่มีระบบ' (โรงแรม) มาจากรายการ CONNECTION_SOON ไม่ใช่แคตตาล็อกที่เชื่อมได้
  ❌ R4.1 มีคีย์ API 1 อันจาก seed — ได้ 0 อัน
  ❌ R4.2 มีปลายทาง webhook 1 อันจาก seed — 
  ✅ R4.3 ทะเบียน event บัญชี 4 ตัวเดิมยังอยู่ (+ ชุด C4) และทุกตัวมีป้ายไทย
  ✅ R4.4 event "account.document.approved" มี consumer ลงทะเบียน (ไม่ค้าง PENDING)
  ✅ R4.4 event "account.payment.recorded" มี consumer ลงทะเบียน (ไม่ค้าง PENDING)
  ✅ R4.4 event "account.invoice.paid" มี consumer ลงทะเบียน (ไม่ค้าง PENDING)
  ✅ R4.4 event "account.period.closed" มี consumer ลงทะเบียน (ไม่ค้าง PENDING)

── สร้างร้านทดสอบ (เขียนจริง: สิทธิ์ · เพดาน · การเชื่อมต่อ · คีย์ · ฮุค) ──

S บันทึกตารางสิทธิ์:
  ✅ S1.1 เพิ่มบทบาทใหม่ได้
  ✅ S1.2 ชื่อบทบาทซ้ำ = ปฏิเสธ
  ✅ S1.3 ชื่อบทบาทว่าง = ปฏิเสธ
  ✅ S1.4 บทบาทระบบ (OWNER) แก้ไม่ได้
  ✅ S2.1 บันทึกตารางบทบาทได้
  ✅ S2.2 กำหนดบทบาทให้พนักงานได้
  ✅ S2.3 Membership.permissions ได้คีย์ตามตารางจริง
  ✅ S2.4 สิทธิ์โมดูลอื่นไม่หาย (pos.sale.void ยังอยู่)
  ✅ S2.5 เพดานของบทบาทถูกเขียนลง Membership
  ✅ S2.6 กำหนดบทบาทบัญชีให้ OWNER ไม่ได้ (มีสิทธิ์ทุกอย่างอยู่แล้ว)
  ✅ S2.7 บทบาทที่ไม่มีจริง = ปฏิเสธ
  ✅ S3.1 แก้ตารางบทบาท → สิทธิ์ของทุกคนในบทบาทนั้นเปลี่ยนตามทันที
  ✅ S3.2 ตั้งเพดานรายคนได้
  ✅ S3.3 เพดานติดลบ = ปฏิเสธ
  ✅ S3.4 ล้างเพดาน (ไม่จำกัด) ได้
  ✅ S3.5 ล้างเพดานแล้วคีย์หายจริง
  ✅ S4.1 buildPermissionMap เก็บคีย์โมดูลอื่น + แทนคีย์บัญชีทั้งชุด
  ✅ S4.2 buildPermissionMap ใส่เพดานเมื่อมีค่า
  ✅ S4.3 เพดาน null = ไม่เขียนคีย์
  ✅ S4.4 wildcard account.* ถูกแทนที่ด้วยชุดใหม่ (ไม่ค้างสิทธิ์เหมาเข่ง)

P บังคับใช้สิทธิ์ 'รับ/จ่ายเงิน':
  ✅ P1.1 ปิดช่อง 'รับ/จ่ายเงิน' → คีย์หายจาก Membership
  ✅ P1.2 ธงบนหน้าเอกสาร (accountCan) = false ⇒ ปุ่ม 'รับชำระ' หาย
  ✅ P1.3 ยังดูเอกสารได้ตามเดิม
  ✅ P1.4 evaluate() ปฏิเสธ action รับชำระ (= ที่ assertAccountCan ใช้ตัดสิน → 403)
  ✅ P1.5 เปิดช่องกลับ → ทำได้อีกครั้ง (ปุ่มกลับมา)
  ✅ P1.6 คนที่ไม่มีสิทธิ์ 'ตั้งค่า' เข้าหน้าตั้งค่าสิทธิ์ไม่ได้

C เพดานอนุมัติ (PO 60,000 · เพดาน 50,000):
  ✅ C1.1 เพดาน 50,000 อนุมัติ PO 60,000 ไม่ได้
  ✅ C1.2 ข้อความไทยบอกทั้งยอดและเพดาน
  ✅ C1.3 ไม่มีสายอนุมัติในร้าน → ยังไม่มีคำขอ (แต่ยังปฏิเสธการกด)
  ✅ C2.1 เกินเพดาน → ยังปฏิเสธการกดของคนนี้
  ✅ C2.2 แต่ถูกส่งเข้าสายอนุมัติแล้ว (routed)
  ✅ C2.3 มีคำขออนุมัติค้างให้คนอื่นกด
  ✅ C2.4 ยอดในคำขอ = ยอดเอกสาร
  ✅ C2.5 เอกสารยังเป็น 'รออนุมัติ' (ไม่ถูกดันสถานะเอง)
  ✅ C3.1 เพดาน 100,000 อนุมัติ PO 60,000 ได้
  ✅ C3.2 อนุมัติจริงผ่าน (สถานะเปลี่ยน)
  ✅ C3.3 เอกสารเป็น APPROVED
  ✅ C4.1 อนุมัติเอกสารที่ตัวเองสร้างและเกินเพดาน = ไม่ได้
  ✅ C4.2 ข้อความบอกชัดว่าเป็นเอกสารของตัวเอง
  ✅ C4.3 ยอดไม่เกินเพดาน อนุมัติได้ตามปกติ (แม้เป็นเอกสารตัวเอง)
  ✅ C4.4 ไม่ตั้งเพดาน = ไม่จำกัด (พฤติกรรมเดิมของ OWNER/MANAGER)
  ✅ C4.5 ชนิดเอกสารที่มีเพดาน (§9.4 ฝั่งซื้อ)
  ✅ C4.6 PO อยู่ในชนิดที่มีเพดาน
  ✅ C4.7 ใบแจ้งหนี้ไม่อยู่ในชนิดที่มีเพดาน
  ✅ C5.1 ผู้มีอำนาจสูงกว่าอนุมัติผ่านสาย → เอกสารเป็น APPROVED เอง
  ✅ C5.2 ยิงซ้ำ (replay) ไม่เปลี่ยนอะไร
  ✅ C5.3 ปฏิเสธผ่านสาย → เอกสารเป็น REJECTED

L การเชื่อมต่อระบบ (§9.5):
  ✅ L1.1 เชื่อม POS ได้
  ✅ L1.2 ไม่มีระบบให้เชื่อม = ปฏิเสธพร้อมเหตุผลไทย
  ✅ L1.3 ตั้งตัวเลือกได้
  ✅ L1.4 ตัวเลือกถูกเก็บจริงใน config
  ✅ L1.5 แถวใหม่ enabled = true
  ✅ L1.6 ยังไม่เชื่อมแล้วตั้งตัวเลือก = ปฏิเสธ
  ✅ L2.1 เชื่อมอยู่ → บิล POS ลงบัญชีให้
  ✅ L2.2 ตัดการเชื่อมได้
  ✅ L2.3 ตัดแล้วแถวยังอยู่ (ไม่ลบ) แต่ enabled=false
  ✅ L2.4 ตัวเลือกเดิมยังอยู่ครบ
  ✅ L2.5 🔴 ตัดการเชื่อมแล้ว POS หยุดลงบัญชีทันที (ไม่เชื่อม = ไม่ลงบัญชีให้)
  ✅ L2.6 เชื่อมกลับได้
  ✅ L2.7 เชื่อมกลับแล้วตัวเลือกเดิมยังอยู่ (ไม่ต้องตั้งใหม่)
  ✅ L3.1 เชื่อม kind ใหม่ MEMBER ได้ (enum เพิ่มจริง)
  ✅ L3.1 เชื่อม kind ใหม่ INVENTORY ได้ (enum เพิ่มจริง)
  ✅ L3.1 เชื่อม kind ใหม่ CHAT ได้ (enum เพิ่มจริง)
  ✅ L3.1 เชื่อม kind ใหม่ HR ได้ (enum เพิ่มจริง)
  ✅ L4.1 สวิตช์ 'รับบิลจากแชท' เขียนลง config ที่ consumer 7.2 อ่าน
  ✅ L4.2 ตัดการเชื่อมแชท → consumer หาไม่เจอ (หยุดดูดบิล)
  ✅ L5.1 การ์ดครบ 7 ใบตามแคตตาล็อก
  ✅ L5.2 การ์ด POS = เชื่อมแล้ว
  ✅ L5.3 การ์ดที่ยังไม่มีรายการ = ข้อความว่าง (ไม่แต่งตัวเลข)

A คีย์ API:
  ✅ A1.1 คีย์ดิบขึ้นต้น shark_ และยาวพอ
  ✅ A1.2 DB เก็บเฉพาะ hash ไม่เก็บคีย์ดิบ
  ✅ A1.3 prefix ตรงกับ 12 ตัวแรกของคีย์
  ✅ A1.4 คีย์ใหม่ใช้ได้ (ชี้ร้านถูก)
  ✅ A1.5 เพิกถอนแล้วใช้ไม่ได้อีก
  ✅ A1.6 คีย์มั่ว = ใช้ไม่ได้

W webhook เหตุการณ์บัญชี:
  ✅ W1.1 ยิงไป 1 ปลายทางที่สมัครไว้
  ✅ W1.2 payload มีเลขเอกสารจริง
  ✅ W1.3 มีแถวประวัติการส่ง สถานะสำเร็จ
  ✅ W1.4 ชนิด event ที่บันทึกไว้ถูกต้อง
  ✅ W1.5 ปลายทางที่ไม่ได้สมัคร event นี้ ไม่ถูกยิง
  ✅ W2.1 emitAccountEvent เขียน outbox จริง
  ✅ W2.2 emit ซ้ำ key เดิม ไม่เพิ่มแถว (idempotent)

G ด่านสิทธิ์ + แยกร้าน:
  ✅ G1.1 หน้าสิทธิ์ผู้ใช้งานลงทะเบียนด่านแล้ว
  ✅ G1.2 หน้าการเชื่อมต่อลงทะเบียนด่านแล้ว
  ✅ G1.3 STAFF ที่ไม่มีสิทธิ์ตั้งค่า เข้า 2 หน้านี้ไม่ได้
  ✅ G1.4 ต้องมี settings.staff.write ถึงจะแจกสิทธิ์ให้คนอื่นได้ (ด่านชั้น 2 ของ staff/service)
  ✅ G1.5 คนที่ไม่มีสิทธิ์จัดการผู้ใช้ ตั้งบทบาทให้คนอื่นไม่ได้
  ✅ G1.6 แก้สิทธิ์ตัวเองไม่ได้ (ยกเว้นเจ้าของ)
  ✅ G1.7 คีย์ที่ทะเบียนกลางไม่รู้จัก เขียนลง Membership ไม่ได้
  ✅ G1.8 ทุกคีย์ในตารางผ่าน isPermissionKey ของทะเบียนกลาง
  ✅ G2.1 บทบาทของร้านทดสอบไม่ปนกับร้าน QC
  ✅ G2.2 ตารางผู้ใช้งานเห็นเฉพาะคนในร้านตัวเอง
  ✅ G2.3 อ่าน link ข้ามร้านไม่ได้ (tenantDb กรองให้)
  ✅ G2.4 ตั้งเพดานให้คนของร้านอื่นไม่ได้
  ✅ G2.5 ยืนยันว่าข้อมูลร้าน QC ไม่ถูกแตะ

❌ ผ่าน 137 ข้อ · พบปัญหา 23 ข้อ
   • R1.2 บทบาทของร้านตรงกับที่ seed ตั้ง — ได้ [] · ควรได้ [{"key":"role1","name":"พนักงานขาย","capSatang":null},{"key":"role2","name":"ผู้อนุมัติ","capSatang":5000000}]
   • R1.3 พบ membership ของพนักงานขาย/ผู้อนุมัติ — 
   • R1.4 สิทธิ์จริงบน Membership ของพนักงานขาย = คีย์ตามตาราง — ได้ [] · ควรได้ ["account.contact.manage","account.doc.create","account.doc.public_link","account.doc.view","account.product.manage"]
   • R1.5 สิทธิ์จริงบน Membership ของผู้อนุมัติ = คีย์ตามตาราง — ได้ [] · ควรได้ ["account.approve.limit","account.doc.approve","account.doc.issue","account.doc.view","account.journal.view","account.report.view","account.tax.view"]
   • R1.6 เพดานอนุมัติของผู้อนุมัติ = 50,000 บาท — ได้ undefined · ควรได้ 5000000
   • R2.1 ตารางผู้ใช้งานกรองเฉพาะคนที่มีสิทธิ์บัญชี — ได้ 0 คน: 
   • R2.1b ผู้อัปโหลดเอกสาร (สิทธิ์คลังเอกสารอย่างเดียว) สรุปถูก — ได้ undefined · ควรได้ "คลังเอกสาร ดู"
   • R2.1c ร้านมีสมาชิกมากกว่าที่ตารางแสดง (ตัวกรองทำงานจริง) — ได้ 0 · ควรได้ 6
   • R2.2 แถวพนักงานขาย: บทบาทบัญชี — ได้ undefined · ควรได้ "พนักงานขาย"
   • R2.3 แถวพนักงานขาย: สรุปสิทธิ์เป็นภาษาไทย — 
   • R2.4 แถวผู้อนุมัติ: เพดาน — ได้ undefined · ควรได้ 5000000
   • R2.5 เจ้าของ: สรุป = ทำได้ทุกอย่าง · ไม่มีเพดาน — ได้ [null,null] · ควรได้ ["ทำได้ทุกอย่างในบัญชี",null]
   • R3.1 การ์ดที่เชื่อมแล้วตรงกับ seed — ได้ [] · ควรได้ ["CHAT","CRM","INVENTORY","MEMBER","POS"]
   • R3.2 การ์ดที่ยังไม่เชื่อม (มีระบบแต่ไม่ผูก) — ได้ [] · ควรได้ ["HR","BUSINESS"]
   • R3.3 การ์ด 'จอง/ทริป' เชื่อมได้จริง (ผูกกับสาขาชนิด BOOKING) → ยังไม่เชื่อม + มีปุ่ม — {"kind":"BUSINESS","label":"จอง/ทริป","icon":"calendar","hint":"เชื่อมเพื่อรับข้อมูลการจองทริป/เรือมาลงบัญชีอัตโนมัติ","status":"no-system","statusLabel":"ยังไม่มีระบบ","linkedId":null,"linkedName":null,"toggles":[{"key":"autoCreateContact","label":"สร้างผู้ติดต่ออัตโนมัติ","on":false},{"key":"autoPost","label":"ลงบัญชีอัตโนมัติ","on":false}],"accountCodes":[],"lastPostedText":"","lastPostedAt":null,"monthCount":0}
   • R3.4 ตัวเลือกที่เปิดของการ์ด POS — ได้ [] · ควรได้ ["autoCreateContact","syncProductPrices","autoPost"]
   • R3.5 ตัวเลือกที่เปิดของการ์ดสมาชิก (ลงบัญชีอัตโนมัติ = ปิด) — ได้ [] · ควรได้ ["autoCreateContact"]
   • R3.6 ตัวเลือกของการ์ดแชท มี inboxFromChat (7.2) — ได้ [] · ควรได้ ["autoCreateContact","inboxFromChat"]
   • R3.7 บัญชีที่ใช้ของ POS = 4000 / 1100 — ได้ [] · ควรได้ ["4000","1100"]
   • R3.8 การ์ด POS มีตัวเลขจริง 'ลงบัญชีล่าสุด' (seed มีบิล POS 2 ใบ) — 
   • R3.9 ชิปสถานะเป็นภาษาไทย — ได้ ["ยังไม่มีระบบ"] · ควรได้ ["ยังไม่เชื่อม","เชื่อมแล้ว"]
   • R4.1 มีคีย์ API 1 อันจาก seed — ได้ 0 อัน
   • R4.2 มีปลายทาง webhook 1 อันจาก seed — 
(node:981209) Warning: SECURITY WARNING: The SSL modes 'prefer', 'require', and 'verify-ca' are treated as aliases for 'verify-full'.
In the next major version (pg-connection-string v3.0.0 and pg v9.0.0), these modes will adopt standard libpq semantics, which have weaker security guarantees.

To prepare for this change:
- If you want the current behavior, explicitly use 'sslmode=verify-full'
- If you want libpq compatibility now, use 'uselibpqcompat=true&sslmode=require'

See https://www.postgresql.org/docs/current/libpq-ssl.html for libpq SSL mode definitions.
(Use `node --trace-warnings ...` to show where the warning was created)
