
===== QC WO 4.1 · InvItem canonical (สินค้าบัญชี ↔ คลังสินค้า) =====
[env] DB ep-plain-art-ao3djg4u-pooler.c-2.ap-southeast-1.aws.neon.tech

IV1 ชุดข้อมูล QC: สินค้าที่ผูกคลังไว้แล้ว (อ่านอย่างเดียว)
  ❌ IV1.1 จำนวนสินค้ายังเท่าเดิม (ไม่เพิ่มรายการใหม่) — ได้ 0 · ควรได้ 13
  ❌ IV1.2 สินค้าที่ผูกคลัง = 2 — ได้ 0 · ควรได้ 2
  ❌ IV1.3 MASK-01: สินค้าบัญชีชี้ไป item — ได้ undefined
  ✅ IV1.4 MASK-01: item ชี้กลับมาที่สินค้าบัญชี (ผูกสองทาง)
  ✅ IV1.5 MASK-01: sku ตรงกันสองฝั่ง
  ❌ IV1.6 MASK-01: ราคาซื้อ = ต้นทุนในคลัง — ได้ undefined · ควรได้ 175000
  ❌ IV1.7 MASK-01: คงเหลือมาจาก InvItem.onHand — ได้ undefined · ควรได้ 22
  ❌ IV1.8 MASK-01: กระจก qtyOnHand ตรงกับคลัง — ได้ null · ควรได้ 22
  ❌ IV1.3 TANK-12: สินค้าบัญชีชี้ไป item — ได้ undefined
  ✅ IV1.4 TANK-12: item ชี้กลับมาที่สินค้าบัญชี (ผูกสองทาง)
  ✅ IV1.5 TANK-12: sku ตรงกันสองฝั่ง
  ❌ IV1.6 TANK-12: ราคาซื้อ = ต้นทุนในคลัง — ได้ undefined · ควรได้ 520000
  ❌ IV1.7 TANK-12: คงเหลือมาจาก InvItem.onHand — ได้ undefined · ควรได้ 8
  ❌ IV1.8 TANK-12: กระจก qtyOnHand ตรงกับคลัง — ได้ null · ควรได้ 8
  ❌ IV1.9 สินค้าที่ไม่ผูกคลัง = 10 (ใช้ qtyOnHand ของตัวเอง) — ได้ 0 · ควรได้ 11
  ✅ IV1.10 สินค้าไม่ผูกคลัง: productStockMap = qtyOnHand เดิม

IV2 ติ๊ก “ติดตามสต็อกในคลังสินค้า” → InvItem เกิดจริง
  ✅ IV2.1 ผูกสำเร็จ (สร้าง item ใหม่ในคลัง)
  ✅ IV2.2 item ใหม่: sku ยกมาจากสินค้าบัญชี
  ✅ IV2.3 item ใหม่: ชื่อยกมา
  ✅ IV2.4 item ใหม่: หน่วยยกมาจาก AccountUnit
  ✅ IV2.5 item ใหม่: ต้นทุน = ราคาซื้อของสินค้าบัญชี
  ✅ IV2.6 item ใหม่: จุดสั่งซื้อถูกตั้ง
  ✅ IV2.7 item ใหม่: onHand เริ่มที่ 0 (ของเข้าจริงต้องผ่าน movement)
  ✅ IV2.8 item ชี้กลับมาที่สินค้าบัญชี
  ✅ IV2.9 สินค้าบัญชีชี้ไปที่ item
  ✅ IV2.10 ผูกซ้ำถูกปฏิเสธเป็นภาษาไทย
  ✅ IV2.11 ผูกซ้ำไม่สร้าง item เพิ่ม

IV3 แก้ที่คลัง → สินค้าบัญชีตามทัน (คลังเป็นต้นฉบับของ ชื่อ/sku/หน่วย/ต้นทุน)
  ✅ IV3.1 ชื่อไหลจากคลังมาที่สินค้าบัญชี
  ✅ IV3.2 หน่วยใหม่ถูกสร้าง/ผูกในระบบบัญชี
  ✅ IV3.3 ต้นทุนถัวเฉลี่ยใหม่ไหลไปเป็น “ราคาซื้อ” ของสินค้าบัญชี
  ✅ IV3.4 กระจก qtyOnHand ตามคลัง (20)
  ✅ IV3.5 คงเหลือที่อ่านผ่าน facade = 20

IV4 แก้ที่บัญชี → คลังตามทันเฉพาะ ชื่อ/sku/หน่วย (ราคา/VAT ไม่ไหลไปคลัง)
  ✅ IV4.0 แก้สินค้าบัญชีสำเร็จ
  ✅ IV4.1 ชื่อไหลไปที่คลัง
  ✅ IV4.2 sku ไหลไปที่คลัง
  ✅ IV4.3 หน่วยไหลไปที่คลัง
  ✅ IV4.4 ราคาขายของบัญชีไม่ไปทับราคาในคลัง
  ✅ IV4.5 ต้นทุนในคลังไม่ถูกบัญชีเขียนทับ

IV5 อนุมัติใบเบิก 3 → คลังลด 3
  ✅ IV5.1 สร้างใบเบิกสำเร็จ
  ✅ IV5.2 InvItem.onHand ลด 3 (20 → 17)
  ✅ IV5.3 มี movement 1 แถว key = acc-issue-<lineId>
  ✅ IV5.4 movement เป็นขาออก −3
  ✅ IV5.5 movement อ้างกลับไปที่เอกสารบัญชี
  ✅ IV5.6 movement ระบุที่มาว่าเป็นระบบบัญชี
  ✅ IV5.7 กระจก qtyOnHand = 17 (ไม่ใช่แหล่งความจริง แต่ต้องไม่โกหก)
  ✅ IV5.8 คงเหลือที่หน้าจออ่าน = 17

IV6 ยิงซ้ำด้วย idempotencyKey เดิม → ไม่ตัดเบิ้ล
  ✅ IV6.1 ยังมี movement แค่แถวเดียว
  ✅ IV6.2 onHand ไม่ขยับ (ยัง 17)

IV7 ใบส่งคืนเบิก 1 → คลังเพิ่ม 1 · ต้นทุนถัวเฉลี่ยไม่ขยับ
  ✅ IV7.1 สร้างใบส่งคืนสำเร็จ
  ✅ IV7.2 onHand เพิ่ม 1 (17 → 18)
  ✅ IV7.3 ต้นทุนถัวเฉลี่ยไม่ขยับจากการคืนเบิก
  ✅ IV7.4 มี movement 1 แถว key = acc-return-<lineId>
  ✅ IV7.5 movement เป็นขาเข้า +1
  ✅ IV7.6 คืนเกินจำนวนที่เบิกยังถูกปฏิเสธเหมือนเดิม

IV8 เบิกเกินของที่มีในคลัง → ปฏิเสธ ไม่มีเอกสาร
  ✅ IV8.1 ถูกปฏิเสธ
  ✅ IV8.2 ข้อความเป็นภาษาไทยและบอกว่าสต็อกไม่พอ
  ✅ IV8.3 ไม่มีเอกสารเพิ่ม
  ✅ IV8.4 onHand ไม่ขยับ

IV9 injected failure: ลิงก์ชี้ไป item ที่ไม่มีแล้ว → ไม่มีเอกสารค้าง (ธุรกรรมย้อนครบ)
  ✅ IV9.1 ถูกปฏิเสธ ไม่ throw ออกมาที่หน้าเว็บ
  ✅ IV9.2 ข้อความเป็นภาษาไทย
  ✅ IV9.3 ไม่มีเอกสารค้าง (rollback ครบ)
  ✅ IV9.4 เลขรันเอกสารไม่ถูกกินทิ้ง
  ✅ IV9.5 ไม่มี movement ค้างในคลัง

IV10 เลิกติดตามสต็อกในคลัง → ถอยไปใช้ qtyOnHand ของบัญชีเอง
  ✅ IV10.1 เลิกผูกสำเร็จ
  ✅ IV10.2 สินค้าบัญชีไม่ชี้ item แล้ว
  ✅ IV10.3 qtyOnHand ถูกแช่แข็งไว้ที่ยอดล่าสุดของคลัง (18)
  ✅ IV10.4 item ไม่ชี้กลับมาแล้ว
  ✅ IV10.5 คงเหลือที่อ่านได้ = qtyOnHand (18)
  ✅ IV10.6 เบิกหลังเลิกผูกสำเร็จ
  ✅ IV10.7 qtyOnHand ลดเอง (18 → 16)
  ✅ IV10.8 คลังไม่ถูกแตะแล้ว (onHand ยัง 18)

IV11 สินค้าที่ไม่เคยผูกคลัง — พฤติกรรมเดิมเป๊ะ
  ✅ IV11.1 เบิกสำเร็จ
  ✅ IV11.2 qtyOnHand ลด 3 (10 → 7)
  ✅ IV11.3 ไม่มี movement ในคลังเพิ่ม
  ✅ IV11.4 กันสต็อกติดลบเหมือนเดิม

IV12 tenant isolation
  ✅ IV12.1 ผูกกับ item ของอีกร้านถูกปฏิเสธ
  ✅ IV12.2 ข้อความเป็นภาษาไทย
  ✅ IV12.3 item ของอีกร้านไม่ถูกแตะ
  ✅ IV12.4 สินค้าบัญชีไม่ถูกผูก
  ✅ IV12.5 sync ข้ามร้านมองไม่เห็น item

IV13 degrade อย่างสุภาพ (§F.15 “ไม่เชื่อม = ไม่ post”)
  ✅ IV13.1 item ที่ไม่ผูก → unlinked (ไม่ throw)
  ✅ IV13.2 item ไม่มีจริง → item-not-found
  ✅ IV13.3 สินค้าบัญชีที่ไม่ผูก → unlinked
  ✅ IV13.4 ร้านที่ยังไม่เปิดระบบบัญชี → no-account-system (ไม่ throw)
  ✅ IV13.5 ร้านที่ยังไม่เปิดระบบคลัง: บอกเหตุผลเป็นภาษาไทย ไม่ throw
  ✅ IV13.6 สินค้าที่ไม่ผูกคลัง ในร้านที่ไม่มีระบบคลัง — ยังเบิกได้ปกติ

IV14 บริการไม่ติดตามสต็อก
  ✅ IV14.1 สินค้าชนิด “บริการ” ผูกคลังไม่ได้
  ✅ IV14.2 ผูกกับ item ชนิดบริการไม่ได้

🧹 ลบร้านทดสอบ 4 ร้าน

===== QC WO 4.1 · InvItem canonical สรุป =====
ผ่าน 77 · ตก 11
  - IV1.1 จำนวนสินค้ายังเท่าเดิม (ไม่เพิ่มรายการใหม่) — ได้ 0 · ควรได้ 13
  - IV1.2 สินค้าที่ผูกคลัง = 2 — ได้ 0 · ควรได้ 2
  - IV1.3 MASK-01: สินค้าบัญชีชี้ไป item — ได้ undefined
  - IV1.6 MASK-01: ราคาซื้อ = ต้นทุนในคลัง — ได้ undefined · ควรได้ 175000
  - IV1.7 MASK-01: คงเหลือมาจาก InvItem.onHand — ได้ undefined · ควรได้ 22
  - IV1.8 MASK-01: กระจก qtyOnHand ตรงกับคลัง — ได้ null · ควรได้ 22
  - IV1.3 TANK-12: สินค้าบัญชีชี้ไป item — ได้ undefined
  - IV1.6 TANK-12: ราคาซื้อ = ต้นทุนในคลัง — ได้ undefined · ควรได้ 520000
  - IV1.7 TANK-12: คงเหลือมาจาก InvItem.onHand — ได้ undefined · ควรได้ 8
  - IV1.8 TANK-12: กระจก qtyOnHand ตรงกับคลัง — ได้ null · ควรได้ 8
  - IV1.9 สินค้าที่ไม่ผูกคลัง = 10 (ใช้ qtyOnHand ของตัวเอง) — ได้ 0 · ควรได้ 11
JSON_SUMMARY {"total":88,"passed":77,"findings":["IV1.1 จำนวนสินค้ายังเท่าเดิม (ไม่เพิ่มรายการใหม่) — ได้ 0 · ควรได้ 13","IV1.2 สินค้าที่ผูกคลัง = 2 — ได้ 0 · ควรได้ 2","IV1.3 MASK-01: สินค้าบัญชีชี้ไป item — ได้ undefined","IV1.6 MASK-01: ราคาซื้อ = ต้นทุนในคลัง — ได้ undefined · ควรได้ 175000","IV1.7 MASK-01: คงเหลือมาจาก InvItem.onHand — ได้ undefined · ควรได้ 22","IV1.8 MASK-01: กระจก qtyOnHand ตรงกับคลัง — ได้ null · ควรได้ 22","IV1.3 TANK-12: สินค้าบัญชีชี้ไป item — ได้ undefined","IV1.6 TANK-12: ราคาซื้อ = ต้นทุนในคลัง — ได้ undefined · ควรได้ 520000","IV1.7 TANK-12: คงเหลือมาจาก InvItem.onHand — ได้ undefined · ควรได้ 8","IV1.8 TANK-12: กระจก qtyOnHand ตรงกับคลัง — ได้ null · ควรได้ 8","IV1.9 สินค้าที่ไม่ผูกคลัง = 10 (ใช้ qtyOnHand ของตัวเอง) — ได้ 0 · ควรได้ 11"]}
(node:977419) Warning: SECURITY WARNING: The SSL modes 'prefer', 'require', and 'verify-ca' are treated as aliases for 'verify-full'.
In the next major version (pg-connection-string v3.0.0 and pg v9.0.0), these modes will adopt standard libpq semantics, which have weaker security guarantees.

To prepare for this change:
- If you want the current behavior, explicitly use 'sslmode=verify-full'
- If you want libpq compatibility now, use 'uselibpqcompat=true&sslmode=require'

See https://www.postgresql.org/docs/current/libpq-ssl.html for libpq SSL mode definitions.
(Use `node --trace-warnings ...` to show where the warning was created)
