
===== QC WO 7.2 · กล่องขาเข้า + AI อ่านบิล =====
[env] DB ep-plain-art-ao3djg4u-pooler.c-2.ap-southeast-1.aws.neon.tech

T1 กล่องขาเข้าในชุดข้อมูล QC:
  ❌ T1.1 แท็บ 'ยังไม่เชื่อมต่อ' = เฉลย — ได้ 0 · ควรได้ 3
  ❌ T1.2 พบทั้ง 3 ไฟล์ (อ่านได้/ยังไม่อ่าน/อ่านไม่ได้) — 
  ❌ T1.3 สถานะ AI ของ 3 ไฟล์ — ได้ [null,null,null] · ควรได้ ["DONE",null,"UNSUPPORTED"]
  ❌ T1.4 ที่มาของ 3 ไฟล์ — ได้ [null,null,null] · ควรได้ ["CHAT","APP","UPLOAD"]
  ❌ T1.5 ผู้ส่งของไฟล์ที่มาจากแชท — ได้ undefined · ควรได้ "เพชร (สาขาภูเก็ต)"
  ❌ T1.6 ไฟล์ที่อ่านไม่ได้มีเหตุผลภาษาไทย — ได้ undefined
  ✅ T1.7 ไฟล์ที่ยังไม่อ่าน ไม่มีผลอ่าน

T2 ผลอ่านบิล ปตท. (เฉลย g15):
  ❌ T2.1 มีผลอ่านบนแถว DONE — 
  ❌ T2.2 ผู้ขาย — ได้ undefined · ควรได้ "ปตท. สถานีบริการฉลอง"
  ❌ T2.3 ยอดรวม (สตางค์) — ได้ undefined · ควรได้ 124000
  ❌ T2.4 VAT (สตางค์) — ได้ undefined · ควรได้ 8112
  ❌ T2.5 ยอดก่อน VAT (สตางค์) — ได้ undefined · ควรได้ 115888
  ❌ T2.6 เลขที่ใบกำกับ — ได้ undefined · ควรได้ "6609-00231"
  ❌ T2.7 วันที่บนบิล — ได้ undefined · ควรได้ "2026-08-22"
  ❌ T2.8 ชนิดเอกสาร — ได้ undefined · ควรได้ "TAX_INVOICE"
  ❌ T2.9 เลขผู้เสียภาษี 13 หลัก — ได้ undefined · ควรได้ "0107544000094"
  ❌ T2.10 เลขคณิตลงตัว (ก่อน VAT + VAT = ยอดรวม) — 
  ❌ T2.11 ทุกยอดเป็นจำนวนเต็มสตางค์ — 
  ❌ T2.12 ความมั่นใจอยู่ใน 0–1 — 
  ❌ T2.13 ยอดรวมใน DB ดิบ = เฉลย — ได้ undefined · ควรได้ 124000
  ❌ T2.14 เก็บชื่อโมเดลที่อ่าน — 

T3 ตัวกรองของกล่องขาเข้า:
  ❌ T3.1 กรองที่มา = แชท เหลือ 1 แถว — ได้ [] · ควรได้ ["cmungliix09t656kzkeqrmxjm"]
  ❌ T3.2 กรองที่มา = แอปถ่ายบิล เหลือ 1 แถว — ได้ [] · ควรได้ ["cmunglinu09t856kzobz7424x"]
  ✅ T3.3 กรองที่มา = อีเมล ยังไม่มีไฟล์
  ❌ T3.4 ค้นหาชื่อไฟล์ 'ปตท' — ได้ [] · ควรได้ ["cmungliix09t656kzkeqrmxjm"]
  ✅ T3.5 ที่อยู่อีเมลกล่องขาเข้า = เฉลย

T4 ตัวเลขแผงขวา (g15):
  ❌ T4.1 ไฟล์ที่ยังไม่ได้ให้ AI อ่าน — ได้ 0 · ควรได้ 1
  ✅ T4.2 เอกสารที่สร้างจากกล่องขาเข้าเดือนนี้
  ✅ T4.3 เทียบกับ SQL อิสระ

T5 ด่านตรวจผลอ่าน (normalizeExtract):
  ✅ T5.1 แปลง JSON ปกติได้ครบ
  ✅ T5.2 ปี พ.ศ. 2569 → ค.ศ. 2026
  ✅ T5.3 มีแต่ยอดรวม → ถอด VAT ให้เอง
  ✅ T5.4 เลขคณิตไม่ลงตัว → ลดความมั่นใจ
  ✅ T5.5 เลขคณิตไม่ลงตัว → มีหมายเหตุเตือน
  ✅ T5.6 ค่าที่ไม่ใช่ integer ถูกปัดเป็นสตางค์เต็ม
  ✅ T5.7 เลขภาษีไม่ครบ 13 หลัก = ทิ้ง
  ✅ T5.8 ขยะ = null (ไม่มีทั้งชื่อผู้ขายและยอด)
  ✅ T5.9 อ่าน JSON ที่ห่อด้วย ``` ได้
  ✅ T5.10 ข้อความที่ไม่มี JSON = null
  ✅ T5.11 prompt ที่ส่งโมเดลเป็นภาษาอังกฤษเกือบทั้งหมด (ประหยัด token)
  ✅ T5.12 คำอธิบายบนจอเป็นภาษาไทย (ไม่ใช่ enum ดิบ)

── สร้างร้านทดสอบ ──

T6 อ่านบิลด้วย AI (provider ปลอม):
  ✅ T6.1 สถานะ = DONE
  ✅ T6.2 ค่าที่อ่านได้ = เฉลย ปตท.
  ✅ T6.3 เรียกโมเดล 1 ครั้ง
  ✅ T6.4 ส่ง URL รูปเข้าโมเดลจริง (vision)
  ✅ T6.5 เก็บสถานะ/โมเดลลง DB
  ✅ T6.6 เก็บเวลาที่อ่าน
  ✅ T6.7 เก็บค่าใช้จ่ายเป็นสตางค์จำนวนเต็ม > 0
  ✅ T6.8 ยอดใน DB = ยอดบิล

T7 หักเครดิต + T8 อ่านซ้ำ:
  ✅ T7.1 หักเครดิต 1 รายการต่อการอ่าน 1 ครั้ง
  ✅ T7.2 รายการหักเงินติดป้ายต้นทาง ACCOUNT_INBOX + ยอดติดลบ
  ✅ T8.1 อ่านซ้ำ = คืนของเดิม (cached)
  ✅ T8.2 ไม่เรียกโมเดลซ้ำ
  ✅ T8.3 ไม่หักเงินซ้ำ
  ✅ T8.4 force = อ่านใหม่จริง
  ✅ T8.5 force = หักเงินเพิ่ม 1 รายการ

T9 โมเดลตอบไม่เป็น JSON → ขอซ่อม 1 ครั้ง:
  ✅ T9.1 สุดท้ายอ่านได้ (DONE)
  ✅ T9.2 เรียกโมเดล 2 ครั้ง (ต้นฉบับ + ซ่อม)
  ✅ T9.3 แต่หักเงินครั้งเดียว

T10 อ่านไม่ออก / PDF:
  ✅ T10.1 สถานะ = FAILED (ไม่ throw)
  ✅ T10.2 เหตุผลเป็นภาษาไทย บอกทางออก
  ✅ T10.3 ยังหักเงินตามจริง (โมเดลตอบแล้ว)
  ✅ T10.4 PDF = UNSUPPORTED
  ✅ T10.5 ไม่แตะ provider เลย
  ✅ T10.6 ไม่หักเงิน
  ✅ T10.7 เหตุผลบอกว่ายังอ่าน PDF ไม่ได้

T11 ปิดผู้ช่วย AI / เครดิตหมด:
  ✅ T11.1 ไม่มี provider = SKIPPED (ไม่ throw)
  ✅ T11.2 บอกเหตุเป็นภาษาคน
  ✅ T11.3 ไม่ไปแตะสถานะของไฟล์
  ✅ T11.4 เครดิตหมด = SKIPPED
  ✅ T11.5 บอกให้เติมเครดิต
  ✅ T11.6 ไม่เรียกโมเดล/ไม่หักเงิน

T12 อ่านด้วย AI ทั้งหมด (readPendingInbox):
  ✅ T12.1 อ่านไฟล์ที่ยังไม่เคยอ่านได้ทั้งชุด
  ✅ T12.2 ไม่อ่านซ้ำไฟล์ที่อ่านไปแล้ว
  ✅ T12.3 เพดานต่อครั้ง = 10 ใบ
  ✅ T12.4 ทั้ง 2 ไฟล์เป็น DONE

T13 สร้างบันทึกค่าใช้จ่ายจากบิล:
  ✅ T13.1 สร้างสำเร็จ
  ✅ T13.2 ชนิด/สถานะ = บันทึกค่าใช้จ่าย ฉบับร่าง
  ✅ T13.3 ยอดรวมเอกสาร = ยอดบิลเป๊ะ
  ✅ T13.4 VAT ในเอกสาร = VAT บนบิล
  ✅ T13.5 ยอดก่อน VAT = เฉลย
  ✅ T13.6 ใบกำกับภาษี → ขอคืนภาษีซื้อได้ (INCLUDE + ON_ISSUE)
  ✅ T13.7 ที่มาของเอกสาร = กล่องขาเข้า
  ✅ T13.8 บรรทัดมาจากบิล
  ✅ T13.9 ผู้ขายถูกสร้างเป็นผู้ติดต่อชนิดผู้ขาย
  ✅ T13.10 เอกสารอ้างกลับไปที่ไฟล์
  ✅ T13.11 ไฟล์ผูกกับเอกสารแล้ว
  ✅ T13.12 ผู้ติดต่อใหม่ (ยังไม่เคยมีผู้ขายรายนี้)
  ✅ T13.13 มี audit ของการสร้าง
  ✅ T13.14 หน้ากล่องขาเข้านับเอกสารเดือนนี้เพิ่ม 1

T14 กันสร้างซ้ำ / ข้อมูลไม่พอ / ผู้ใช้แก้ค่า:
  ✅ T14.1 สร้างซ้ำจากไฟล์เดิมไม่ได้ (เหตุผล: ไฟล์นี้ผูกกับเอกสารอยู่แล้ว — เปิดเอกสารเดิมเพื่อแก้ไข)
  ✅ T14.2 ไม่รู้ยอดเงิน = ปฏิเสธ (เหตุผล: ยังไม่รู้ยอดเงินของบิลใบนี้ — กรอกยอดรวมก่อนกดสร้าง)
  ✅ T14.3 ไม่รู้ชื่อผู้ขาย = ปฏิเสธ (เหตุผล: ยังไม่รู้ชื่อผู้ขาย — กรอกชื่อผู้ขายก่อนกดสร้าง)
  ✅ T14.4 กรอกเองแล้วสร้างได้
  ✅ T14.5 ยอด/ผู้ขาย = ค่าที่ผู้ใช้กรอก
  ✅ T14.6 ไม่มีรายการจากบิล → บรรทัดเดียว 'ค่าใช้จ่ายตามบิล'
  ✅ T14.7 วันที่เอกสาร = วันบนบิลที่ผู้ใช้ยืนยัน

T15 จับคู่ผู้ขายเดิม:
  ✅ T15.1 สร้างใบที่สองของผู้ขายเดิมได้
  ✅ T15.2 ใช้ผู้ติดต่อเดิม (จับด้วยเลขภาษี)
  ✅ T15.3 ชื่อตรงกับผู้ขายเดิม = ไม่สร้างซ้ำ
  ✅ T15.4 ผู้ขายรายใหม่ = สร้างใหม่
  ✅ T15.5 มีผู้ขายทั้งหมด 3 ราย (ปตท. · ที่ผู้ใช้พิมพ์ · รายใหม่)

T16 โหมด VAT ตามชนิดเอกสาร (§9.3):
  ✅ T16.1 สร้างจากใบเสร็จได้
  ✅ T16.2 ใบเสร็จ = ไม่มี VAT (ขอคืนไม่ได้)
  ✅ T16.3 ยอดรวม = ยอดบิล
  ✅ T16.4 ใบแจ้งหนี้ = รอใบกำกับ
  ✅ T16.5 ใบกำกับภาษี = ขอคืนได้
  ✅ T16.6 สลิปโอน = ขอคืนไม่ได้
  ✅ T16.7 ไม่มี VAT บนบิล = ขอคืนไม่ได้เสมอ

T17 ปุ่มอีก 2 ปุ่มบนการ์ด:
  ✅ T17.1 แนบกับเอกสารที่มีอยู่ได้
  ✅ T17.2 สถานะ LINKED · ไม่ตั้ง expenseDocId (ไม่ได้สร้างจากกล่องขาเข้า)
  ✅ T17.3 ทำเครื่องหมาย 'ไม่ใช่เอกสารบัญชี' ได้
  ✅ T17.4 ไฟล์นั้นหายจากกล่องขาเข้า

T18 รับบิลจากห้องแชทผ่าน outbox:
  ✅ T18.1 มี consumer ของ chat.message.received ในทะเบียน
  ✅ T18.2 ร้านที่ยังไม่เปิด inboxFromChat = ไม่ดูดไฟล์เข้ามา
  ✅ T18.3 เปิดแล้ว: ได้ไฟล์เข้ากล่อง 1 ไฟล์
  ✅ T18.4 ชื่อไฟล์/ผู้ส่ง/สถานะถูกต้อง
  ✅ T18.5 sourceRef ผูกกับข้อความ+ไฟล์ต้นทาง
  ✅ T18.6 ยิงซ้ำ (replay) ไม่เกิดไฟล์ซ้ำ
  ✅ T18.7 ข้อความตัวอักษรล้วน = ไม่เกิดไฟล์
  ✅ T18.8 ไฟล์จากแชทให้ AI อ่านได้

T19 ด่านสิทธิ์ + ข้ามร้าน:
  ✅ T19.1 พนักงานที่ไม่มีสิทธิ์จัดการเอกสารแนบ = ถูกปฏิเสธ (โยน: ไม่มีสิทธิ์: account.document.manage)
  ✅ T19.2 อ่านไฟล์ของร้านอื่นไม่ได้
  ✅ T19.3 สร้างเอกสารจากไฟล์ของร้านอื่นไม่ได้ (เหตุผล: ไม่พบไฟล์)
  ✅ T19.4 ไฟล์จริงไม่ถูกแตะเลย
  ✅ T19.5 ร้าน B ไม่มีเอกสาร/ไฟล์เกิดขึ้น
  ✅ T19.6 รายการกล่องขาเข้าของร้าน B ว่างเปล่า
  ✅ T19.7 อีเมลกล่องขาเข้าแยกต่อร้าน

🧹 ลบร้านทดสอบแล้ว

===== QC WO 7.2 · กล่องขาเข้า + AI อ่านบิล สรุป =====
ผ่าน 104 · ตก 24 (รวม 128 ข้อ)

พบปัญหา:
  - T1.1 แท็บ 'ยังไม่เชื่อมต่อ' = เฉลย — ได้ 0 · ควรได้ 3
  - T1.2 พบทั้ง 3 ไฟล์ (อ่านได้/ยังไม่อ่าน/อ่านไม่ได้) — 
  - T1.3 สถานะ AI ของ 3 ไฟล์ — ได้ [null,null,null] · ควรได้ ["DONE",null,"UNSUPPORTED"]
  - T1.4 ที่มาของ 3 ไฟล์ — ได้ [null,null,null] · ควรได้ ["CHAT","APP","UPLOAD"]
  - T1.5 ผู้ส่งของไฟล์ที่มาจากแชท — ได้ undefined · ควรได้ "เพชร (สาขาภูเก็ต)"
  - T1.6 ไฟล์ที่อ่านไม่ได้มีเหตุผลภาษาไทย — ได้ undefined
  - T2.1 มีผลอ่านบนแถว DONE — 
  - T2.2 ผู้ขาย — ได้ undefined · ควรได้ "ปตท. สถานีบริการฉลอง"
  - T2.3 ยอดรวม (สตางค์) — ได้ undefined · ควรได้ 124000
  - T2.4 VAT (สตางค์) — ได้ undefined · ควรได้ 8112
  - T2.5 ยอดก่อน VAT (สตางค์) — ได้ undefined · ควรได้ 115888
  - T2.6 เลขที่ใบกำกับ — ได้ undefined · ควรได้ "6609-00231"
  - T2.7 วันที่บนบิล — ได้ undefined · ควรได้ "2026-08-22"
  - T2.8 ชนิดเอกสาร — ได้ undefined · ควรได้ "TAX_INVOICE"
  - T2.9 เลขผู้เสียภาษี 13 หลัก — ได้ undefined · ควรได้ "0107544000094"
  - T2.10 เลขคณิตลงตัว (ก่อน VAT + VAT = ยอดรวม) — 
  - T2.11 ทุกยอดเป็นจำนวนเต็มสตางค์ — 
  - T2.12 ความมั่นใจอยู่ใน 0–1 — 
  - T2.13 ยอดรวมใน DB ดิบ = เฉลย — ได้ undefined · ควรได้ 124000
  - T2.14 เก็บชื่อโมเดลที่อ่าน — 
  - T3.1 กรองที่มา = แชท เหลือ 1 แถว — ได้ [] · ควรได้ ["cmungliix09t656kzkeqrmxjm"]
  - T3.2 กรองที่มา = แอปถ่ายบิล เหลือ 1 แถว — ได้ [] · ควรได้ ["cmunglinu09t856kzobz7424x"]
  - T3.4 ค้นหาชื่อไฟล์ 'ปตท' — ได้ [] · ควรได้ ["cmungliix09t656kzkeqrmxjm"]
  - T4.1 ไฟล์ที่ยังไม่ได้ให้ AI อ่าน — ได้ 0 · ควรได้ 1

JSON_SUMMARY {"total":128,"passed":104,"findings":["T1.1 แท็บ 'ยังไม่เชื่อมต่อ' = เฉลย — ได้ 0 · ควรได้ 3","T1.2 พบทั้ง 3 ไฟล์ (อ่านได้/ยังไม่อ่าน/อ่านไม่ได้) — ","T1.3 สถานะ AI ของ 3 ไฟล์ — ได้ [null,null,null] · ควรได้ [\"DONE\",null,\"UNSUPPORTED\"]","T1.4 ที่มาของ 3 ไฟล์ — ได้ [null,null,null] · ควรได้ [\"CHAT\",\"APP\",\"UPLOAD\"]","T1.5 ผู้ส่งของไฟล์ที่มาจากแชท — ได้ undefined · ควรได้ \"เพชร (สาขาภูเก็ต)\"","T1.6 ไฟล์ที่อ่านไม่ได้มีเหตุผลภาษาไทย — ได้ undefined","T2.1 มีผลอ่านบนแถว DONE — ","T2.2 ผู้ขาย — ได้ undefined · ควรได้ \"ปตท. สถานีบริการฉลอง\"","T2.3 ยอดรวม (สตางค์) — ได้ undefined · ควรได้ 124000","T2.4 VAT (สตางค์) — ได้ undefined · ควรได้ 8112","T2.5 ยอดก่อน VAT (สตางค์) — ได้ undefined · ควรได้ 115888","T2.6 เลขที่ใบกำกับ — ได้ undefined · ควรได้ \"6609-00231\"","T2.7 วันที่บนบิล — ได้ undefined · ควรได้ \"2026-08-22\"","T2.8 ชนิดเอกสาร — ได้ undefined · ควรได้ \"TAX_INVOICE\"","T2.9 เลขผู้เสียภาษี 13 หลัก — ได้ undefined · ควรได้ \"0107544000094\"","T2.10 เลขคณิตลงตัว (ก่อน VAT + VAT = ยอดรวม) — ","T2.11 ทุกยอดเป็นจำนวนเต็มสตางค์ — ","T2.12 ความมั่นใจอยู่ใน 0–1 — ","T2.13 ยอดรวมใน DB ดิบ = เฉลย — ได้ undefined · ควรได้ 124000","T2.14 เก็บชื่อโมเดลที่อ่าน — ","T3.1 กรองที่มา = แชท เหลือ 1 แถว — ได้ [] · ควรได้ [\"cmungliix09t656kzkeqrmxjm\"]","T3.2 กรองที่มา = แอปถ่ายบิล เหลือ 1 แถว — ได้ [] · ควรได้ [\"cmunglinu09t856kzobz7424x\"]","T3.4 ค้นหาชื่อไฟล์ 'ปตท' — ได้ [] · ควรได้ [\"cmungliix09t656kzkeqrmxjm\"]","T4.1 ไฟล์ที่ยังไม่ได้ให้ AI อ่าน — ได้ 0 · ควรได้ 1"]}
(node:977193) Warning: SECURITY WARNING: The SSL modes 'prefer', 'require', and 'verify-ca' are treated as aliases for 'verify-full'.
In the next major version (pg-connection-string v3.0.0 and pg v9.0.0), these modes will adopt standard libpq semantics, which have weaker security guarantees.

To prepare for this change:
- If you want the current behavior, explicitly use 'sslmode=verify-full'
- If you want libpq compatibility now, use 'uselibpqcompat=true&sslmode=require'

See https://www.postgresql.org/docs/current/libpq-ssl.html for libpq SSL mode definitions.
(Use `node --trace-warnings ...` to show where the warning was created)
