
===== QC WO 6.1 · ผังบัญชี V2 (§11.1 · f8) =====
🗄️  DB QC: ep-plain-art-ao3djg4u-pooler.c-2.ap-southeast-1.aws.neon.tech

T1 ต้นไม้ผังบัญชี:
  ✅ T1.1 จำนวนบัญชีที่เปิดใช้งาน = เฉลย SQL
  ✅ T1.2 จำนวนต่อหมวด (ระดับ 1) = เฉลย SQL
  ✅ T1.3 จำนวนต่อหมวดรอง (ระดับ 2) = เฉลย SQL
  ✅ T1.4 ทุกโหนดมีระดับถูกต้อง 1 › 2 › 3 › บัญชี
  ✅ T1.5 จำนวนใบทั้งหมด (รวมที่ปิดใช้งาน) = total ของต้นไม้
  ✅ T1.6 มีบัญชีที่ปิดใช้งาน 1 ใบ (6302 จาก seed)
  ✅ T1.7 หมวดระดับ 1 ครบ 6 หมวดตาม f8

T2 ค้นหา:
  ✅ T2.1 ค้นด้วยรหัส 1150 เจอ 1 บัญชี
  ✅ T2.2 ค้นด้วยชื่อไทย 'โฆษณา' เจอ 3 (6300 + 6301 + 6302 ที่ปิดใช้งาน)
  ✅ T2.3 ค้นด้วยชื่ออังกฤษเจอ 1
  ✅ T2.4 ค้นไม่เจอ = ต้นไม้ว่าง
  ✅ T2.5 ค้นไม่เจอ แต่ตัวนับหัวข้อยังเป็นจำนวนบัญชีทั้งหมด

T3 ยอดคงเหลือ + เคลื่อนไหวเดือนนี้:
  ✅ T3.1 1000-01 ยอดคงเหลือ = เฉลย SQL อิสระ
  ✅ T3.2 1000-01 เคลื่อนไหวเดือนนี้ = เฉลย SQL อิสระ
  ✅ T3.3 1000-01 ยอดคงเหลือ = งบทดลอง (reports.trialBalance)
  ✅ T3.1 1100 ยอดคงเหลือ = เฉลย SQL อิสระ
  ✅ T3.2 1100 เคลื่อนไหวเดือนนี้ = เฉลย SQL อิสระ
  ❌ T3.3 1100 ยอดคงเหลือ = งบทดลอง (reports.trialBalance) — ได้ 49430000 · ควรได้ 48580000
  ✅ T3.1 4000 ยอดคงเหลือ = เฉลย SQL อิสระ
  ✅ T3.2 4000 เคลื่อนไหวเดือนนี้ = เฉลย SQL อิสระ
  ✅ T3.3 4000 ยอดคงเหลือ = งบทดลอง (reports.trialBalance)
  ✅ T3.4 บัญชีลูกของช่องทางเงินสด = ยอดช่องทาง CSH001 ในเฉลย

T4 เคลื่อนไหวล่าสุด 5 แถว:
  ✅ T4.1 คืนมาไม่เกิน 5 แถว
  ✅ T4.2 เรียงวันที่ใหม่→เก่า
  ✅ T4.3 ยอดสะสมแถวบนสุด = ยอดคงเหลือปัจจุบัน
  ✅ T4.4 ยอดสะสมถอยหลังตรงทุกแถว (คงเหลือ − เดบิต + เครดิต)
  ✅ T4.5 ไม่มีบรรทัดซ้ำ

T5 ป้ายและฟิลด์ในแผงขวา:
  ✅ T5.1 6301 หมวดหลัก/รอง/ย่อย
  ✅ T5.2 6301 ชื่อหมวดย่อยจากตารางชื่อ
  ✅ T5.3 6301 อัตราหัก ณ ที่จ่ายเริ่มต้น = 2% ค่าโฆษณา
  ✅ T5.4 6301 ประเภทภาษี = ภาษีซื้อขอคืนได้
  ✅ T5.5 6301 ไม่ใช่บัญชีระบบ + ไม่ผูกช่องทางเงิน
  ✅ T5.6 6301 ปิดใช้งานได้ (ยังไม่ถูกใช้)
  ✅ T5.7 บัญชีลูกช่องทางเงิน มีป้าย 'ผูกกับบัญชีเงิน'
  ✅ T5.8 ชื่อช่องทางเงินที่ผูก
  ✅ T5.9 บัญชีลูกช่องทางเงิน ปิดใช้งานไม่ได้ (ผูกช่องทาง)
  ✅ T5.10 1150 เป็นบัญชีระบบ
  ✅ T5.11 1150 มี mapping VAT_INPUT
  ✅ T5.12 6302 อยู่ในสถานะปิดใช้งาน

T6 ตรรกะบริสุทธิ์ (ช่วงรหัส/ยอดตามธรรมชาติ/validate):
  ✅ T6.1 ช่วงรหัสของหมวดย่อย 630 = 6300–6309
  ✅ T6.2 6305 อยู่ในช่วง 630
  ✅ T6.3 6410 ไม่อยู่ในช่วง 650
  ✅ T6.4 ยอดตามธรรมชาติ: สินทรัพย์ = Dr−Cr
  ✅ T6.5 ยอดตามธรรมชาติ: รายได้ = Cr−Dr
  ✅ T6.6 levelOf: level=null = บัญชี (ระดับ 4)
  ✅ T6.7 validate: รหัสนอกช่วงมี error ที่ช่องรหัส
  ✅ T6.8 validate: กรอกว่าง = error 3 ช่อง
  ✅ T6.9 validate: ข้อมูลถูกต้อง = ไม่มี error

── สร้างร้านทดสอบ (สร้าง/ปิด/กู้คืน/นำเข้า CSV) ──

T7 เพิ่มบัญชี (ตรวจรหัสตามช่วงของหมวดย่อย):
  ✅ T7.1 รหัสในช่วงของหมวดย่อย = สร้างได้
  ✅ T7.2 ประเภทสืบทอดจากหมวด (630 → ค่าใช้จ่าย)
  ✅ T7.3 บัญชีที่สร้างเองไม่ใช่บัญชีระบบ + level = 4
  ✅ T7.4 รหัสนอกช่วงของหมวดย่อย = ปฏิเสธ
  ✅ T7.5 รหัสซ้ำ = ปฏิเสธ พร้อมข้อความไทย
  ✅ T7.6 ชื่อว่าง = ปฏิเสธ
  ✅ T7.7 รหัสไม่ใช่ตัวเลข = ปฏิเสธ
  ✅ T7.8 แก้ไขบัญชีสำเร็จ
  ✅ T7.9 ฟิลด์ใหม่ถูกบันทึกครบ
  ✅ T7.10 บัญชีระบบเปลี่ยนรหัสไม่ได้
  ✅ T7.11 บัญชีระบบแก้ชื่อได้

T8 ปิดใช้งาน — กรณีที่ต้องถูกปฏิเสธ:
  ✅ T8.1 บัญชีที่มีรายการในสมุดรายวัน = ปิดไม่ได้
  ✅ T8.2 บัญชีที่ระบบใช้ลงบัญชีอัตโนมัติ = ปิดไม่ได้
  ✅ T8.3 บัญชีที่ผูกช่องทางเงิน = ปิดไม่ได้
  ✅ T8.4 บัญชีระบบ = ปิดไม่ได้

T9 ปิดใช้งาน + กู้คืน (บัญชีที่ยังไม่ถูกใช้):
  ✅ T9.1 ปิดใช้งานบัญชีที่ยังไม่ถูกใช้ได้
  ✅ T9.2 บัญชีที่ปิดแล้วไม่นับใน 'N บัญชี'
  ✅ T9.3 ยังเปิดดูรายละเอียดบัญชีที่ปิดแล้วได้
  ✅ T9.4 กู้คืนได้
  ✅ T9.5 กู้คืนแล้วกลับมาอยู่ในต้นไม้
  ✅ T9.6 กู้คืนซ้ำ = idempotent (ไม่ error)

T10 นำเข้าผังบัญชีจาก CSV:
  ✅ T10.1 อ่านได้ 10 แถว
  ✅ T10.2 ผ่าน 8 · ผิด 2
  ✅ T10.3 จับรหัสซ้ำกับผังเดิม (4910 ดอกเบี้ยรับ)
  ✅ T10.4 จับรหัสนอกช่วงของหมวดย่อย (6410 ในหมวด 650)
  ✅ T10.5 นำเข้าจริงได้ 8 บัญชี
  ✅ T10.6 บัญชีที่นำเข้าอยู่ใน DB ครบ 8
  ✅ T10.7 ประเภทบัญชีมาจากคอลัมน์ประเภท (2140 = หนี้สิน · 4050 = รายได้)
  ✅ T10.8 คำอธิบายถูกบันทึก
  ✅ T10.9 นำเข้าไฟล์เดิมซ้ำ = 0 รายการใหม่ (idempotent)
  ✅ T10.10 ไม่มีบัญชีซ้ำหลังนำเข้ารอบสอง
  ✅ T10.11 บัญชีที่นำเข้าเข้าไปอยู่ในหมวดของตัวเอง (1210 → หมวดรอง 12)

T11 บัญชีที่ปักหมุด (หน้าหลัก §4):
  ✅ T11.1 ร้าน QC มีบัญชีที่ปักหมุดอยู่
  ✅ T11.2 หน้าหลักยังเห็นบัญชีที่ปักหมุดครบเท่าเดิม
  ✅ T11.3 ตั้งบัญชีที่ปักหมุดในร้านทดสอบได้
  ✅ T11.4 ปักหมุดบัญชีของร้านอื่นไม่ได้

T12 ด่านสิทธิ์:
  ✅ T12.1 staff ที่ไม่มี account.chart.manage ถูกปฏิเสธ
  ✅ T12.2 staff ที่ไม่มี account.import ถูกปฏิเสธ
  ✅ T12.3 staff ที่ไม่มี account.mapping.manage ถูกปฏิเสธ
  ✅ T12.4 staff ที่มี account.chart.manage ผ่านด่าน

T14 ยอดคงเหลือ ณ วันที่ (asOf):
  ✅ T14.1 ยอด ณ วันก่อนหน้ารายการ = 0 (ยังไม่นับรายการล่วงหน้า)
  ✅ T14.2 ยอด ณ วันเดียวกับรายการ = 10,000 สตางค์ (นับทั้งวัน ไม่สนเวลาใน entry.date)
  ✅ T14.3 ยอด ณ วันหลังจากนั้น = 10,000 สตางค์
  ✅ T14.4 เคลื่อนไหวเดือนนี้ ณ 1 ก.ย. = 0 · ณ 20 ก.ย. = 10,000
  ✅ T14.5 แผงขวาบอกวันที่ที่ใช้คิดยอด (ป้าย 'ยอดคงเหลือ ณ …' ตรงกับเลขจริง)
  ✅ T14.6 ต้นไม้ก็คิด ณ วันที่เดียวกัน (บัญชีเดียวกันยอด 0)
  ✅ T14.7 financeBalances (5.1) กับ ledgerDetail (6.1) ให้ยอด ณ วันเดียวกันเท่ากัน
  ✅ T14.8 ยอดช่องทางเงิน ณ วันก่อนหน้า ≤ ณ วันหลัง (ตัดตามวันที่จริง ไม่ใช่รวมทั้งสมุด)

T15 บัญชีแยกประเภท (ปลายทางลิงก์ 'ดูบัญชีแยกประเภท'):
  ✅ T15.1 ยอดยกไปของหน้าแยกประเภท = ยอดคงเหลือในแผงขวาของผังบัญชี
  ❌ T15.2 หลังกลับรายการยอดต้องเป็น 0 (เดิมกรอง POSTED จะได้ −25,000) — ได้ 25000 · ควรได้ 0
  ❌ T15.3 เห็นทั้ง 2 ขา (ใบเดิม + ใบกลับรายการ) — ได้ 1 · ควรได้ 2
  ✅ T15.4 ใบเดิมติดสถานะ 'กลับรายการแล้ว' 1 ใบ
  ❌ T15.5 เดบิต/เครดิตรวมในงวดเท่ากัน (25,000/25,000) — ได้ [25000,0] · ควรได้ [25000,25000]

T13 แยกร้าน:
  ✅ T13.1 ledgerDetail ของบัญชีร้านอื่น = null
  ✅ T13.2 ปิดใช้งานบัญชีของร้านอื่นไม่ได้
  ✅ T13.3 แก้ไขบัญชีของร้านอื่นไม่ได้
  ✅ T13.4 ต้นไม้ของร้านทดสอบไม่มีบัญชีลูกช่องทางเงินของร้านจริง (1000-01)

[cleanup] ลบร้านทดสอบ

❌ ผ่าน 101 ข้อ · พบปัญหา 4 ข้อ
   • T3.3 1100 ยอดคงเหลือ = งบทดลอง (reports.trialBalance) — ได้ 49430000 · ควรได้ 48580000
   • T15.2 หลังกลับรายการยอดต้องเป็น 0 (เดิมกรอง POSTED จะได้ −25,000) — ได้ 25000 · ควรได้ 0
   • T15.3 เห็นทั้ง 2 ขา (ใบเดิม + ใบกลับรายการ) — ได้ 1 · ควรได้ 2
   • T15.5 เดบิต/เครดิตรวมในงวดเท่ากัน (25,000/25,000) — ได้ [25000,0] · ควรได้ [25000,25000]
(node:972581) Warning: SECURITY WARNING: The SSL modes 'prefer', 'require', and 'verify-ca' are treated as aliases for 'verify-full'.
In the next major version (pg-connection-string v3.0.0 and pg v9.0.0), these modes will adopt standard libpq semantics, which have weaker security guarantees.

To prepare for this change:
- If you want the current behavior, explicitly use 'sslmode=verify-full'
- If you want libpq compatibility now, use 'uselibpqcompat=true&sslmode=require'

See https://www.postgresql.org/docs/current/libpq-ssl.html for libpq SSL mode definitions.
(Use `node --trace-warnings ...` to show where the warning was created)
