
===== QC WO 6.2 · ปิดงวด + สินทรัพย์/ค่าเสื่อม (§11.4–11.5) =====
🗄️  DB QC: ep-plain-art-ao3djg4u-pooler.c-2.ap-southeast-1.aws.neon.tech

T1 เช็กลิสต์ของงวด 2026-08 (งวดที่ seed ปิดไว้):
  ✅ T1.1 เช็กลิสต์มี 4 ข้อ ตาม §11.4
  ✅ T1.2 ข้อบังคับ = บัญชีพัก + ธง ⚑ (อีก 2 ข้อเป็นเตือน)
  ✅ T1.3 บัญชีพัก 9999 ถึงสิ้นงวดนี้ = 0 → ผ่าน
  ✅ T1.4 ไม่มีใบติดธง ⚑ ในงวดนี้ → ผ่าน
  ❌ T1.5 ทำเครื่องหมายยื่น ภ.พ.30 แล้ว → ผ่าน — ได้ "FAIL" · ควรได้ "PASS"
  ✅ T1.6 ข้อบังคับผ่านหมด ⇒ ปิดงวดได้
  ✅ T1.7-SUSPENSE มีคำอธิบายไทยประกอบ (ไม่ใช่ป้ายเปล่า)
  ✅ T1.7-NEEDS_REVIEW มีคำอธิบายไทยประกอบ (ไม่ใช่ป้ายเปล่า)
  ✅ T1.7-RECONCILE มีคำอธิบายไทยประกอบ (ไม่ใช่ป้ายเปล่า)
  ✅ T1.7-VAT มีคำอธิบายไทยประกอบ (ไม่ใช่ป้ายเปล่า)

T2 เช็กลิสต์ของงวด 2026-09 (มี ⚑ + บัญชีพักค้าง โดยตั้งใจ):
  ❌ T2.1 บัญชีพัก 9999 ยังค้าง → ไม่ผ่าน — ได้ "PASS" · ควรได้ "FAIL"
  ❌ T2.2 เหตุผลระบุจำนวนเงินจริง (ไม่ใช่ข้อความลอย ๆ) — คงเหลือ 0.00 บาท
  ❌ T2.3 มีใบติดธง ⚑ → ไม่ผ่าน — ได้ "PASS" · ควรได้ "FAIL"
  ❌ T2.4 เหตุผลบอกจำนวนใบที่ค้างตรวจ — ไม่มีรายการค้างตรวจ
  ❌ T2.5 ข้อบังคับไม่ผ่าน ⇒ ปิดงวดไม่ได้ — ได้ true · ควรได้ false
  ✅ T2.6 ข้อ 'กระทบยอด' ของงวดนี้เป็นข้อเตือน (ไม่บล็อก)
  ✅ T2.7 ยังไม่ได้ยื่น ภ.พ.30 งวดนี้ → เตือน
  ✅ T2.8 นับข้อเตือนที่ค้างได้

T3 ตารางงวดบัญชี:
  ❌ T3.1 งวด ส.ค. อยู่ในตารางและสถานะปิด — ได้ undefined · ควรได้ "CLOSED"
  ❌ T3.2 งวดที่ปิดมีชื่อผู้ปิด — undefined
  ❌ T3.3 งวดที่ปิดมีเวลาที่ปิด — undefined
  ✅ T3.4 งวด ก.ย. เปิดอยู่
  ❌ T3.5 ป้ายเดือนเป็นภาษาไทย — ได้ [null,"กันยายน 2026"] · ควรได้ ["สิงหาคม 2026","กันยายน 2026"]
  ❌ T3.6 นับจำนวนใบสำคัญต่องวดได้ — 0
  ✅ T3.7 ทุกงวดที่มีใบสำคัญโผล่ในตาราง (แม้ยังไม่มีแถว AccountPeriod)
  ✅ T3.8 เรียงงวดใหม่→เก่า

T4 ตารางค่าเสื่อมรายงวด (§11.5 'มีข้อมูลแล้วแต่ไม่เคยแสดง'):
  ❌ T4.1-FA-0001 เปิดหน้าสินทรัพย์ได้ — ไม่พบ
  ❌ T4.1-FA-0002 เปิดหน้าสินทรัพย์ได้ — ไม่พบ
  ❌ T4.13 จำนวนแถวค่าเสื่อมทั้งชุด = เฉลย — ได้ 0 · ควรได้ 6

T5 พรีวิว 'คิดค่าเสื่อมงวดนี้':
  ❌ T5.1 พรีวิวครอบคลุมสินทรัพย์ที่ใช้งานอยู่ทุกตัว — ได้ 0 · ควรได้ 2
  ❌ T5.2 ยอดรวมที่จะลง = เฉลย (10,999.97) — ได้ 0 · ควรได้ 1099997
  ✅ T5.3 ยังไม่มีตัวไหนลงงวดนี้
  ❌ T5.4 ทุกตัวพร้อมลงบัญชี — ได้ 0 · ควรได้ 2
  ✅ T5.5 งวดที่ลงไปแล้ว = ไม่คิดซ้ำ (ยอด 0)
  ❌ T5.6 งวดที่ลงแล้วขึ้นเหตุผล 'ลงบัญชีงวดนี้แล้ว' — ได้ [] · ควรได้ ["ลงบัญชีงวดนี้แล้ว"]
  ✅ T5.7 งวดก่อนวันเริ่มคิดค่าเสื่อม = ไม่คิด
  ❌ T5.8 เหตุผล 'ยังไม่ถึงงวดเริ่มคิดค่าเสื่อม' — ได้ [] · ควรได้ ["ยังไม่ถึงงวดเริ่มคิดค่าเสื่อม"]

T6 ตรรกะบริสุทธิ์:
  ✅ T6.1 isPeriodKey ถูกรูปแบบ
  ✅ T6.2 ป้ายเดือนไทย
  ✅ T6.3 ค่าเสื่อมงวดถัดไป = ยอดรายเดือน
  ✅ T6.4 งวดสุดท้ายเก็บเศษ → มูลค่าสุทธิ = มูลค่าซากพอดี
  ✅ T6.5 ครบอายุแล้ว = ไม่คิดอีก

── สร้างร้านทดสอบ (การเขียนทั้งหมด) ──

T7 บัญชีพัก 9999 บล็อกการปิดงวด:
  ✅ T7.1 ลง JV ที่มีบัญชีพักได้ (ระบบไม่ห้ามลง — ห้ามแค่ปิดงวด)
  ✅ T7.2 เช็กลิสต์: บัญชีพักไม่ผ่าน
  ✅ T7.3 ปิดงวดไม่ได้
  ✅ T7.4 สั่งปิดงวดจริง = ถูกปฏิเสธ พร้อมเหตุผลไทย
  ✅ T7.5 ลง JV เคลียร์บัญชีพักได้
  ✅ T7.6 เคลียร์แล้ว = ข้อบัญชีพักผ่าน
  ✅ T7.7 เคลียร์แล้ว = ปิดงวดได้
  ✅ T7.8 รูปแบบงวดผิด = ปฏิเสธ

T8 ปิดงวด → ล็อกการโพสต์ → เปิดใหม่:
  ✅ T8.1 ปิดงวดสำเร็จ
  ✅ T8.2 สถานะในตาราง = CLOSED + มีผู้ปิด + เวลา
  ✅ T8.3 เก็บ snapshot เช็กลิสต์ตอนปิดไว้ (ผู้ตรวจสอบย้อนดูได้)
  ✅ T8.4 โพสต์ย้อนหลังในงวดที่ปิดถูกปฏิเสธ (ล็อกจริงที่ gl ไม่ใช่แค่ซ่อนปุ่ม)
  ✅ T8.5 เปิดงวดใหม่สำเร็จ
  ✅ T8.6 สถานะกลับเป็น OPEN + ล้างผู้ปิด
  ✅ T8.7 ประทับเวลาที่เปิดใหม่
  ✅ T8.8 บันทึกเหตุผลการเปิดงวดไว้ถาวร
  ✅ T8.9 เหตุผลที่บันทึกตรงกับที่กรอก
  ✅ T8.10 เปิดใหม่แล้วโพสต์ย้อนหลังได้อีกครั้ง

T9 คิดค่าเสื่อมงวดนี้ (พรีวิว → รันจริง → รันซ้ำ):
  ✅ T9.1 ขึ้นทะเบียนสินทรัพย์ได้
  ✅ T9.2 พรีวิวมี 1 รายการพร้อมลง
  ✅ T9.3 ยอดพรีวิว = สูตรเส้นตรง (1,999.98)
  ✅ T9.4 รันจริงลงบัญชี 1 รายการ
  ✅ T9.5 ยอดที่ลงจริง = ยอดพรีวิว (พรีวิวไม่โกหก)
  ✅ T9.6 JV ค่าเสื่อม: Dr 6800 / Cr 1619
  ✅ T9.7 JV ค่าเสื่อมสมดุล
  ✅ T9.8 รันซ้ำงวดเดิม = ไม่ลงเพิ่ม (idempotent)
  ✅ T9.9 มีแถวค่าเสื่อมของงวดนี้แค่แถวเดียว
  ✅ T9.10 พรีวิวหลังรัน = 'ลงบัญชีงวดนี้แล้ว'
  ✅ T9.11 ตารางค่าเสื่อมของสินทรัพย์มี 1 งวด
  ✅ T9.12 มูลค่าสุทธิ = ต้นทุน − ค่าเสื่อมสะสม

T10 จำหน่าย / ตัดบัญชีสินทรัพย์:
  ✅ T10.0 ขายได้เงินแต่ไม่ระบุบัญชีเงินรับ = ปฏิเสธ
  ✅ T10.1 ขายสินทรัพย์สำเร็จ
  ✅ T10.2 กำไร/ขาดทุน = เงินที่ได้ − มูลค่าสุทธิ
  ✅ T10.3 สถานะ + วิธีจำหน่าย + ยอดขาย ถูกบันทึก
  ✅ T10.4 JV จำหน่ายสมดุล
  ✅ T10.5 Cr ต้นทุนสินทรัพย์เต็มจำนวน
  ✅ T10.6 Dr ล้างค่าเสื่อมสะสม
  ✅ T10.7 กำไรจากการจำหน่ายเข้าบัญชี 4900 ฝั่งเครดิต
  ✅ T10.7b Dr เงินสดตามช่องทางที่เลือก = เงินที่ได้รับ
  ✅ T10.8 หน้าสินทรัพย์แสดงป้ายวิธีจำหน่ายเป็นไทย
  ✅ T10.9 จำหน่ายซ้ำไม่ได้
  ✅ T10.10 จำหน่ายสินทรัพย์ของร้านอื่นไม่ได้

T11 เครื่องหมายยื่น ภ.พ.30 (เช็กลิสต์ข้อ 4):
  ✅ T11.1 ก่อนทำเครื่องหมาย = ข้อ VAT ไม่ผ่าน (เตือน)
  ✅ T11.2 ทำเครื่องหมายยื่นได้
  ✅ T11.3 หลังทำเครื่องหมาย = ข้อ VAT ผ่าน
  ✅ T11.4 เก็บยอดภาษีขาย/ซื้อ/ที่ต้องชำระไว้เป็นหลักฐาน
  ✅ T11.5 ทำเครื่องหมายซ้ำงวดเดิมไม่ได้
  ✅ T11.6 รูปแบบงวดผิด = ปฏิเสธ
  ✅ T11.7 ยกเลิกเครื่องหมายได้
  ✅ T11.8 ยกเลิกแล้วข้อ VAT กลับเป็นไม่ผ่าน
  ✅ T11.9 ยกเลิกงวดที่ยังไม่ได้ทำเครื่องหมาย = ปฏิเสธ

T12 สิทธิ์ + แยกร้าน:
  ✅ T12.1 staff ที่มี account.period.close ปิดงวดได้
  ✅ T12.2 สิทธิ์ปิดงวด **ไม่ได้** แปลว่าเปิดงวดใหม่ได้ (คนละ action)
  ✅ T12.3 staff ไม่มี account.asset.manage = แตะทะเบียนสินทรัพย์ไม่ได้
  ✅ T12.4 อ่านสินทรัพย์ของร้านอื่นไม่ได้
  ✅ T12.5 ตารางงวดของร้านทดสอบไม่ปนงวดที่ปิดของร้านจริง
  ❌ T12.6 งวดของร้านจริงไม่ถูกแตะต้อง — ได้ 0 · ควรได้ 1

[cleanup] ลบร้านทดสอบ

❌ ผ่าน 79 ข้อ · พบปัญหา 20 ข้อ
   • T1.5 ทำเครื่องหมายยื่น ภ.พ.30 แล้ว → ผ่าน — ได้ "FAIL" · ควรได้ "PASS"
   • T2.1 บัญชีพัก 9999 ยังค้าง → ไม่ผ่าน — ได้ "PASS" · ควรได้ "FAIL"
   • T2.2 เหตุผลระบุจำนวนเงินจริง (ไม่ใช่ข้อความลอย ๆ) — คงเหลือ 0.00 บาท
   • T2.3 มีใบติดธง ⚑ → ไม่ผ่าน — ได้ "PASS" · ควรได้ "FAIL"
   • T2.4 เหตุผลบอกจำนวนใบที่ค้างตรวจ — ไม่มีรายการค้างตรวจ
   • T2.5 ข้อบังคับไม่ผ่าน ⇒ ปิดงวดไม่ได้ — ได้ true · ควรได้ false
   • T3.1 งวด ส.ค. อยู่ในตารางและสถานะปิด — ได้ undefined · ควรได้ "CLOSED"
   • T3.2 งวดที่ปิดมีชื่อผู้ปิด — undefined
   • T3.3 งวดที่ปิดมีเวลาที่ปิด — undefined
   • T3.5 ป้ายเดือนเป็นภาษาไทย — ได้ [null,"กันยายน 2026"] · ควรได้ ["สิงหาคม 2026","กันยายน 2026"]
   • T3.6 นับจำนวนใบสำคัญต่องวดได้ — 0
   • T4.1-FA-0001 เปิดหน้าสินทรัพย์ได้ — ไม่พบ
   • T4.1-FA-0002 เปิดหน้าสินทรัพย์ได้ — ไม่พบ
   • T4.13 จำนวนแถวค่าเสื่อมทั้งชุด = เฉลย — ได้ 0 · ควรได้ 6
   • T5.1 พรีวิวครอบคลุมสินทรัพย์ที่ใช้งานอยู่ทุกตัว — ได้ 0 · ควรได้ 2
   • T5.2 ยอดรวมที่จะลง = เฉลย (10,999.97) — ได้ 0 · ควรได้ 1099997
   • T5.4 ทุกตัวพร้อมลงบัญชี — ได้ 0 · ควรได้ 2
   • T5.6 งวดที่ลงแล้วขึ้นเหตุผล 'ลงบัญชีงวดนี้แล้ว' — ได้ [] · ควรได้ ["ลงบัญชีงวดนี้แล้ว"]
   • T5.8 เหตุผล 'ยังไม่ถึงงวดเริ่มคิดค่าเสื่อม' — ได้ [] · ควรได้ ["ยังไม่ถึงงวดเริ่มคิดค่าเสื่อม"]
   • T12.6 งวดของร้านจริงไม่ถูกแตะต้อง — ได้ 0 · ควรได้ 1
(node:981069) Warning: SECURITY WARNING: The SSL modes 'prefer', 'require', and 'verify-ca' are treated as aliases for 'verify-full'.
In the next major version (pg-connection-string v3.0.0 and pg v9.0.0), these modes will adopt standard libpq semantics, which have weaker security guarantees.

To prepare for this change:
- If you want the current behavior, explicitly use 'sslmode=verify-full'
- If you want libpq compatibility now, use 'uselibpqcompat=true&sslmode=require'

See https://www.postgresql.org/docs/current/libpq-ssl.html for libpq SSL mode definitions.
(Use `node --trace-warnings ...` to show where the warning was created)
