🗄️  DB QC: ep-plain-art-ao3djg4u-pooler.c-2.ap-southeast-1.aws.neon.tech
📄 เฉลย: scripts/acc-v2-expected.json (seed เมื่อ 2026-09-30T02:01:21.499Z)

A. ร้าน · ผู้ใช้ · ระบบที่เชื่อมกัน
  ❌ [A1] ร้าน QC ชื่อ "SIAM DIVE QC" — ได้ null ต้องการ "SIAM DIVE QC"
  ❌ [A2] เจ้าของร้าน qc-owner@shark.local เป็น OWNER และรับคำเชิญแล้ว — ได้ {}
  ❌ [A3] userId ของเจ้าของตรงกับเฉลย — ได้ null ต้องการ "cmungjwzo000156kz571j4s1j"
  ❌ [A4] มีระบบครบ 7 (ACCOUNT · POS · INVENTORY · MEMBER · CRM · CHAT · HR) — ได้ [] ต้องการ ["ACCOUNT","CHAT","CRM","HR","INVENTORY","MEMBER","POS"]
  ❌ [A5] ระบบบัญชีชื่อ "บัญชี" และ id ตรงเฉลย — ได้ {} ต้องการ {"id":"cmungjx0t000456kzud07jupq","name":"บัญชี"}
  ❌ [A6] ทั้ง 7 ระบบผูกกับสาขาเดียวกัน (AppSystemUnit) — ได้ 0 ต้องการ 7
  ❌ [A7] POS เชื่อมเข้าระบบบัญชี (AccountSystemLink · แบบเดียวกับ DNA LINK_ACCOUNT_POS) — ได้ undefined ต้องการ "cmungjx0t000456kzud07jupq"
  ❌ [A8] CRM เชื่อมเข้าระบบบัญชี — ได้ undefined ต้องการ "cmungjx0t000456kzud07jupq"

B. ตัวเลขหน้าหลัก (เฟรม f1)
  ❌ [B1] ค้างรับ = ฿494,300.00 — ได้ 0 ต้องการ 49430000
  ❌ [B2] พ้นกำหนด (ยอด) = ฿128,400.00 — ได้ 0 ต้องการ 12840000
  ❌ [B3] พ้นกำหนด (จำนวนใบ) = 4 — ได้ 0 ต้องการ 4
  ❌ [B4] ใบแจ้งหนี้ที่ยังค้างรับ = 20 ใบ — ได้ 0 ต้องการ 20
  ❌ [B5] ลูกค้าที่ค้างชำระ = 14 ราย — ได้ 0 ต้องการ 14
  ❌ [B6] ค้างจ่าย = ฿214,750.00 — ได้ 0 ต้องการ 21475000
  ❌ [B7] เอกสารค้างจ่าย = 10 ใบ — ได้ 0 ต้องการ 10
  ❌ [B8] ผู้ขายที่ค้างจ่าย = 7 ราย — ได้ 0 ต้องการ 7
  ❌ [B9] เอกสารจ่ายที่พ้นกำหนด = 2 ใบ — ได้ 0 ต้องการ 2

C. ช่องทางการเงิน (§10.1)
  ❌ [C-CSH001] CSH001 เงินสด = ฿124,880.00 — ได้ null ต้องการ 12488000
  ❌ [C-BSV001] BSV001 กสิกรไทย ออมทรัพย์ = ฿901,800.00 — ได้ null ต้องการ 90180000
  ❌ [C-EWL001] EWL001 พร้อมเพย์ = ฿273,350.00 — ได้ null ต้องการ 27335000
  ❌ [C-PTY001] PTY001 เงินสดย่อย = ฿29,700.00 — ได้ null ต้องการ 2970000
  ❌ [C-TOTAL] ยอดรวมทุกช่องทาง = ฿1,329,730.00 — ได้ 0 ต้องการ 132973000
  ❌ [C-COUNT] จำนวนช่องทางการเงิน = 4 — ได้ 0 ต้องการ 4
  ❌ [C-code-CSH001] CSH001 มีรหัส persist = CSH001 — ได้ null ต้องการ "CSH001"
  ❌ [C-code-BSV001] BSV001 มีรหัส persist = BSV001 — ได้ null ต้องการ "BSV001"
  ❌ [C-code-EWL001] EWL001 มีรหัส persist = EWL001 — ได้ null ต้องการ "EWL001"
  ❌ [C-code-PTY001] PTY001 มีรหัส persist = PTY001 — ได้ null ต้องการ "PTY001"
  ✅ [C-archived-hidden] ช่องทางที่ปิดใช้งานไม่โผล่ใน financeBalances
  ❌ [C-opening-split-count] BSV001 ยอดยกมา 2 รายการแยกกัน — ได้ 0 ต้องการ 2
  ❌ [C-opening-split-sum] ผลรวมยอดยกมา 2 รายการ = ยอดยกมารวมเดิม — ได้ 0 ต้องการ 40505000

D. แท็บหน้ารายการใบแจ้งหนี้ (§3)
  ❌ [D-all] แท็บ ทั้งหมด = 57 — ได้ 0 ต้องการ 57
  ❌ [D-draft] แท็บ ร่าง = 3 — ได้ 0 ต้องการ 3
  ❌ [D-awaiting] แท็บ รอชำระ = 14 — ได้ 0 ต้องการ 14
  ❌ [D-partial] แท็บ ชำระบางส่วน = 2 — ได้ 0 ต้องการ 2
  ❌ [D-paid] แท็บ ชำระแล้ว = 33 — ได้ 0 ต้องการ 33
  ❌ [D-overdue] แท็บ พ้นกำหนด = 4 — ได้ 0 ต้องการ 4
  ❌ [D-cancelled] แท็บ ยกเลิก = 1 — ได้ 0 ต้องการ 1
  ❌ [D-svc-all] listDocuments(tab=ทั้งหมด) คืน 51 ใบ — ได้ 0 ต้องการ 57
  ❌ [D-svc-paid] listDocuments(tab=ชำระแล้ว) คืน 29 ใบ — ได้ 0 ต้องการ 33
  ❌ [D-svc-overdue] listDocuments(tab=พ้นกำหนด) คืน 4 ใบ — ได้ 0 ต้องการ 4

E. ผู้ติดต่อ (f5) · สินค้า (f6)
  ❌ [E1] ผู้ติดต่อทั้งหมด = 63 — ได้ 0 ต้องการ 63
  ❌ [E2] ลูกค้า = 41 — ได้ 0 ต้องการ 41
  ❌ [E3] ผู้ขาย = 22 — ได้ 0 ต้องการ 22
  ❌ [E4] เก็บเข้ากรุ = 5 — ได้ 0 ต้องการ 5
  ❌ [E5] ผู้ติดต่อที่ยังใช้งาน (listContacts default) = 58 — ได้ 0 ต้องการ 58
  ❌ [E6] overviewStats.contactCount นับเฉพาะที่ยังใช้งาน — ได้ 0 ต้องการ 58
  ❌ [E7] สินค้า/บริการ = 13 — ได้ 0 ต้องการ 13
  ❌ [E8] มีทั้งสินค้าและบริการ (ไม่ใช่ชนิดเดียว) — ได้ ""

F. แกนบัญชีคู่ (งบทดลอง · บัญชีพัก · ธงต้องตรวจ)
  ✅ [F1] งบทดลองสมดุล (ปิดยอด Dr = Cr)
  ✅ [F2] เดบิตรวม = เครดิตรวม (ความเคลื่อนไหว)
  ❌ [F3] JV ที่ติดธงต้องตรวจ = เฉลย (1 ใบ · ตั้งใจใส่ใน ก.ย. เพื่อทดสอบปิดงวด) — ได้ 0 ต้องการ 1
  ❌ [F4] บัญชีพักรายการ 9999 คงเหลือ = เฉลย (-100000 สตางค์) — ได้ 0 ต้องการ -100000
  ✅ [F4b] ไม่มีธง ⚑ ในงวดสะสมถึงสิ้น ส.ค. (เงื่อนไขที่ทำให้ปิดงวด ส.ค. ได้)
  ✅ [F4c] บัญชีพัก 9999 สะสมถึงสิ้น ส.ค. = 0
  ✅ [F5] ใบสำคัญทุกใบสมดุลรายใบ (0 ใบ)
  ❌ [F6] มีใบสำคัญเกิดขึ้นจริง (ไม่ใช่ 0 ใบ = วัดอะไรไม่ได้) — ได้ 0

G. fixture ที่ WO ถัดไปใช้อ้าง
  ❌ [G1] ผู้ติดต่อ C00019 = "ปิยธิดา อินสุ่ม" (บุคคลธรรมดา) — ได้ {}
  ❌ [G2] ใบแจ้งหนี้ปิยธิดา ฿38,400.00 ออก 2026-08-12 ครบกำหนด 2026-08-26 และพ้นกำหนดแล้ว — ได้ {"overdue":null}
  ❌ [G3] ใบแจ้งหนี้คุณณัฐพล ยอดสุทธิ ฿24,900.00 — ได้ null ต้องการ 2490000
  ❌ [G4] …แยกเป็น ฐาน 23,271.03 + VAT 7% 1,628.97 (โหมดราคาแยก VAT) — ได้ {} ต้องการ {"sub":2327103,"vat":162897,"mode":"EXCLUDE"}
  ❌ [G5] …3 บรรทัด: ทริปสิมิลัน 2×9,900 · เช่าอุปกรณ์ 2×1,200 · เสื้อ 1×1,071.03 — ได้ [] ต้องการ [["ทริปสิมิลัน 3 วัน 2 คืน",2,990000],["ค่าเช่าอุปกรณ์ดำน้ำ",2,120000],["เสื้อ SIAM DIVE",1,107103]]
  ❌ [G6] ใบรับเงินมัดจำคุณณัฐพล ฿10,000.00 รับครบแล้ว (รอหักมัดจำ) — ได้ {}
  ❌ [G7] ใบแจ้งหนี้โรงแรมสิมิลันวิว ฿124,500.00 ชำระแล้ว ฿62,250.00 คงเหลือ ฿62,250.00 — ได้ {}

I. ผู้ติดต่อ V2 (WO 3.2)
  ❌ [I1] มีกลุ่มผู้ติดต่อกำหนดเอง 3 กลุ่ม — ได้ []
  ❌ [I2] กลุ่ม "ลูกค้า VIP" มีสมาชิก 6 ราย (5 เดิม + ตัวรองของคู่ซ้ำ WO 3.4) — ได้ undefined
  ❌ [I3] กลุ่ม "โรงแรมพันธมิตร" มีสมาชิก 5 ราย (4 เดิม + ตัวรองของคู่ซ้ำ WO 3.4) — ได้ undefined
  ❌ [I4] กลุ่ม "ซัพพลายเออร์หลัก" มีสมาชิก 4 ราย — ได้ undefined
  ❌ [I5] ป้าย "สมาชิก": ปิยธิดา อินสุ่ม มี Customer เชื่อม partyId เดียวกัน — ได้ {}
  ❌ [I6] ป้าย "CRM": คุณสมชาย ใจดี มี CrmContact เชื่อม partyId เดียวกัน — ได้ {}

J. คู่ผู้ติดต่อซ้ำที่ตั้งใจใส่ (WO 3.4)
  ✅ [J1] เฉลยมีคีย์ mergeDuplicate (รัน acc-v2-expected-contact-profile.mts แล้ว)
  ❌ [J2] คู่ซ้ำใช้เลขภาษีเดียวกัน — ได้ {}
  ❌ [J3] คู่ซ้ำอยู่คนละสาขา (DB ห้าม taxId+branchCode ซ้ำในรายที่ยังใช้งาน) — ได้ {}
  ✅ [J4] ทั้งคู่ยังใช้งานอยู่ (ยังไม่ถูกรวม/ปิดใช้งาน)
  ✅ [J5] ตัวรองมีเอกสาร 14 ใบ (ต้อง ≥ 14)
  ✅ [J6] ตัวรองมีเอกสาร 4 ชนิด (ต้อง ≥ 4)
  ✅ [J7] ตัวรองมี JV ≥1 · กลุ่ม 2 (ซ้ำกับตัวหลัก 1) · กฎเอกสารประจำ 1

K. บิลขายหน้าร้าน (POS ส่งบรรทัด — WO 4.2)
  ✅ [K1] เฉลยมีคีย์ posSales (seed ใหม่หลัง WO 4.2 แล้ว)
  ❌ [K2] เอกสารบิลขายหน้าร้าน 2 ใบ — ได้ 0 ต้องการ 2
  ❌ [K3] บรรทัดสินค้ารวม 3 บรรทัด — ได้ 0 ต้องการ 3
  ❌ [K4] ทุกบรรทัดผูกทะเบียนสินค้า (productId) — รายงาน 'ขายอะไรดี' นับได้ — ได้ 0 ต้องการ 3
  ❌ [K5] ยอดรวมบิล POS = ฿13,500.00 — ได้ 0 ต้องการ 1350000
  ❌ [K6] ใบที่ผูกผู้ติดต่อ (สมาชิก) / ใบเดินเข้าร้าน — ได้ 0 ต้องการ 1
  ❌ [K7] JV ของบิล POS = 1 ต่อบิล (ไม่เบิ้ล) — ได้ 0 ต้องการ 2
  ✅ [K8] เอกสารบิล POS ไม่มี JV ของตัวเอง (กันรายได้ซ้ำ 2 เท่า)

L. กระทบยอดธนาคาร (statement ที่ seed นำเข้าไว้)
  ✅ [L1] เฉลยมีคีย์ bankReconcile (seed ใหม่หลัง WO 5.3 แล้ว)
  ❌ [L2] มีใบ statement ของ BSV001 งวด 2026-09 — ได้ "ไม่มี"
  ✅ [L15] เฉลยมีคีย์ bankReconcile.prev (statement เดือนก่อน)
  ❌ [L16] มีใบ statement งวด 2026-08 — ได้ "ไม่มี"

M. WHT V2 + เช็ค V2
  ✅ [M1] เฉลยมีคีย์ whtV2 (seed ใหม่หลัง WO 5.4 แล้ว)
  ❌ [M2] WHT_CERT ฝั่งเครดิต (ถูกหักไว้) = 3 ใบ — ได้ 0 ต้องการ 3
  ❌ [M3] WHT_CERT ฝั่งหัก (เราหักผู้ขาย) = 3 ใบ — ได้ 0 ต้องการ 3
  ❌ [M4] ผลรวมภาษีถูกหักไว้ = เฉลย — ได้ 0 ต้องการ 180000
  ❌ [M5] ผลรวมภาษีที่หัก = เฉลย — ได้ 0 ต้องการ 69000
  ❌ [M6] เหลือ 2 ใบที่ยังไม่ยื่น (1 ใบยื่นแล้ว) — ได้ 0 ต้องการ 2
  ❌ [M6b] ใบที่ยื่นแล้ว whtFiledPeriodKey = 53:2026-09 — ได้ undefined ต้องการ "53:2026-09"
  ❌ [M6c] มีแถว AccountWhtFiling ของงวดที่ยื่นแล้ว — ได้ "ไม่มี"
  ✅ [M7] เฉลยมีคีย์ chequeV2 (seed ใหม่หลัง WO 5.4 แล้ว)
  ❌ [M8] เช็คทั้งหมด = 4 ใบ (2 รับ + 2 จ่าย) — ได้ 0 ต้องการ 4
  ❌ [M9] สถานะเช็ค: ON_HAND=1 · BOUNCED=1 · ISSUED=1 · VOIDED=1 — ได้ [0,0,0,0] ต้องการ [1,1,1,1]
  ✅ [M10] ไม่มีเช็คใดถูกเคลียร์ (ตั้งใจ — ดู wo-notes/5.4.md ขั้น 3)

N. PromptPay ลิงก์ชำระเงิน
  ✅ [N1] เฉลยมีคีย์ promptPay (seed ใหม่หลัง WO 5.5 แล้ว)
  ❌ [N2] คำขอชำระเงินทั้งหมด = 2 ใบ — ได้ 0 ต้องการ 2
  ❌ [N3] คำขอโหมด Beam อยู่ในฐานข้อมูล — ได้ "ไม่พบ"
  ❌ [N10] คำขอโหมด QR นิ่งอยู่ในฐานข้อมูล — ได้ "ไม่พบ"
  ✅ [N14] token ของทั้ง 2 ใบยาว ≥ 22 ตัว (128 บิต) และไม่ซ้ำกัน
  ❌ [N15] ยอด EWL001 = เฉลย (รวมเงินที่รับผ่านลิงก์แล้ว) — ได้ 0 ต้องการ 27335000

O. ผังบัญชี V2
  ✅ [O1] เฉลยมีคีย์ coa (seed รุ่น WO 6.1 ขึ้นไป)
  ❌ [O2] จำนวนบัญชีที่เปิดใช้งานใน DB = เฉลย — ได้ 0 ต้องการ 52
  ❌ [O3] มีบัญชีที่ผู้ใช้สร้างเอง 2 + ปิดใช้งาน 1 (4031/6301/6302) — ได้ [] ต้องการ ["4031","6301","6302"]
  ❌ [O4] 6301 ค่าโฆษณาออนไลน์: ไม่ใช่บัญชีระบบ · level 4 · WHT 2% ค่าโฆษณา · ภาษีซื้อขอคืนได้ — ได้ [null,null,null,null,null] ต้องการ [false,4,200,"ADVERTISING","CLAIMABLE"]
  ❌ [O5] 6301 มีคำอธิบาย (แผงขวาของ f8 ต้องมีข้อความจริงให้ดู) — ได้ "(ว่าง)"
  ❌ [O6] 6302 อยู่ในสถานะปิดใช้งาน (ไว้ทดสอบกู้คืน) — ได้ "ยังเปิดอยู่"
  ✅ [O7] 6302 ไม่มีรายการเคลื่อนไหว (ตัวเลขเงินของ seed จึงไม่ขยับ)
  ❌ [O8-1000-01] ยอดคงเหลือ 1000-01 ใน DB = เฉลย (124,880.00) — ได้ 0 ต้องการ 12488000
  ❌ [O8-1100] ยอดคงเหลือ 1100 ใน DB = เฉลย (494,300.00) — ได้ 0 ต้องการ 49430000
  ❌ [O8-4000] ยอดคงเหลือ 4000 ใน DB = เฉลย (1,411,214.97) — ได้ 0 ต้องการ 141121497

P. WO 6.2 (สมุดรายวัน V2 · ปิดงวด · ค่าเสื่อม)
  ❌ [P1] จำนวนใบสำคัญทั้งหมด = เฉลย (152) — ได้ 0 ต้องการ 152
  ❌ [P2] ใบสำคัญที่บันทึกด้วยมือ (source=MANUAL) = เฉลย (6) — ได้ 0 ต้องการ 6
  ❌ [P3] ใบที่ถูกกลับรายการ = เฉลย (1) — ได้ 0 ต้องการ 1
  ✅ [P4] ทุกใบที่ถูกกลับมีใบขากลับคู่กันครบ
  ❌ [P6] ทะเบียนสินทรัพย์ 2 รายการ — ได้ 0 ต้องการ 2
  ❌ [P7-FA-0001] มีสินทรัพย์ FA-0001 ในทะเบียน — ได้ "ไม่พบ"
  ❌ [P7-FA-0002] มีสินทรัพย์ FA-0002 ในทะเบียน — ได้ "ไม่พบ"
  ✅ [P12] ทุกแถวค่าเสื่อมผูกกับใบสำคัญ (entryId ไม่ว่าง)
  ❌ [P13] ค่าเสื่อมรวมทั้งชุด = เฉลย (32,999.91) — ได้ 0 ต้องการ 3299991
  ❌ [P14] ค่าเสื่อมสะสมในสมุดรายวัน (16x9) = ผลรวมตารางค่าเสื่อม — ได้ 0 ต้องการ 3299991
  ❌ [P15-2026-08] งวด 2026-08 ปิดแล้ว — ได้ "ไม่มีแถว" ต้องการ "CLOSED"
  ❌ [P16-2026-08] งวด 2026-08 มีผู้ปิดบันทึกไว้ — ได้ "ว่าง"
  ❌ [P17] งวด 2026-09 ยังเปิดอยู่ — ได้ "ไม่มีแถว" ต้องการ "OPEN"
  ❌ [P18-2026-08] ทำเครื่องหมายยื่น ภ.พ.30 งวด 2026-08 แล้ว — ได้ 0 ต้องการ 1
  ❌ [P19-manualJvId] fixture manualJvId ยังอยู่ใน DB — ได้ 0 ต้องการ 1
  ❌ [P19-flaggedJvId] fixture flaggedJvId ยังอยู่ใน DB — ได้ 0 ต้องการ 1
  ❌ [P19-reversedJvId] fixture reversedJvId ยังอยู่ใน DB — ได้ 0 ต้องการ 1
  ❌ [P19-reversalJvId] fixture reversalJvId ยังอยู่ใน DB — ได้ 0 ต้องการ 1
  ❌ [P19-assetOpeningJvId] fixture assetOpeningJvId ยังอยู่ใน DB — ได้ 0 ต้องการ 1

I. คลังเอกสาร V2
  ❌ [Q1] จำนวนไฟล์แนบตัวอย่าง (6 แถว) มีครบใน DB — ได้ 0 ต้องการ 6
  ❌ [Q2-unlinked1] unlinked1 มีจริงในระบบนี้ — ได้ "ไม่พบ"
  ❌ [Q2-unlinked2] unlinked2 มีจริงในระบบนี้ — ได้ "ไม่พบ"
  ❌ [Q2-unlinked3] unlinked3 มีจริงในระบบนี้ — ได้ "ไม่พบ"
  ❌ [Q6] linkedExp มีจริง — ได้ "ไม่พบ"
  ❌ [Q10] linkedIv มีจริง — ได้ "ไม่พบ"
  ❌ [Q14] notAccounting มีจริง — ได้ "ไม่พบ"
  ❌ [Q17] ตัวนับ UNLINKED ทั้งระบบ = เฉลย — ได้ 0 ต้องการ 3
  ❌ [Q18] ตัวนับ LINKED ทั้งระบบ = เฉลย — ได้ 0 ต้องการ 2
  ❌ [Q19] ตัวนับ NOT_ACCOUNTING ทั้งระบบ = เฉลย — ได้ 0 ต้องการ 1
  ❌ [Q20] ผู้อัปโหลดพนักงานคนที่ 2 เป็นสมาชิกร้านนี้จริง — ได้ undefined
  ❌ [Q21] ชื่อผู้อัปโหลดพนักงานคนที่ 2 ตรงเฉลย — ได้ undefined ต้องการ "นภาพร ใจเย็น"

J. กล่องขาเข้า + ผลอ่าน AI
  ✅ [R0] เฉลยมีบล็อกกล่องขาเข้า
  ❌ [R1] ไฟล์กล่องขาเข้าครบ 3 แถว — ได้ 0 ต้องการ 3
  ❌ [R2] สถานะ AI ทั้ง 3 (อ่านได้/ยังไม่อ่าน/ชนิดไฟล์อ่านไม่ได้) — ได้ [null,null,null] ต้องการ ["DONE",null,"UNSUPPORTED"]
  ❌ [R3] ที่มาของทั้ง 3 ไฟล์ — ได้ [null,null,null] ต้องการ ["CHAT","APP","UPLOAD"]
  ❌ [R4] ผู้ส่งของไฟล์จากแชท — ได้ undefined ต้องการ "เพชร (สาขาภูเก็ต)"
  ❌ [R5] ทั้ง 3 ไฟล์ยังลอย (UNLINKED) — กล่องขาเข้ามีของให้ทำงาน — ได้ [null,null,null] ต้องการ ["UNLINKED","UNLINKED","UNLINKED"]
  ❌ [R6] ผู้ขายบนบิล ปตท. — ได้ undefined ต้องการ "ปตท. สถานีบริการฉลอง"
  ❌ [R7] ยอดรวม (สตางค์) — ได้ undefined ต้องการ 124000
  ❌ [R8] VAT (สตางค์) — ได้ undefined ต้องการ 8112
  ❌ [R9] ยอดก่อน VAT (สตางค์) — ได้ undefined ต้องการ 115888
  ❌ [R10] เลขที่ใบกำกับ — ได้ undefined ต้องการ "6609-00231"
  ❌ [R11] วันที่บนบิล (ค.ศ.) — ได้ undefined ต้องการ "2026-08-22"
  ❌ [R12] ชนิดเอกสารที่ AI เดา — ได้ undefined ต้องการ "TAX_INVOICE"
  ❌ [R13] เลขคณิตของผลอ่านลงตัว (ก่อน VAT + VAT = ยอดรวม) — ได้ "undefined+undefined" ต้องการ "undefined"
  ❌ [R14] ทุกยอดเป็นจำนวนเต็มสตางค์ — ได้ "[null,null,null]"
  ❌ [R15] แถวที่อ่านแล้วมีโมเดล+เวลา+ค่าใช้จ่าย — ได้ "undefined · undefined"
  ❌ [R16] แถวที่อ่านไม่ได้เก็บเหตุผลภาษาไทย — ได้ undefined
  ❌ [R17] ไฟล์ที่ยังไม่เคยให้ AI อ่าน ทั้งระบบ — ได้ 0 ต้องการ 1
  ❌ [R18] ไฟล์ที่ AI อ่านได้ ทั้งระบบ — ได้ 0 ต้องการ 1
  ✅ [R19] ไฟล์ที่ AI อ่านแล้วตีความไม่ได้ ทั้งระบบ
  ❌ [R19b] ไฟล์ชนิดที่ AI ยังอ่านไม่ได้ (PDF) ทั้งระบบ — ได้ 0 ต้องการ 1
  ✅ [R20] ยังไม่มีเอกสารที่สร้างจากกล่องขาเข้าในชุดตั้งต้น
  ✅ [R21] ที่อยู่อีเมลกล่องขาเข้าเป็นของร้านนี้

S. ตั้งค่าเอกสาร (§9.2 · WO 8.1)
  ❌ [S1.INVOICE] เลขที่เอกสารของ INVOICE — ได้ undefined ต้องการ {"prefix":"INV","pattern":"INV-{ปีสั้น}{เดือน}-{0000}","reset":"MONTH"}
  ❌ [S1.QUOTATION] เลขที่เอกสารของ QUOTATION — ได้ undefined ต้องการ {"prefix":"QO","pattern":"QO-{ปี}-{00000}","reset":"YEAR"}
  ❌ [S1.EXPENSE] เลขที่เอกสารของ EXPENSE — ได้ undefined ต้องการ {"prefix":"EXP","pattern":"EXP-{0000}","reset":"NONE"}
  ❌ [S2.INVOICE] หมายเหตุ/เงื่อนไขของ INVOICE — ได้ undefined ต้องการ {"footer":"ขอบคุณที่ใช้บริการ SIAM DIVE QC — โอนแล้วส่งสลิปทางไลน์ได้เลย","terms":"ชำระภายใน 30 วันนับจากวันที่ออกใบแจ้งหนี้"}
  ❌ [S2.QUOTATION] หมายเหตุ/เงื่อนไขของ QUOTATION — ได้ undefined ต้องการ {"footer":"ราคานี้รวมอุปกรณ์ดำน้ำครบชุด","terms":"มัดจำ 30% เมื่อยืนยันการจอง"}
  ❌ [S3] วันครบกำหนดเริ่มต้น (รวมวิธีนับ) — ได้ {"quotationValidDays":30,"invoiceCreditDays":30,"purchaseOrderDueDays":7,"basis":"ISSUE"} ต้องการ {"quotationValidDays":15,"invoiceCreditDays":30,"purchaseOrderDueDays":10,"basis":"MONTH_END"}
  ❌ [S4] เทมเพลตพิมพ์ + ภาษา + ฟิลด์รหัส/รูปสินค้า — ได้ ["STANDARD","TH",false,false] ต้องการ ["COMPACT","TH",true,false]
  ✅ [S5] การแสดงข้อมูลสาธารณะ
  ✅ [S6] ใบกำกับภาษีอัตโนมัติ
  ✅ [S7] ลิงก์ให้ลูกค้าขอใบกำกับ
  ❌ [S8] กฎอัตโนมัติของเอกสาร (ล็อกเลข/เตือนข้ามลำดับ) — ได้ {"lockNumberOnIssue":true,"warnOnGap":false} ต้องการ {"lockNumberOnIssue":true,"warnOnGap":true}
  ❌ [S9] คอลัมน์เดิม defaultValidDays/defaultDueDays = ค่าเดียวกับตั้งค่าใหม่ — ได้ [30,30] ต้องการ [15,30]
  ❌ [S10] ช่องทางรับชำระบนเอกสาร เรียงตามลำดับที่ตั้งไว้ — ได้ [] ต้องการ ["cmungk3k800ry56kzx0ghyjnt","cmungk38t00l656kzmlbrjn9q","cmungk31600go56kz2xmvdxhn"]
  ❌ [S11] แท็กเอกสารที่ seed ไว้ — ได้ [] ต้องการ [{"name":"ทริปสิมิลัน","color":"blue","docTypes":["INVOICE","QUOTATION"]},{"name":"ลูกค้าองค์กร","color":"green","docTypes":[]}]
  ❌ [S12] ใบแจ้งหนี้ตัวอย่างติดแท็กไว้ (ผูกผ่าน tags[] เดิม) — ได้ null ต้องการ ["ทริปสิมิลัน"]
  ✅ [S13] ตารางเลขที่เอกสารครบทุกชนิดที่ตั้งค่าได้
  ❌ [S14] ตัวอย่างเลขถัดไปของใบแจ้งหนี้ใช้รูปแบบ INV-{ปีสั้น}{เดือน}-{0000} — ได้ "IV-2026-09-0001"
  ✅ [S15] เอกสารที่ seed ไว้ยังคงเลขเดิม (ตั้งค่าใหม่ไม่ย้อนไปแก้ของเก่า)

T. นโยบายบัญชี (§9.3 · WO 8.2)
  ❌ [T1] เดือนเริ่มปีบัญชี / วันปิดงวด — ได้ [1,null] ต้องการ [4,5]
  ❌ [T2] ป้ายรอบปีบัญชีที่ครอบวันอ้างอิงของชุดข้อมูล — ได้ "ปีบัญชี 2026 (ม.ค. 2026–ธ.ค. 2026)" ต้องการ "ปีบัญชี 2026 (เม.ย. 2026–มี.ค. 2027)"
  ❌ [T3] คีย์งวดต้น/ปลายรอบปีบัญชี — ได้ ["2026-01","2026-12"] ต้องการ ["2026-04","2027-03"]
  ✅ [T4] VAT (จด / อัตรา / จุดรับรู้)
  ✅ [T5] จุดรับรู้ VAT ที่ getSettings คืน (คอลัมน์ใหม่ ไม่ใช่ JSON เดิม)
  ❌ [T6] ประเภทราคาเริ่มต้น — ได้ null ต้องการ "INCL_VAT"
  ❌ [T7] วันล็อกข้อมูล (วันไทย) — ได้ null ต้องการ "2026-08-31"
  ❌ [T8] ข้อความล็อกเป็นภาษาคน — ได้ "ข้อมูลก่อนวันที่ 1 ม.ค. 1970 ถูกล็อกไว้ — ไปที่ ตั้งค่า › นโยบายบัญชี เพื่อปลดล็อก" ต้องการ "ข้อมูลก่อนวันที่ 31 ส.ค. 2026 ถูกล็อกไว้ — ไปที่ ตั้งค่า › นโยบายบัญชี เพื่อปลดล็อก"
  ❌ [T9] นโยบายชื่อซ้ำ (ผู้ติดต่อ / สินค้า) — ได้ ["WARN","WARN"] ต้องการ ["WARN","BLOCK"]
  ❌ [T10] บัญชีรายรับ/รายจ่ายเริ่มต้น 3 ตัว — ได้ [null,null,null] ต้องการ ["4030","5000","6900"]
  ❌ [T11] การออกเอกสารต่อ + คัดลอกหมายเหตุ/แท็ก — ได้ ["INVOICE","PURCHASE",true,true] ต้องการ ["DEPOSIT_RECEIPT","PURCHASE",true,true]
  ❌ [T12] ปิดงวดอัตโนมัติ + แจ้งเตือน — ได้ [true,true] ต้องการ [false,true]
  ❌ [T13] รายงานทางอีเมล + ผู้รับ — ได้ [false,false,[]] ต้องการ [false,true,["owner@siamdive-qc.test"]]
  ❌ [T14] หัก ณ ที่จ่ายเริ่มต้นต่อประเภทเงินได้ — ได้ [] ต้องการ [{"incomeType":"M40_8","rateBp":300,"expenseAccountCodes":["6900"]},{"incomeType":"M40_5","rateBp":500,"expenseAccountCodes":["6100"]}]
  ✅ [T15] นิยามลูกค้าประจำ
  ✅ [T16] หน้านโยบายบัญชีมีหัวข้อย่อยครบตาม §9.3
  ✅ [T17] เมนูตั้งค่า: หมวดนโยบายบัญชีเปิดใช้แล้ว (ไม่ใช่ 'เร็ว ๆ นี้')
  ❌ [T18] มีเอกสารที่ลงวันที่ตั้งแต่วันล็อกเป็นต้นไป (ล็อกไม่ได้แช่แข็งทั้งชุดข้อมูล) — ได้ 0 ต้องการ "> 0"

U. สิทธิ์ผู้ใช้งาน + การเชื่อมต่อ (WO 8.3)
  ❌ [U1] สิทธิ์บัญชีของพนักงานขายบน Membership — ได้ [] ต้องการ ["account.contact.manage","account.doc.create","account.doc.public_link","account.doc.view","account.product.manage"]
  ❌ [U2] สิทธิ์บัญชีของผู้อนุมัติบน Membership — ได้ [] ต้องการ ["account.approve.limit","account.doc.approve","account.doc.issue","account.doc.view","account.journal.view","account.report.view","account.tax.view"]
  ❌ [U3] เพดานอนุมัติของผู้อนุมัติ (สตางค์) — ได้ undefined ต้องการ 5000000
  ❌ [U4] จำนวนสมาชิกทั้งหมดในร้าน — ได้ 0 ต้องการ 6
  ❌ [U5] ผู้ใช้ที่มีสิทธิ์บัญชี (ตาราง §9.4) — ได้ 0 ต้องการ 5
  ✅ [U6] คนที่ไม่มีสิทธิ์บัญชีเลย ถูกกรองออก
  ❌ [U7] บทบาทบัญชีของร้าน — ได้ [] ต้องการ [{"key":"role1","name":"พนักงานขาย","capSatang":null},{"key":"role2","name":"ผู้อนุมัติ","capSatang":5000000}]
  ✅ [U8] จำนวนคีย์สิทธิ์ account.* ในทะเบียนกลาง
  ❌ [U9] ระบบที่เชื่อมแล้ว — ได้ [] ต้องการ ["CHAT","CRM","INVENTORY","MEMBER","POS"]
  ❌ [U10] ตัวเลือกที่เปิดของการ์ด POS — ได้ [] ต้องการ ["autoCreateContact","autoPost","syncProductPrices"]
  ❌ [U11] ตัวเลือกที่เปิดของการ์ดแชท (มี inboxFromChat ของ 7.2) — ได้ [] ต้องการ ["autoCreateContact","inboxFromChat"]
  ✅ [U12] ระบบ HR มีอยู่แต่ยังไม่เชื่อม (การ์ด 'ยังไม่เชื่อม')
  ❌ [U13] มีระบบ CHAT + HR ในร้าน — ได้ "2 ระบบ" ต้องการ "2 ระบบ"
  ❌ [U14] มีคีย์ API ของ seed — ได้ "1 คีย์" ต้องการ "1 คีย์"
  ❌ [U15] มีปลายทาง webhook ของ seed — ได้ "1 ปลายทาง" ต้องการ "1 ปลายทาง"
  ❌ [U16] มีสายอนุมัติเอกสารบัญชี (ให้คนเพดานสูงกว่ารับช่วง) — ได้ "1 สาย" ต้องการ "1 สาย"
  ✅ [U17] เมนูตั้งค่า: หมวดสิทธิ์ผู้ใช้งาน + การเชื่อมต่อ เปิดใช้แล้ว
  ✅ [U18] หัวข้อย่อยของ 2 หมวดใหม่

H. อายุของชุดข้อมูล
  ✅ [H1] ยังอยู่ในช่วงที่ตัวเลข "พ้นกำหนด" เชื่อถือได้ (ถึง 2026-10-31)

===== QC SEED CHECK บัญชี V2 =====
ผ่าน 44 · ตก 181 (รวม 225 ข้อ)
(node:983338) Warning: SECURITY WARNING: The SSL modes 'prefer', 'require', and 'verify-ca' are treated as aliases for 'verify-full'.
In the next major version (pg-connection-string v3.0.0 and pg v9.0.0), these modes will adopt standard libpq semantics, which have weaker security guarantees.

To prepare for this change:
- If you want the current behavior, explicitly use 'sslmode=verify-full'
- If you want libpq compatibility now, use 'uselibpqcompat=true&sslmode=require'

See https://www.postgresql.org/docs/current/libpq-ssl.html for libpq SSL mode definitions.
(Use `node --trace-warnings ...` to show where the warning was created)
