
===== QC WO 4.2 · POS ส่งบรรทัด (ขายอะไรดี / ขายใคร) =====
[env] DB ep-plain-art-ao3djg4u-pooler.c-2.ap-southeast-1.aws.neon.tech

PL1 ชุดข้อมูล QC: บิลขายหน้าร้าน 2 ใบ
  ❌ PL1.1 เอกสารบิลขายหน้าร้าน 2 ใบ — ได้ 0 · ควรได้ 2
  ❌ PL1.2 บรรทัดรวม 3 บรรทัด — ได้ 0 · ควรได้ 3
  ❌ PL1.3 ทุกบรรทัดผูกทะเบียนสินค้า (productId) — ได้ 0 · ควรได้ 3
  ❌ PL1.4 ยอดรวม 2 ใบ = ฿13,500.00 — ได้ 0 · ควรได้ 1350000
  ✅ PL1.5 ทุกใบ: ฐาน + VAT = ยอดรวม
  ❌ PL1.6 ใบที่ผูกผู้ติดต่อ (สมาชิก) = 1 — ได้ 0 · ควรได้ 1
  ❌ PL1.7 ใบที่ไม่ผูกผู้ติดต่อ (เดินเข้าร้าน) = 1 — ได้ 0 · ควรได้ 1
  ✅ PL1.8 ทุกใบสถานะ 'ชำระเงินแล้ว'
  ✅ PL1.9 ทุกใบที่มา = POS
  ✅ PL1.10 ทุกใบอ้างอิงบิล POS จริง (refType/refId)
  ❌ PL1.11 บิล POS ต้นทางครบทุกใบ — ได้ 0 · ควรได้ 2
  ✅ PL1.12 เลขที่เอกสาร = เลขใบเสร็จของ POS
  ✅ PL1.13 ยอดเอกสาร = ยอดบิล POS ทุกใบ
  ✅ PL1.14 เอกสารบิล POS ไม่มี JV ของตัวเอง (กันรายได้ซ้ำ)
  ❌ PL1.15 JV ของบิล POS = 2 (ใบละ 1) — ได้ 0 · ควรได้ 2
  ✅ PL1.16 JV ของบิล POS สมดุลทุกใบ
  ❌ PL1.17 จำนวนผู้ติดต่อไม่เพิ่ม (สมาชิกเดิมถูกใช้ซ้ำ) — ได้ 0 · ควรได้ 63

PL2 ขาย POS 2 บรรทัด → เอกสาร 1 ใบ + 2 บรรทัด
  ✅ PL2.1 โพสต์บัญชีสำเร็จ
  ✅ PL2.2 มีเอกสาร 1 ใบ
  ✅ PL2.3 เอกสารมี 2 บรรทัด
  ✅ PL2.4 ยอดรวมเอกสาร = ยอดบิล
  ✅ PL2.5 ฐาน + VAT = ยอดรวม
  ✅ PL2.6 productId ของบรรทัด = สินค้าบัญชีที่ผูก item
  ✅ PL2.7 ยอดต่อบรรทัด (รวม VAT)
  ✅ PL2.8 เลขที่เอกสาร = เลขใบเสร็จ POS
  ✅ PL2.9 เอกสารมาจาก POS
  ✅ PL2.10 เอกสารสถานะชำระแล้ว

PL3 GL เหมือนเดิมทุกประการ (มี lines vs ไม่มี lines · ยอดเท่ากัน)
  ✅ PL3.1 บิลที่ไม่ส่ง lines โพสต์สำเร็จ
  ✅ PL3.2 JV ของทั้งสองบิลเหมือนกันทุกขา
  ✅ PL3.3 บิลที่ไม่ส่ง lines ไม่มีเอกสาร (พฤติกรรมเดิม)
  ✅ PL3.4 JV มีบรรทัดเงินสด 1000 เต็มยอด

PL4 บรรทัดไม่ตรงยอดบิล → ปฏิเสธทั้งใบ
  ✅ PL4.1 ไม่โพสต์
  ✅ PL4.2 เหตุผลเป็นภาษาไทย บอกยอดทั้งสองฝั่ง
  ✅ PL4.3 ไม่มีเอกสาร
  ✅ PL4.4 ไม่มี JV
  ✅ PL4.5 จำนวน 0/ติดลบ → ไม่โพสต์
  ✅ PL4.6 เหตุผลบอกว่าบรรทัดไม่ถูกต้อง
  ✅ PL4.7 ไม่มี JV ของบิลที่บรรทัดเพี้ยน

PL5 เรียกซ้ำ (replay) → ไม่เบิ้ล
  ✅ PL5.1 เรียกซ้ำได้เอกสารใบเดิม
  ✅ PL5.2 จำนวนเอกสารของบิลนี้ยังเป็น 1
  ✅ PL5.3 บรรทัดไม่เพิ่ม
  ✅ PL5.4 JV ไม่เบิ้ล

PL6 void บิล → JV กลับรายการ + เอกสารถูกยกเลิก (บรรทัดยังอยู่)
  ✅ PL6.1 กลับรายการ JV สำเร็จ
  ✅ PL6.2 ยกเลิกเอกสารสำเร็จ
  ✅ PL6.3 เอกสารสถานะ VOIDED
  ✅ PL6.4 มีวันที่ยกเลิก + เหตุผล
  ✅ PL6.5 บรรทัดยังอยู่ครบ 2 (ไม่ลบ)
  ✅ PL6.6 JV ของบิลนี้กลายเป็น 2 entry (ต้นฉบับ + กลับรายการ)
  ✅ PL6.7 ผลรวมสุทธิหลังกลับรายการ = 0
  ✅ PL6.8 void ซ้ำไม่ยกเลิกเอกสารซ้ำ (idempotent)
  ✅ PL6.9 ยังมี 2 entry เท่าเดิม

PL7 ลูกค้ามี partyId → ใช้ผู้ติดต่อเดิม ไม่สร้างซ้ำ
  ✅ PL7.0 สร้าง Party ได้
  ✅ PL7.1 เอกสารผูกผู้ติดต่อเดิม (partyId)
  ✅ PL7.2 ไม่มีผู้ติดต่อใหม่
  ✅ PL7.3 บิลที่ 2 ของคนเดิม → ผู้ติดต่อเดิม
  ✅ PL7.4 ผู้ติดต่อยังไม่เพิ่ม
  ✅ PL7.5 เอกสารของลูกค้ารายนี้ = 2 ใบ (โปรไฟล์ 360° เห็นครบ)

PL8 ลูกค้าเดินเข้าร้าน (ไม่มีข้อมูลลูกค้า) → ไม่ผูกผู้ติดต่อ · ไม่สร้าง 'ลูกค้าทั่วไป'
  ✅ PL8.1 เอกสารไม่ผูกผู้ติดต่อ
  ✅ PL8.2 ไม่มีผู้ติดต่อใหม่
  ✅ PL8.3 customer ว่างเปล่า = เดินเข้าร้าน (ไม่ผูก ไม่สร้าง)
  ✅ PL8.4 ผู้ติดต่อยังเท่าเดิม
  ✅ PL8.5 ลูกค้าใหม่ (มีเบอร์) → สร้างผู้ติดต่อให้
  ✅ PL8.6 ผู้ติดต่อเพิ่มขึ้น 1

PL9 ของร้านอื่นต้องไม่ถูกผูกเข้ามา (tenant isolation)
  ✅ PL9.1 บิลยังโพสต์ได้ (เงินต้องเข้าบัญชี)
  ✅ PL9.2 บรรทัดไม่ผูกสินค้าข้ามร้าน (productId = null)
  ✅ PL9.3 ไม่มีบรรทัดของร้านอื่นถูกสร้างในร้านนี้
  ✅ PL9.4 ร้านอื่นไม่มีเอกสารเกิดขึ้นเลย

PL10 'ขายอะไรดี / ขายใคร' เห็นยอดขายหน้าร้าน (เทียบ SQL อิสระ)
  ❌ PL10.3 หน้ากากดำน้ำ Aqualung: จำนวน 2 ชิ้น (ขายจาก POS 2 บิล) — ได้ 0 · ควรได้ 2
  ❌ PL10.4 หน้ากากดำน้ำ Aqualung: ยอด 570,000 สตางค์ — ได้ 0 · ควรได้ 570000
  ❌ PL10.5 ถังอากาศ 12 ลิตร: ยอด 780,000 สตางค์ — ได้ 0 · ควรได้ 780000
  ❌ PL10.6 อันดับสินค้าที่มาจาก POS ผูก productId จริง (ไม่ใช่จับกลุ่มด้วยชื่อ) — {}
  ❌ PL10.7 มีบิล POS ที่ไม่ผูกผู้ติดต่อ (เดินเข้าร้าน) ในข้อมูลจริง — ไม่มี

PL11 bridge: บิลมีส่วนลดท้ายบิล → เกลี่ยลงบรรทัดให้ Σ = ยอดบิล
  ✅ PL11.1 โพสต์สำเร็จ
  ✅ PL11.2 บิลที่มีส่วนลดท้ายบิลก็ยังได้เอกสาร
  ✅ PL11.3 ยอดเอกสาร = ยอดบิลหลังส่วนลด
  ✅ PL11.4 บรรทัดครบ 2
  ✅ PL11.5 Σ ยอดบรรทัด = ยอดบิล (เกลี่ยส่วนลดแล้ว)
  ✅ PL11.6 ส่วนลดถูกเกลี่ยตามสัดส่วน (บรรทัดแพงกว่าโดนมากกว่า)
  ✅ PL11.7 JV ของบิลนี้ยังลงเต็มยอดสุทธิ

🧹 ลบร้านทดสอบ 2 ร้าน

===== QC WO 4.2 · POS ส่งบรรทัด สรุป =====
ผ่าน 65 · ตก 14
  - PL1.1 เอกสารบิลขายหน้าร้าน 2 ใบ — ได้ 0 · ควรได้ 2
  - PL1.2 บรรทัดรวม 3 บรรทัด — ได้ 0 · ควรได้ 3
  - PL1.3 ทุกบรรทัดผูกทะเบียนสินค้า (productId) — ได้ 0 · ควรได้ 3
  - PL1.4 ยอดรวม 2 ใบ = ฿13,500.00 — ได้ 0 · ควรได้ 1350000
  - PL1.6 ใบที่ผูกผู้ติดต่อ (สมาชิก) = 1 — ได้ 0 · ควรได้ 1
  - PL1.7 ใบที่ไม่ผูกผู้ติดต่อ (เดินเข้าร้าน) = 1 — ได้ 0 · ควรได้ 1
  - PL1.11 บิล POS ต้นทางครบทุกใบ — ได้ 0 · ควรได้ 2
  - PL1.15 JV ของบิล POS = 2 (ใบละ 1) — ได้ 0 · ควรได้ 2
  - PL1.17 จำนวนผู้ติดต่อไม่เพิ่ม (สมาชิกเดิมถูกใช้ซ้ำ) — ได้ 0 · ควรได้ 63
  - PL10.3 หน้ากากดำน้ำ Aqualung: จำนวน 2 ชิ้น (ขายจาก POS 2 บิล) — ได้ 0 · ควรได้ 2
  - PL10.4 หน้ากากดำน้ำ Aqualung: ยอด 570,000 สตางค์ — ได้ 0 · ควรได้ 570000
  - PL10.5 ถังอากาศ 12 ลิตร: ยอด 780,000 สตางค์ — ได้ 0 · ควรได้ 780000
  - PL10.6 อันดับสินค้าที่มาจาก POS ผูก productId จริง (ไม่ใช่จับกลุ่มด้วยชื่อ) — {}
  - PL10.7 มีบิล POS ที่ไม่ผูกผู้ติดต่อ (เดินเข้าร้าน) ในข้อมูลจริง — ไม่มี
JSON_SUMMARY {"total":79,"passed":65,"findings":["PL1.1 เอกสารบิลขายหน้าร้าน 2 ใบ — ได้ 0 · ควรได้ 2","PL1.2 บรรทัดรวม 3 บรรทัด — ได้ 0 · ควรได้ 3","PL1.3 ทุกบรรทัดผูกทะเบียนสินค้า (productId) — ได้ 0 · ควรได้ 3","PL1.4 ยอดรวม 2 ใบ = ฿13,500.00 — ได้ 0 · ควรได้ 1350000","PL1.6 ใบที่ผูกผู้ติดต่อ (สมาชิก) = 1 — ได้ 0 · ควรได้ 1","PL1.7 ใบที่ไม่ผูกผู้ติดต่อ (เดินเข้าร้าน) = 1 — ได้ 0 · ควรได้ 1","PL1.11 บิล POS ต้นทางครบทุกใบ — ได้ 0 · ควรได้ 2","PL1.15 JV ของบิล POS = 2 (ใบละ 1) — ได้ 0 · ควรได้ 2","PL1.17 จำนวนผู้ติดต่อไม่เพิ่ม (สมาชิกเดิมถูกใช้ซ้ำ) — ได้ 0 · ควรได้ 63","PL10.3 หน้ากากดำน้ำ Aqualung: จำนวน 2 ชิ้น (ขายจาก POS 2 บิล) — ได้ 0 · ควรได้ 2","PL10.4 หน้ากากดำน้ำ Aqualung: ยอด 570,000 สตางค์ — ได้ 0 · ควรได้ 570000","PL10.5 ถังอากาศ 12 ลิตร: ยอด 780,000 สตางค์ — ได้ 0 · ควรได้ 780000","PL10.6 อันดับสินค้าที่มาจาก POS ผูก productId จริง (ไม่ใช่จับกลุ่มด้วยชื่อ) — {}","PL10.7 มีบิล POS ที่ไม่ผูกผู้ติดต่อ (เดินเข้าร้าน) ในข้อมูลจริง — ไม่มี"]}
(node:981439) Warning: SECURITY WARNING: The SSL modes 'prefer', 'require', and 'verify-ca' are treated as aliases for 'verify-full'.
In the next major version (pg-connection-string v3.0.0 and pg v9.0.0), these modes will adopt standard libpq semantics, which have weaker security guarantees.

To prepare for this change:
- If you want the current behavior, explicitly use 'sslmode=verify-full'
- If you want libpq compatibility now, use 'uselibpqcompat=true&sslmode=require'

See https://www.postgresql.org/docs/current/libpq-ssl.html for libpq SSL mode definitions.
(Use `node --trace-warnings ...` to show where the warning was created)
