
===== QC WO 5.4 · WHT 2 ขา V2 + เช็ค V2 =====
[env] DB ep-plain-art-ao3djg4u-pooler.c-2.ap-southeast-1.aws.neon.tech

T1 รายการ WHT หัก ณ ที่จ่าย (เราหักผู้ขาย):
  ✅ T1.1 จำนวนใบ = SQL อิสระ
  ✅ T1.2 ผลรวมฐาน = SQL อิสระ
  ✅ T1.3 ผลรวมภาษี = SQL อิสระ
  ❌ T1.4 ผลรวมภาษี = เฉลย seed (3 ใบ) — ได้ 0 · ควรได้ 69000
  ✅ T1.5 tabCounts.ALL = จำนวนใบทั้งหมด
  ✅ T1.6 tabCounts.NORMAL = ALL (ยังไม่มีใบถูกยกเลิก)
  ✅ T1.7 tabCounts.CANCELLED = 0
  ❌ T1.8 ทุกแถวมี certId ตรงเฉลย seed — 
  ✅ T1.9 ทุกแถวมี sourceDocNo (ผูกเอกสารต้นทางจริง)
  ❌ T1.10 มี 1 แถวที่ยื่นแล้ว (2 แถวยังไม่ยื่น) — ได้ 0 · ควรได้ 1
  ❌ T1.11 ใบที่ยื่นแล้ว filedPeriodKey = เฉลย — ได้ undefined · ควรได้ "53:2026-09"

T2 รายการ WHT ถูกหักไว้ (ลูกค้าหักเรา):
  ✅ T2.1 จำนวนใบ = SQL อิสระ
  ✅ T2.2 ผลรวมภาษี = SQL อิสระ
  ❌ T2.3 ผลรวมภาษี = เฉลย seed (3 ใบ) — ได้ 0 · ควรได้ 180000
  ❌ T2.4 ทุกแถวมี certId ตรงเฉลย seed — 

T3 ตัวกรองวันที่ชำระ:
  ❌ T3.1 หัก ส.ค. เท่านั้น = 1 ใบ — ได้ 0 · ควรได้ 1
  ❌ T3.2 เครดิต ส.ค. เท่านั้น = 1 ใบ — ได้ 0 · ควรได้ 1
  ❌ T3.3 หัก ก.ย. เท่านั้น = 2 ใบ — ได้ 0 · ควรได้ 2

T4 ค้นหา:
  ❌ T4.1 ค้นหาชื่อผู้ขาย = 1 ใบ — ได้ 0 · ควรได้ 1
  ✅ T4.2 ค้นหาไม่พบ = 0 ใบ

T5 เครดิตภาษีสะสมปีนี้:
  ✅ T5.1 = Σ WHT_CERT OUT ISSUED ปี 2026 (SQL อิสระ)
  ❌ T5.2 = เฉลย seed — ได้ 0 · ควรได้ 180000

T6 ส่งออก CSV ภ.ง.ด.:
  ✅ T6.1 มี BOM UTF-8
  ✅ T6.2 หัวคอลัมน์ตามฟอร์ม RD (มีสาขา)
  ❌ T6.3 ภ.ง.ด.53 ส.ค. = 1 แถวข้อมูล + 1 แถวรวม — ได้ 1 · ควรได้ 2
  ❌ T6.4 มีคอลัมน์สาขา 00000 (ผู้รับเป็นสำนักงานใหญ่) — 
  ❌ T6.5 ภ.ง.ด.3 ก.ย. = 1 แถวข้อมูล + 1 แถวรวม (บุคคลธรรมดา) — ได้ 1 · ควรได้ 2
  ❌ T6.6 ภ.ง.ด.53 ก.ย. = 1 แถวข้อมูล + 1 แถวรวม (นิติบุคคล) — ได้ 1 · ควรได้ 2

T7 สรุปเช็ค:
  ✅ T7.1 รอเรียกเก็บ (เช็ครับ) = SQL อิสระ
  ❌ T7.2 รอเรียกเก็บ (เช็ครับ) = ฿850,000 สตางค์ (เช็คที่ยังไม่เด้ง) — ได้ 0 · ควรได้ 850000
  ❌ T7.3 ครบกำหนดใน 7 วัน ≥ 1 (เช็คดิว 5 วัน) — 
  ❌ T7.4 เช็คจ่ายรอตัด = ฿950,000 สตางค์ (ใบที่ยังไม่ยกเลิก) — ได้ 0 · ควรได้ 950000
  ❌ T7.5 เช็ครับ: ON_HAND=1 · BOUNCED=1 — ได้ [0,0] · ควรได้ [1,1]
  ❌ T7.6 เช็คจ่าย: ISSUED=1 · VOIDED=1 — ได้ [0,0] · ควรได้ [1,1]

T8 รายการเช็ค:
  ❌ T8.1 พบเช็ครับที่ครบกำหนด 5 วัน — 
  ✅ T8.2 เช็คลอย: contactName/documentNo = null
  ❌ T8.3 เช็คที่เด้ง สถานะ = BOUNCED — ได้ undefined · ควรได้ "BOUNCED"

── สร้างร้านทดสอบ (มัดจำ/EXPENSE + เช็คสำหรับทดสอบ mutation) ──

T9 ทำเครื่องหมายนำส่งแล้ว:
  ✅ T9.0 ก่อนยื่น: whtFiledPeriodKey = null
  ✅ T9.1 certCount = 1
  ✅ T9.2 totalTaxSatang = 30,000
  ✅ T9.3 stamp whtFiledPeriodKey = 53:2026-09
  ✅ T9.4 มีแถว AccountWhtFiling 1 แถว
  ✅ T9.5 เรียกซ้ำ certCount/totalTax เท่าเดิม (idempotent)
  ✅ T9.6 ยังมีแถว AccountWhtFiling แค่ 1 แถว (ไม่สร้างซ้ำ)
  ✅ T9.7 validateMarkFiledSelection ok=true
  ✅ T9.8 alreadyFiled = true

T10 ยกเลิกเครื่องหมายนำส่ง (owner-only):
  ✅ T10.1 staff (ไม่มี account.wht.unmark) ถูกปฏิเสธ (โยน: ไม่มีสิทธิ์: account.wht.unmark)
  ✅ T10.2 owner ผ่านด่าน account.wht.unmark
  ✅ T10.3 whtFiledPeriodKey ถูกล้าง = null
  ✅ T10.4 แถว AccountWhtFiling ถูกลบ
  ✅ T10.5 unmarkFiled งวดที่ไม่เคยยื่น = ปฏิเสธ (เหตุผล: งวดนี้ยังไม่ได้ทำเครื่องหมายนำส่ง)

T11 ยกเลิกรายการชำระ → 50 ทวิ ถูกยกเลิกตาม:
  ✅ T11.1 สถานะ 50 ทวิ = VOIDED
  ✅ T11.2 แท็บ 'ยกเลิก' เห็นใบนี้ 1 ใบ
  ✅ T11.3 แท็บ 'ปกติ' ไม่เห็นใบนี้แล้ว

T12 ด่านสิทธิ์:
  ✅ T12.1 พนักงานที่ไม่มี account.wht.manage ถูกปฏิเสธ (โยน: ไม่มีสิทธิ์: account.wht.manage)
  ✅ T12.2 พนักงานที่ไม่มี account.cheque.manage ถูกปฏิเสธ (โยน: ไม่มีสิทธิ์: account.cheque.manage)
  ✅ T12.3 staff ที่มี account.wht.manage ผ่านด่าน

T13 แยกร้าน:
  ✅ T13.1 certId ของร้านจริงมองไม่เห็นจากร้านทดสอบ
  ✅ T13.2 chequeId ของร้านจริงมองไม่เห็นจากร้านทดสอบ

T14 lifecycle เช็ค:
  ✅ T14.1 นำฝากสำเร็จ
  ✅ T14.2 depositedAt ถูกบันทึก
  ✅ T14.3 นำฝากซ้ำ = ปฏิเสธ (เหตุผล: เช็คนี้ไม่อยู่สถานะรอนำฝาก)
  ✅ T14.4 เคลียร์สำเร็จ
  ✅ T14.5 ยกเลิกเช็คที่เคลียร์แล้ว (voidCheque ผิดทิศ) = ปฏิเสธ (เหตุผล: ยกเลิกได้เฉพาะเช็คจ่าย)
  ✅ T14.6 บันทึกเด้งสำเร็จ
  ✅ T14.7 เคลียร์เช็คที่เด้งแล้ว = ปฏิเสธ (ตัวอย่างจาก WO) (เหตุผล: เช็คนี้ถูกบันทึกเด้งแล้ว — เคลียร์ได้เฉพาะเช็ครับที่นำฝากก่อน)
  ✅ T14.8 ยกเลิกเช็คจ่ายสำเร็จ
  ✅ T14.9 ยกเลิกเช็คจ่ายที่ยกเลิกไปแล้ว = ปฏิเสธ (เหตุผล: เช็คนี้ถูกยกเลิกไปแล้ว — ยกเลิกได้เฉพาะเช็คจ่ายที่ยังไม่ถูกเรียกเก็บ ไม่ต้องทำซ้ำ)
  ✅ T14.10 เด้งเช็คจ่าย (bounceCheque ผิดทิศ) = ปฏิเสธ (เหตุผล: เด้งได้เฉพาะเช็ครับ)

🧹 ลบร้านทดสอบแล้ว

===== QC WO 5.4 · WHT 2 ขา V2 + เช็ค V2 สรุป =====
ผ่าน 47 · ตก 22
  - T1.4 ผลรวมภาษี = เฉลย seed (3 ใบ) — ได้ 0 · ควรได้ 69000
  - T1.8 ทุกแถวมี certId ตรงเฉลย seed — 
  - T1.10 มี 1 แถวที่ยื่นแล้ว (2 แถวยังไม่ยื่น) — ได้ 0 · ควรได้ 1
  - T1.11 ใบที่ยื่นแล้ว filedPeriodKey = เฉลย — ได้ undefined · ควรได้ "53:2026-09"
  - T2.3 ผลรวมภาษี = เฉลย seed (3 ใบ) — ได้ 0 · ควรได้ 180000
  - T2.4 ทุกแถวมี certId ตรงเฉลย seed — 
  - T3.1 หัก ส.ค. เท่านั้น = 1 ใบ — ได้ 0 · ควรได้ 1
  - T3.2 เครดิต ส.ค. เท่านั้น = 1 ใบ — ได้ 0 · ควรได้ 1
  - T3.3 หัก ก.ย. เท่านั้น = 2 ใบ — ได้ 0 · ควรได้ 2
  - T4.1 ค้นหาชื่อผู้ขาย = 1 ใบ — ได้ 0 · ควรได้ 1
  - T5.2 = เฉลย seed — ได้ 0 · ควรได้ 180000
  - T6.3 ภ.ง.ด.53 ส.ค. = 1 แถวข้อมูล + 1 แถวรวม — ได้ 1 · ควรได้ 2
  - T6.4 มีคอลัมน์สาขา 00000 (ผู้รับเป็นสำนักงานใหญ่) — 
  - T6.5 ภ.ง.ด.3 ก.ย. = 1 แถวข้อมูล + 1 แถวรวม (บุคคลธรรมดา) — ได้ 1 · ควรได้ 2
  - T6.6 ภ.ง.ด.53 ก.ย. = 1 แถวข้อมูล + 1 แถวรวม (นิติบุคคล) — ได้ 1 · ควรได้ 2
  - T7.2 รอเรียกเก็บ (เช็ครับ) = ฿850,000 สตางค์ (เช็คที่ยังไม่เด้ง) — ได้ 0 · ควรได้ 850000
  - T7.3 ครบกำหนดใน 7 วัน ≥ 1 (เช็คดิว 5 วัน) — 
  - T7.4 เช็คจ่ายรอตัด = ฿950,000 สตางค์ (ใบที่ยังไม่ยกเลิก) — ได้ 0 · ควรได้ 950000
  - T7.5 เช็ครับ: ON_HAND=1 · BOUNCED=1 — ได้ [0,0] · ควรได้ [1,1]
  - T7.6 เช็คจ่าย: ISSUED=1 · VOIDED=1 — ได้ [0,0] · ควรได้ [1,1]
  - T8.1 พบเช็ครับที่ครบกำหนด 5 วัน — 
  - T8.3 เช็คที่เด้ง สถานะ = BOUNCED — ได้ undefined · ควรได้ "BOUNCED"
JSON_SUMMARY {"total":69,"passed":47,"findings":["T1.4 ผลรวมภาษี = เฉลย seed (3 ใบ) — ได้ 0 · ควรได้ 69000","T1.8 ทุกแถวมี certId ตรงเฉลย seed — ","T1.10 มี 1 แถวที่ยื่นแล้ว (2 แถวยังไม่ยื่น) — ได้ 0 · ควรได้ 1","T1.11 ใบที่ยื่นแล้ว filedPeriodKey = เฉลย — ได้ undefined · ควรได้ \"53:2026-09\"","T2.3 ผลรวมภาษี = เฉลย seed (3 ใบ) — ได้ 0 · ควรได้ 180000","T2.4 ทุกแถวมี certId ตรงเฉลย seed — ","T3.1 หัก ส.ค. เท่านั้น = 1 ใบ — ได้ 0 · ควรได้ 1","T3.2 เครดิต ส.ค. เท่านั้น = 1 ใบ — ได้ 0 · ควรได้ 1","T3.3 หัก ก.ย. เท่านั้น = 2 ใบ — ได้ 0 · ควรได้ 2","T4.1 ค้นหาชื่อผู้ขาย = 1 ใบ — ได้ 0 · ควรได้ 1","T5.2 = เฉลย seed — ได้ 0 · ควรได้ 180000","T6.3 ภ.ง.ด.53 ส.ค. = 1 แถวข้อมูล + 1 แถวรวม — ได้ 1 · ควรได้ 2","T6.4 มีคอลัมน์สาขา 00000 (ผู้รับเป็นสำนักงานใหญ่) — ","T6.5 ภ.ง.ด.3 ก.ย. = 1 แถวข้อมูล + 1 แถวรวม (บุคคลธรรมดา) — ได้ 1 · ควรได้ 2","T6.6 ภ.ง.ด.53 ก.ย. = 1 แถวข้อมูล + 1 แถวรวม (นิติบุคคล) — ได้ 1 · ควรได้ 2","T7.2 รอเรียกเก็บ (เช็ครับ) = ฿850,000 สตางค์ (เช็คที่ยังไม่เด้ง) — ได้ 0 · ควรได้ 850000","T7.3 ครบกำหนดใน 7 วัน ≥ 1 (เช็คดิว 5 วัน) — ","T7.4 เช็คจ่ายรอตัด = ฿950,000 สตางค์ (ใบที่ยังไม่ยกเลิก) — ได้ 0 · ควรได้ 950000","T7.5 เช็ครับ: ON_HAND=1 · BOUNCED=1 — ได้ [0,0] · ควรได้ [1,1]","T7.6 เช็คจ่าย: ISSUED=1 · VOIDED=1 — ได้ [0,0] · ควรได้ [1,1]","T8.1 พบเช็ครับที่ครบกำหนด 5 วัน — ","T8.3 เช็คที่เด้ง สถานะ = BOUNCED — ได้ undefined · ควรได้ \"BOUNCED\""]}
(node:983856) Warning: SECURITY WARNING: The SSL modes 'prefer', 'require', and 'verify-ca' are treated as aliases for 'verify-full'.
In the next major version (pg-connection-string v3.0.0 and pg v9.0.0), these modes will adopt standard libpq semantics, which have weaker security guarantees.

To prepare for this change:
- If you want the current behavior, explicitly use 'sslmode=verify-full'
- If you want libpq compatibility now, use 'uselibpqcompat=true&sslmode=require'

See https://www.postgresql.org/docs/current/libpq-ssl.html for libpq SSL mode definitions.
(Use `node --trace-warnings ...` to show where the warning was created)
