
===== QC WO 9.1 · มือถือทำงานได้จริง =====
[env] DB ep-plain-art-ao3djg4u-pooler.c-2.ap-southeast-1.aws.neon.tech

  ❌ [J1] เปิดฟอร์มใบแจ้งหนี้มือถือ (accordion) สำเร็จ — 
  ❌ [J1] แตะแถวผู้ติดต่อเปิดแผ่นเลือกผู้ติดต่อ — 
  ❌ [J1] แผ่นผู้ติดต่อเปิดจริง — 
  ❌ [J1] พิมพ์ค้นหาผู้ติดต่อได้ — 
  ❌ [J1] ผลค้นหาผู้ติดต่อขึ้นจริง — 
  ✅ [J1] เลือกแล้วแผ่นผู้ติดต่อปิดเอง (onSelect ปิดแผ่น)
  ❌ [J1] เลือกผู้ติดต่อแล้วชื่อขึ้นในแถวสรุป — ได้ ""
  ❌ [J1] เปิดเมนู ⋯ ของการ์ดบรรทัดที่ 1 — 
  ❌ [J1] เมนูเปิดจริง — 
  ❌ [J1] กด "แก้ไข" — 
  ❌ [J1] แผ่นแก้ไขรายการที่ 1 เปิดจริง — 
  ❌ [J1] กรอกชื่อรายการที่ 1 — 
  ❌ [J1] กรอกราคาต่อหน่วยรายการที่ 1 — 
  ❌ [J1] กดเสร็จ ปิดแผ่นแก้ไขรายการที่ 1 — 
  ❌ [J1] กดปุ่ม + เพิ่มรายการ (เต็มกว้างเส้นประตาม §13) — 
  ❌ [J1] การ์ดบรรทัดที่ 2 ขึ้นจริง — 
  ❌ [J1] แผ่นแก้ไขรายการที่ 2 เปิดเองหลังกด + — 
  ❌ [J1] กรอกชื่อรายการที่ 2 — 
  ❌ [J1] กรอกราคาต่อหน่วยรายการที่ 2 — 
  ❌ [J1] กดเสร็จ ปิดแผ่นแก้ไขรายการที่ 2 — 
  ✅ [J1 ฟอร์มก่อนอนุมัติ] ไม่ล้นแนวนอน (390px)
  ❌ [J1 ฟอร์มก่อนอนุมัติ] ปุ่มหลัก [data-testid="btn-approve-m"] touch target ≥40px — ไม่พบปุ่ม
  ❌ [J1] กด "อนุมัติ" — 
  ❌ [J1] อนุมัติแล้ว redirect ไปหน้าเอกสาร — url จริง: http://127.0.0.1:3215/app/sys/cmungjx0t000456kzud07jupq/account/docs/INVOICE/new
  ❌ [J2] รับชำระผ่านแผ่นมือถือ — ข้าม — J1 ไม่ได้เอกสารมา
  ❌ [J3] เปิดกล่องขาเข้ามือถือ — 
  ✅ [J3 กล่องขาเข้ามือถือ] ไม่ล้นแนวนอน (390px)
  ❌ [J3 กล่องขาเข้ามือถือ] ปุ่มหลัก [data-testid="inbox-capture-btn"] touch target ≥40px — ไม่พบปุ่ม
  ❌ [J3] พบช่องอัปโหลดกล้อง (accept=image/* capture=environment) — 
  ❌ [J3] อัปโหลดเสร็จ (แถบสถานะขึ้น 'เสร็จ') — 
  ❌ [J3·DB] จำนวนไฟล์ในกล่องขาเข้าเพิ่มขึ้น 1 — ก่อน 0 · หลัง 0
  ❌ [J3·DB] ไฟล์ที่อัปโหลดหาเจอจริงในกล่องขาเข้า — 
  ❌ [J4] อนุมัติ PO เกินเพดานจากมือถือ — ไม่พบผู้ขายใน tenant QC — รัน seed ก่อน

🧹 ลบข้อมูลทดสอบ + session ชั่วคราวแล้ว (ตัวนับแท็บ/เฉลยของ WO อื่นไม่เพี้ยน)

===== QC WO 9.1 · มือถือทำงานได้จริง สรุป =====
ผ่าน 3 · ตก 30 (รวม 33 ข้อ)

พบปัญหา:
  - [J1] เปิดฟอร์มใบแจ้งหนี้มือถือ (accordion) สำเร็จ — 
  - [J1] แตะแถวผู้ติดต่อเปิดแผ่นเลือกผู้ติดต่อ — 
  - [J1] แผ่นผู้ติดต่อเปิดจริง — 
  - [J1] พิมพ์ค้นหาผู้ติดต่อได้ — 
  - [J1] ผลค้นหาผู้ติดต่อขึ้นจริง — 
  - [J1] เลือกผู้ติดต่อแล้วชื่อขึ้นในแถวสรุป — ได้ ""
  - [J1] เปิดเมนู ⋯ ของการ์ดบรรทัดที่ 1 — 
  - [J1] เมนูเปิดจริง — 
  - [J1] กด "แก้ไข" — 
  - [J1] แผ่นแก้ไขรายการที่ 1 เปิดจริง — 
  - [J1] กรอกชื่อรายการที่ 1 — 
  - [J1] กรอกราคาต่อหน่วยรายการที่ 1 — 
  - [J1] กดเสร็จ ปิดแผ่นแก้ไขรายการที่ 1 — 
  - [J1] กดปุ่ม + เพิ่มรายการ (เต็มกว้างเส้นประตาม §13) — 
  - [J1] การ์ดบรรทัดที่ 2 ขึ้นจริง — 
  - [J1] แผ่นแก้ไขรายการที่ 2 เปิดเองหลังกด + — 
  - [J1] กรอกชื่อรายการที่ 2 — 
  - [J1] กรอกราคาต่อหน่วยรายการที่ 2 — 
  - [J1] กดเสร็จ ปิดแผ่นแก้ไขรายการที่ 2 — 
  - [J1 ฟอร์มก่อนอนุมัติ] ปุ่มหลัก [data-testid="btn-approve-m"] touch target ≥40px — ไม่พบปุ่ม
  - [J1] กด "อนุมัติ" — 
  - [J1] อนุมัติแล้ว redirect ไปหน้าเอกสาร — url จริง: http://127.0.0.1:3215/app/sys/cmungjx0t000456kzud07jupq/account/docs/INVOICE/new
  - [J2] รับชำระผ่านแผ่นมือถือ — ข้าม — J1 ไม่ได้เอกสารมา
  - [J3] เปิดกล่องขาเข้ามือถือ — 
  - [J3 กล่องขาเข้ามือถือ] ปุ่มหลัก [data-testid="inbox-capture-btn"] touch target ≥40px — ไม่พบปุ่ม
  - [J3] พบช่องอัปโหลดกล้อง (accept=image/* capture=environment) — 
  - [J3] อัปโหลดเสร็จ (แถบสถานะขึ้น 'เสร็จ') — 
  - [J3·DB] จำนวนไฟล์ในกล่องขาเข้าเพิ่มขึ้น 1 — ก่อน 0 · หลัง 0
  - [J3·DB] ไฟล์ที่อัปโหลดหาเจอจริงในกล่องขาเข้า — 
  - [J4] อนุมัติ PO เกินเพดานจากมือถือ — ไม่พบผู้ขายใน tenant QC — รัน seed ก่อน

JSON_SUMMARY {"total":33,"passed":3,"findings":["[J1] เปิดฟอร์มใบแจ้งหนี้มือถือ (accordion) สำเร็จ — ","[J1] แตะแถวผู้ติดต่อเปิดแผ่นเลือกผู้ติดต่อ — ","[J1] แผ่นผู้ติดต่อเปิดจริง — ","[J1] พิมพ์ค้นหาผู้ติดต่อได้ — ","[J1] ผลค้นหาผู้ติดต่อขึ้นจริง — ","[J1] เลือกผู้ติดต่อแล้วชื่อขึ้นในแถวสรุป — ได้ \"\"","[J1] เปิดเมนู ⋯ ของการ์ดบรรทัดที่ 1 — ","[J1] เมนูเปิดจริง — ","[J1] กด \"แก้ไข\" — ","[J1] แผ่นแก้ไขรายการที่ 1 เปิดจริง — ","[J1] กรอกชื่อรายการที่ 1 — ","[J1] กรอกราคาต่อหน่วยรายการที่ 1 — ","[J1] กดเสร็จ ปิดแผ่นแก้ไขรายการที่ 1 — ","[J1] กดปุ่ม + เพิ่มรายการ (เต็มกว้างเส้นประตาม §13) — ","[J1] การ์ดบรรทัดที่ 2 ขึ้นจริง — ","[J1] แผ่นแก้ไขรายการที่ 2 เปิดเองหลังกด + — ","[J1] กรอกชื่อรายการที่ 2 — ","[J1] กรอกราคาต่อหน่วยรายการที่ 2 — ","[J1] กดเสร็จ ปิดแผ่นแก้ไขรายการที่ 2 — ","[J1 ฟอร์มก่อนอนุมัติ] ปุ่มหลัก [data-testid=\"btn-approve-m\"] touch target ≥40px — ไม่พบปุ่ม","[J1] กด \"อนุมัติ\" — ","[J1] อนุมัติแล้ว redirect ไปหน้าเอกสาร — url จริง: http://127.0.0.1:3215/app/sys/cmungjx0t000456kzud07jupq/account/docs/INVOICE/new","[J2] รับชำระผ่านแผ่นมือถือ — ข้าม — J1 ไม่ได้เอกสารมา","[J3] เปิดกล่องขาเข้ามือถือ — ","[J3 กล่องขาเข้ามือถือ] ปุ่มหลัก [data-testid=\"inbox-capture-btn\"] touch target ≥40px — ไม่พบปุ่ม","[J3] พบช่องอัปโหลดกล้อง (accept=image/* capture=environment) — ","[J3] อัปโหลดเสร็จ (แถบสถานะขึ้น 'เสร็จ') — ","[J3·DB] จำนวนไฟล์ในกล่องขาเข้าเพิ่มขึ้น 1 — ก่อน 0 · หลัง 0","[J3·DB] ไฟล์ที่อัปโหลดหาเจอจริงในกล่องขาเข้า — ","[J4] อนุมัติ PO เกินเพดานจากมือถือ — ไม่พบผู้ขายใน tenant QC — รัน seed ก่อน"]}
(node:977781) Warning: SECURITY WARNING: The SSL modes 'prefer', 'require', and 'verify-ca' are treated as aliases for 'verify-full'.
In the next major version (pg-connection-string v3.0.0 and pg v9.0.0), these modes will adopt standard libpq semantics, which have weaker security guarantees.

To prepare for this change:
- If you want the current behavior, explicitly use 'sslmode=verify-full'
- If you want libpq compatibility now, use 'uselibpqcompat=true&sslmode=require'

See https://www.postgresql.org/docs/current/libpq-ssl.html for libpq SSL mode definitions.
(Use `node --trace-warnings ...` to show where the warning was created)
