  ✅ [M1.12-S1.1] linkContact(เบอร์ตรงสมาชิก 11) → {customerId 11, matchedBy PHONE} · ChatContact.customerId/partyId (= สมาชิก)/linkedBy PHONE/linkedAt · MemberChannelIdentity channel WEBCHAT contactId · event chat.contact.linked {contactId, partyId, customerId, method PHONE}
  ✅ [M1.12-S1.2] อีเมลตรงสมาชิก 12 → EMAIL · ผูกซ้ำ contact เดิม → idempotent (customerId เดิม · matchedBy CHANNEL_ID · identity 1 แถว · event ไม่เพิ่ม)
  ✅ [M1.12-S1.3] contact LINE ของ seed (externalUserId = identity LINE ของสมาชิก 1 ที่ผูกไว้แล้ว) → matchedBy CHANNEL_ID → customerId สมาชิก 1 · ChatContact.customerId ตั้ง
  ✅ [M1.12-S1.4] ไม่ตรงเบอร์/อีเมล/id → {customerId null, candidates มีสมาชิก 9 (ชื่อคล้าย) ≤ 5} · ChatContact ไม่ถูกแตะ · ไม่มี event
  ✅ [M1.12-S1.5] MANUAL + customerId → ผูก (linkedBy MANUAL · identity WEBCHAT externalId ของ contact) · event method MANUAL · contact ของร้านอื่น/ไม่มี → throw ไม่พบ · customerId ไม่มี → throw ไทย
  ✅ [M1.12-S2.1] chat.contact.linked ลง 3 ทะเบียน (consumer · AUTOMATION_EVENTS ป้ายไทย · WEBHOOK 1 ครั้ง) · chat/service.ts#maybeAutoLinkMember เรียก member facade linkContact (ไม่ใช่ findOrCreate ตรง)
  ✅ [M1.12-S2.2] drain → chat.contact.linked DONE ทั้งหมด · consumer เขียน MemberActivity {module chat · type CHAT_LINKED} ให้สมาชิก 11
  ✅ [M1.12-S3.1] chatPanelFor(ห้องที่ผูกแล้ว) → linked true · contact {channelLabel ไทย, phoneMasked} · member.brief {memberCode, name, tier{key,name,color}} · stats {points, vouchers, spent12mSatang, lastActivityAt} · identities มี WEBCHAT current=true · benefits string[] · history ≤ 5 · cardFields (showOnCard) · quickActions {voucher:false, points:false, stamp:false, task:true} · candidates []
  ✅ [M1.12-S3.2] ห้องที่ยังไม่ผูก (เบอร์ตรงสมาชิก 13 แต่ยังไม่กดผูก): linked false · sameIdentityOtherChannel/autoMatch = สมาชิก 13 (matchedBy PHONE พร้อมเสนอ 'ผูกรวม') · candidates ชื่อคล้ายมีสมาชิก 9 · member undefined
  ✅ [M1.12-S3.3] registerFromChat(thana · contact LINE) → สมาชิกใหม่ source LINE_OA · sourceChannel LINE · sourceDetail.contactId · identity LINE externalId = U-qc112 · ChatContact ผูก (linkedBy MANUAL/CHANNEL_ID) · attribution FIRST LINE_OA · STAFF ไม่มี customer.create → throw
  ✅ [M1.12-S4.1] context-panel.tsx มีบล็อกสมาชิก (ChatMemberPanel) โหลดผ่าน getChatMemberPanelAction · testid 13 · ปุ่มด่วน 4 (voucher/แต้ม/สแตมป์ = ปิด+ป้าย M2 · สร้างงาน = ลิงก์ K3.2) · เลือก candidate → linkContactAction MANUAL · สมัครจากแชท → registerFromChatAction · ผูกรวม → linkContactAction · chat-actions.ts 'use server' gate member.customer.update/create · ไม่มีอีโมจิ
  ❌ [M1.12-S4.2] ภาพ 26: chat-member-linked-desktop 200 (ห้องที่ผูกแล้ว · testid panel/brief/channels/actions) · chat-member-unlinked-desktop 200 (candidates + สมัครใหม่ + ผูกรวม) — exp 200 ×2 | act shots= l=undefined u=undefined
  ❌ [M1.12-S4.3] มือถือ (ภาพ 28ก/ข): ทุกหน้า M1 ที่ถ่าย 390 (1.3 1.5 1.7 1.8 1.10 1.6) HTTP 200 ไม่มี console error ไม่ล้นแนวนอน (summary.overflow=false) · chat-member-linked-mobile 200 (แผงเป็น sheet) — exp 200 ทุกหน้า | act [{"w":"1.3","n":0,"ok":true},{"w":"1.5","n":0,"ok":true},{"w":"1.7","n":0,"ok":true},{"w":"1.8","n":0,"ok":true},{"w":"1.10","n":0,"ok":true},{"w":"1.6","n":0,"ok":true}]
  ✅ [M1.12-S4.4] 🔴 parity ภาพ 26 + 28 — Fable ตรวจด้วยตา · wo-notes/member-M1.12.md มี 'PARITY: ผ่าน'

🔴 M1.12: 12/14
JSON_SUMMARY {"total":14,"passed":12,"findings":[{"id":"M1.12-S4.2","sev":"MAJOR"},{"id":"M1.12-S4.3","sev":"MAJOR"}]}
(node:1475938) Warning: SECURITY WARNING: The SSL modes 'prefer', 'require', and 'verify-ca' are treated as aliases for 'verify-full'.
In the next major version (pg-connection-string v3.0.0 and pg v9.0.0), these modes will adopt standard libpq semantics, which have weaker security guarantees.

To prepare for this change:
- If you want the current behavior, explicitly use 'sslmode=verify-full'
- If you want libpq compatibility now, use 'uselibpqcompat=true&sslmode=require'

See https://www.postgresql.org/docs/current/libpq-ssl.html for libpq SSL mode definitions.
(Use `node --trace-warnings ...` to show where the warning was created)
