[env] qc-ticket-cancel · ไฟล์ .env.qc4 · DB ep-frosty-lab-aoylqlv8-pooler.c-2.ap-southeast-1.aws.neon.tech
(node:1241096) Warning: SECURITY WARNING: The SSL modes 'prefer', 'require', and 'verify-ca' are treated as aliases for 'verify-full'.
In the next major version (pg-connection-string v3.0.0 and pg v9.0.0), these modes will adopt standard libpq semantics, which have weaker security guarantees.

To prepare for this change:
- If you want the current behavior, explicitly use 'sslmode=verify-full'
- If you want libpq compatibility now, use 'uselibpqcompat=true&sslmode=require'

See https://www.postgresql.org/docs/current/libpq-ssl.html for libpq SSL mode definitions.
(Use `node --trace-warnings ...` to show where the warning was created)
  ✅ [TC-1.0] ก่อนยกเลิก: posSale PAID + sold=2 + รายได้ลงบัญชี (net cr>0)
  ✅ [TC-1.1] order → CANCELLED + cancelledAt
  ✅ [TC-1.2] posSale → VOIDED (กลับเส้นเงิน)
  ✅ [TC-1.3] ตั๋วทุกใบ VOID (2/2)
  ✅ [TC-1.4] คืนโควตา sold 2→0
  ✅ [TC-1.5] outbox pos.sale.voided ≥1
  ✅ [TC-1.6] บัญชี net=0 (รายได้ 4000 + VAT 2200 กลับหมด)
  ✅ [TC-2.1] cancel ซ้ำ → posSale ยัง VOIDED + sold ยัง 0 + void outbox ไม่เพิ่ม + net ยัง 0
  ✅ [TC-3.1] PENDING cancel: ไม่ error + CANCELLED + sold คืน (1→0) + ไม่มี posSale
  ✅ [TC-4.1] cross-tenant → order t1 ยัง PAID + posSale ยัง PAID (ไม่ถูกยกเลิก)

===== QC Ticket Cancel =====
ผ่าน 10/10
FINDINGS: CRITICAL 0 · MAJOR 0 · MINOR 0
JSON_SUMMARY {"total":10,"passed":10,"findings":[]}
