[env] qc-rental · ไฟล์ .env.qc4 · DB ep-frosty-lab-aoylqlv8-pooler.c-2.ap-southeast-1.aws.neon.tech
(node:1242398) Warning: SECURITY WARNING: The SSL modes 'prefer', 'require', and 'verify-ca' are treated as aliases for 'verify-full'.
In the next major version (pg-connection-string v3.0.0 and pg v9.0.0), these modes will adopt standard libpq semantics, which have weaker security guarantees.

To prepare for this change:
- If you want the current behavior, explicitly use 'sslmode=verify-full'
- If you want libpq compatibility now, use 'uselibpqcompat=true&sslmode=require'

See https://www.postgresql.org/docs/current/libpq-ssl.html for libpq SSL mode definitions.
(Use `node --trace-warnings ...` to show where the warning was created)
  ✅ [RT-1.1] สร้างสินทรัพย์ + name ว่าง throw
  ✅ [RT-2.1] จอง 1-4 ส.ค. → 3 วัน quote 900 บาท + ถือมัดจำ 1000
  ✅ [RT-2.2] ช่วงชน (2-3 ส.ค.) → isAvailable false + จองซ้อน throw
  ✅ [RT-2.3] ช่วงว่าง (4-6 ส.ค. — endDate exclusive) → true
  ✅ [RT-2.4] endDate ≤ startDate → throw
  ✅ [RT-3.1] pickUp: BOOKED→PICKED_UP · ซ้ำ false
  ✅ [RT-3.2] คืน + ค่าปรับ 50 → total 950 บาท + PosSale PAID + RETURNED
  ✅ [RT-3.3] outbox pos.sale.paid ≥1 (เส้นเงินเดิน)
  ✅ [RT-3.4] คืนซ้ำ → ok:false + PosSale ไม่ซ้ำ
  ✅ [RT-4.1] cancel: BOOKED→CANCELLED · pickUp หลัง cancel → false
  ✅ [RT-4.2] ช่วงของ booking ที่ cancel → ว่าง (จองได้)

===== QC Rental =====
ผ่าน 11/11
FINDINGS: CRITICAL 0 · MAJOR 0 · MINOR 0
JSON_SUMMARY {"total":11,"passed":11,"findings":[]}
