[env] qc-ai-phase-b1 · ไฟล์ .env.qc4 · DB ep-frosty-lab-aoylqlv8-pooler.c-2.ap-southeast-1.aws.neon.tech
(node:1473082) Warning: SECURITY WARNING: The SSL modes 'prefer', 'require', and 'verify-ca' are treated as aliases for 'verify-full'.
In the next major version (pg-connection-string v3.0.0 and pg v9.0.0), these modes will adopt standard libpq semantics, which have weaker security guarantees.

To prepare for this change:
- If you want the current behavior, explicitly use 'sslmode=verify-full'
- If you want libpq compatibility now, use 'uselibpqcompat=true&sslmode=require'

See https://www.postgresql.org/docs/current/libpq-ssl.html for libpq SSL mode definitions.
(Use `node --trace-warnings ...` to show where the warning was created)
  ✅ [B1-0] tools ใหม่ครบ 8 ตัว
  ✅ [B1-1.1] pos_create_sale → PosSale PAID 150 บาทเกิดจริง + idempotencyKey ai-<proposalId>
  ✅ [B1-1.2] ขาย qty 0 → error+ไม่สร้าง proposal (validate-explain)
  ✅ [B1-2.1] booking_create_appointment → นัดเกิดจริง (resolve service จากชื่อบางส่วน + ช่างคนแรก)
  ✅ [B1-3.1] hotel_create_reservation → ใบจองเกิด (มี code)
  ✅ [B1-3.2] ประเภทห้องไม่มีห้องจริง → ok:false บอกให้เพิ่มห้องก่อน + ไม่แอบสร้างห้อง
  ✅ [B1-4.1] queue_issue_ticket → บัตรคิวเกิดจริง
  ✅ [B1-5.1] shop_confirm_order → ออเดอร์ PAID + เส้นเงินเดิน (PosSale ecom)
  ✅ [B1-6.1] read tools ตอบ JSON ไทยไม่ error

===== QC AI Phase B1 =====
ผ่าน 9/9
FINDINGS: CRITICAL 0 · MAJOR 0 · MINOR 0
JSON_SUMMARY {"total":9,"passed":9,"findings":[]}
