[env] qc-hf-inventory-atomic · ไฟล์ .env.qc4 · DB ep-frosty-lab-aoylqlv8-pooler.c-2.ap-southeast-1.aws.neon.tech
(node:1188192) Warning: SECURITY WARNING: The SSL modes 'prefer', 'require', and 'verify-ca' are treated as aliases for 'verify-full'.
In the next major version (pg-connection-string v3.0.0 and pg v9.0.0), these modes will adopt standard libpq semantics, which have weaker security guarantees.

To prepare for this change:
- If you want the current behavior, explicitly use 'sslmode=verify-full'
- If you want libpq compatibility now, use 'uselibpqcompat=true&sslmode=require'

See https://www.postgresql.org/docs/current/libpq-ssl.html for libpq SSL mode definitions.
(Use `node --trace-warnings ...` to show where the warning was created)

AT-1 ตัดสต็อกสินค้าตัวเดียว 10 รายการพร้อมกัน × 5 รอบ (5 ตัวห่อ + 5 InTx คนละ client)
  ✅ [AT-1.1] รอบ 1: cache = ledger = Σคลัง · สาย balanceAfter ต่อกัน · onHand = 480
  ✅ [AT-1.2] รอบ 2: cache = ledger = Σคลัง · สาย balanceAfter ต่อกัน · onHand = 462
  ✅ [AT-1.3] รอบ 3: cache = ledger = Σคลัง · สาย balanceAfter ต่อกัน · onHand = 443
  ✅ [AT-1.4] รอบ 4: cache = ledger = Σคลัง · สาย balanceAfter ต่อกัน · onHand = 422
  ✅ [AT-1.5] รอบ 5: cache = ledger = Σคลัง · สาย balanceAfter ต่อกัน · onHand = 401

AT-2 รับเข้าพร้อมกัน 10 รายการ คนละต้นทุน × 5 รอบ (ค่าเฉลี่ยตรงตามกติกาถึงสตางค์)
  ✅ [AT-2.1] รอบ 1: ไม่มีรับเข้าหาย (onHand = 58) · ค่าเฉลี่ยถัว = replay ตามลำดับจริง
  ✅ [AT-2.2] รอบ 2: ไม่มีรับเข้าหาย (onHand = 108) · ค่าเฉลี่ยถัว = replay ตามลำดับจริง
  ✅ [AT-2.3] รอบ 3: ไม่มีรับเข้าหาย (onHand = 174) · ค่าเฉลี่ยถัว = replay ตามลำดับจริง
  ✅ [AT-2.4] รอบ 4: ไม่มีรับเข้าหาย (onHand = 228) · ค่าเฉลี่ยถัว = replay ตามลำดับจริง
  ✅ [AT-2.5] รอบ 5: ไม่มีรับเข้าหาย (onHand = 258) · ค่าเฉลี่ยถัว = replay ตามลำดับจริง

AT-3 รับเข้า + ตัด ปนกัน 10 รายการ × 5 รอบ (ครึ่งหนึ่งระบุ lot)
  ✅ [AT-3.1] รอบ 1: cache = ledger = Σคลัง · lot = Σ movement ของ lot · ค่าเฉลี่ยตรง · onHand = 96
  ✅ [AT-3.2] รอบ 2: cache = ledger = Σคลัง · lot = Σ movement ของ lot · ค่าเฉลี่ยตรง · onHand = 98
  ✅ [AT-3.3] รอบ 3: cache = ledger = Σคลัง · lot = Σ movement ของ lot · ค่าเฉลี่ยตรง · onHand = 96
  ✅ [AT-3.4] รอบ 4: cache = ledger = Σคลัง · lot = Σ movement ของ lot · ค่าเฉลี่ยตรง · onHand = 106
  ✅ [AT-3.5] รอบ 5: cache = ledger = Σคลัง · lot = Σ movement ของ lot · ค่าเฉลี่ยตรง · onHand = 104

AT-4 โอนคลังหลัก→สาขา 2 และกลับ พร้อมกัน 10 รายการ × 5 รอบ
  ✅ [AT-4.1] รอบ 1: Σคลัง = 200 = onHand · แถวคลัง = Σ movement ของคลัง · สายยอดต่อคลังต่อกัน
  ✅ [AT-4.2] รอบ 2: Σคลัง = 200 = onHand · แถวคลัง = Σ movement ของคลัง · สายยอดต่อคลังต่อกัน
  ✅ [AT-4.3] รอบ 3: Σคลัง = 200 = onHand · แถวคลัง = Σ movement ของคลัง · สายยอดต่อคลังต่อกัน
  ✅ [AT-4.4] รอบ 4: Σคลัง = 200 = onHand · แถวคลัง = Σ movement ของคลัง · สายยอดต่อคลังต่อกัน
  ✅ [AT-4.5] รอบ 5: Σคลัง = 200 = onHand · แถวคลัง = Σ movement ของคลัง · สายยอดต่อคลังต่อกัน

AT-5 ปรับยอดนับ (adjust) ×2 แข่งกับตัด ×8 × 5 รอบ
  ✅ [AT-5.1] รอบ 1: ปรับยอดกับตัดเรียงกัน — qtyDelta ของ ADJUST = ยอดนับ − ยอดก่อนหน้าจริง · สายต่อกัน
  ✅ [AT-5.2] รอบ 2: ปรับยอดกับตัดเรียงกัน — qtyDelta ของ ADJUST = ยอดนับ − ยอดก่อนหน้าจริง · สายต่อกัน
  ✅ [AT-5.3] รอบ 3: ปรับยอดกับตัดเรียงกัน — qtyDelta ของ ADJUST = ยอดนับ − ยอดก่อนหน้าจริง · สายต่อกัน
  ✅ [AT-5.4] รอบ 4: ปรับยอดกับตัดเรียงกัน — qtyDelta ของ ADJUST = ยอดนับ − ยอดก่อนหน้าจริง · สายต่อกัน
  ✅ [AT-5.5] รอบ 5: ปรับยอดกับตัดเรียงกัน — qtyDelta ของ ADJUST = ยอดนับ − ยอดก่อนหน้าจริง · สายต่อกัน

AT-6 คีย์เดียวกันยิงพร้อมกัน 10 ครั้ง × 5 รอบ → movement เดียว · ตัดครั้งเดียว
  ✅ [AT-6.1a] รอบ 1: movement ของคีย์นี้ = 1 · onHand = 98 (ตัดครั้งเดียว)
  ✅ [AT-6.1b] รอบ 1: ทั้ง 10 ครั้งคืนรายการเดิม ไม่มี error ถึงผู้เรียก
  ✅ [AT-6.2a] รอบ 2: movement ของคีย์นี้ = 1 · onHand = 96 (ตัดครั้งเดียว)
  ✅ [AT-6.2b] รอบ 2: ทั้ง 10 ครั้งคืนรายการเดิม ไม่มี error ถึงผู้เรียก
  ✅ [AT-6.3a] รอบ 3: movement ของคีย์นี้ = 1 · onHand = 94 (ตัดครั้งเดียว)
  ✅ [AT-6.3b] รอบ 3: ทั้ง 10 ครั้งคืนรายการเดิม ไม่มี error ถึงผู้เรียก
  ✅ [AT-6.4a] รอบ 4: movement ของคีย์นี้ = 1 · onHand = 92 (ตัดครั้งเดียว)
  ✅ [AT-6.4b] รอบ 4: ทั้ง 10 ครั้งคืนรายการเดิม ไม่มี error ถึงผู้เรียก
  ✅ [AT-6.5a] รอบ 5: movement ของคีย์นี้ = 1 · onHand = 90 (ตัดครั้งเดียว)
  ✅ [AT-6.5b] รอบ 5: ทั้ง 10 ครั้งคืนรายการเดิม ไม่มี error ถึงผู้เรียก
  ✅ [AT-6.z] หลัง 5 รอบ: invariant ครบ

AT-8 POS ขายสินค้าตัวเดียว 10 บิลพร้อมกัน × 5 รอบ (ตัดสต็อกหลังบิล commit)
  ✅ [AT-8.1] รอบ 1: 10 บิล → OUT 10 แถว · onHand = 382 · invariant ครบ
  ✅ [AT-8.2] รอบ 2: 10 บิล → OUT 10 แถว · onHand = 363 · invariant ครบ
  ✅ [AT-8.3] รอบ 3: 10 บิล → OUT 10 แถว · onHand = 335 · invariant ครบ
  ✅ [AT-8.4] รอบ 4: 10 บิล → OUT 10 แถว · onHand = 320 · invariant ครบ
  ✅ [AT-8.5] รอบ 5: 10 บิล → OUT 10 แถว · onHand = 298 · invariant ครบ

AT-9 รับของตาม PO 10 ใบพร้อมกัน แต่ละใบกด 2 ครั้ง × 5 รอบ (คนละต้นทุน)
  ✅ [AT-9.1] รอบ 1: รับสำเร็จ 10/20 ครั้ง (ใบละครั้ง) · onHand = 40 · ค่าเฉลี่ยตรง
  ✅ [AT-9.2] รอบ 2: รับสำเร็จ 10/20 ครั้ง (ใบละครั้ง) · onHand = 84 · ค่าเฉลี่ยตรง
  ✅ [AT-9.3] รอบ 3: รับสำเร็จ 10/20 ครั้ง (ใบละครั้ง) · onHand = 132 · ค่าเฉลี่ยตรง
  ✅ [AT-9.4] รอบ 4: รับสำเร็จ 10/20 ครั้ง (ใบละครั้ง) · onHand = 196 · ค่าเฉลี่ยตรง
  ✅ [AT-9.5] รอบ 5: รับสำเร็จ 10/20 ครั้ง (ใบละครั้ง) · onHand = 235 · ค่าเฉลี่ยตรง

AT-11 deadlock ที่ฐานข้อมูลเลือกตัวห่อเป็นเหยื่อ × 3 รอบ → ลองใหม่ 1 ครั้งแล้วสำเร็จ
[inventory] stock write contention — retrying { code: '40P01', op: 'consume', itemId: 'cmutndtg900mdtckzdnxqzmi0' }
     · รอบ 1: lane สำเร็จ · ตัวห่อ สำเร็จ · deadlock ที่ PG นับได้ +1
  ✅ [AT-11.1a] รอบ 1: ตัวห่อไม่ปล่อย error ดิบของฐานข้อมูล (สำเร็จ หรือข้อความไทยให้ลองใหม่) · movement 1 แถว
  ✅ [AT-11.1b] รอบ 1: invariant ครบหลัง deadlock
[inventory] stock write contention — retrying { code: '40P01', op: 'consume', itemId: 'cmutndtg900mdtckzdnxqzmi0' }
     · รอบ 2: lane สำเร็จ · ตัวห่อ สำเร็จ · deadlock ที่ PG นับได้ +1
  ✅ [AT-11.2a] รอบ 2: ตัวห่อไม่ปล่อย error ดิบของฐานข้อมูล (สำเร็จ หรือข้อความไทยให้ลองใหม่) · movement 1 แถว
  ✅ [AT-11.2b] รอบ 2: invariant ครบหลัง deadlock
[inventory] stock write contention — retrying { code: '40P01', op: 'consume', itemId: 'cmutndtg900mdtckzdnxqzmi0' }
     · รอบ 3: lane สำเร็จ · ตัวห่อ สำเร็จ · deadlock ที่ PG นับได้ +1
  ✅ [AT-11.3a] รอบ 3: ตัวห่อไม่ปล่อย error ดิบของฐานข้อมูล (สำเร็จ หรือข้อความไทยให้ลองใหม่) · movement 1 แถว
  ✅ [AT-11.3b] รอบ 3: invariant ครบหลัง deadlock

AT-7 ผู้เรียกหลายสินค้าใน tx เดียว สลับลำดับ (ใบเบิก [A,B]/[B,A] + ตัดส่วนประกอบชุด [A,B]/[B,A]) × 5 รอบ
  ✅ [AT-7.1] รอบ 1: 10 tx หลายสินค้าสลับลำดับ สำเร็จครบ ไม่มี deadlock · invariant A,B ครบ
  ✅ [AT-7.2] รอบ 2: 10 tx หลายสินค้าสลับลำดับ สำเร็จครบ ไม่มี deadlock · invariant A,B ครบ
  ✅ [AT-7.3] รอบ 3: 10 tx หลายสินค้าสลับลำดับ สำเร็จครบ ไม่มี deadlock · invariant A,B ครบ
  ✅ [AT-7.4] รอบ 4: 10 tx หลายสินค้าสลับลำดับ สำเร็จครบ ไม่มี deadlock · invariant A,B ครบ
  ✅ [AT-7.5] รอบ 5: 10 tx หลายสินค้าสลับลำดับ สำเร็จครบ ไม่มี deadlock · invariant A,B ครบ

AT-10 ใบปรับต้นทุนสินค้า ×1 แข่งกับรับเข้า ×9 × 5 รอบ (ต้นทุน/ยอดที่ใบใช้ = ค่า ณ จุดหนึ่งในสายจริง)
  ✅ [AT-10.1] รอบ 1: ใบปรับต้นทุน + รับเข้าเรียงคิวกัน — ยอด/ต้นทุนเดิมบนใบตรงกับจุดหนึ่งในสาย · ค่าเฉลี่ยสุดท้ายตรง
  ✅ [AT-10.2] รอบ 2: ใบปรับต้นทุน + รับเข้าเรียงคิวกัน — ยอด/ต้นทุนเดิมบนใบตรงกับจุดหนึ่งในสาย · ค่าเฉลี่ยสุดท้ายตรง
  ✅ [AT-10.3] รอบ 3: ใบปรับต้นทุน + รับเข้าเรียงคิวกัน — ยอด/ต้นทุนเดิมบนใบตรงกับจุดหนึ่งในสาย · ค่าเฉลี่ยสุดท้ายตรง
  ✅ [AT-10.4] รอบ 4: ใบปรับต้นทุน + รับเข้าเรียงคิวกัน — ยอด/ต้นทุนเดิมบนใบตรงกับจุดหนึ่งในสาย · ค่าเฉลี่ยสุดท้ายตรง
  ✅ [AT-10.5] รอบ 5: ใบปรับต้นทุน + รับเข้าเรียงคิวกัน — ยอด/ต้นทุนเดิมบนใบตรงกับจุดหนึ่งในสาย · ค่าเฉลี่ยสุดท้ายตรง

AT-12 ใบเบิกสินค้าไม่ผูกคลัง 10 ใบพร้อมกัน (2 สินค้า สลับลำดับบรรทัด · คนละงวด) × 3 รอบ — จาก 20 เหลือ 10 พอดี
  ✅ [AT-12.1] รอบ 1: เบิก 10 ใบสำเร็จครบ ไม่มี deadlock · คงเหลือ 10/10 พอดี
  ✅ [AT-12.2] รอบ 2: เบิก 10 ใบสำเร็จครบ ไม่มี deadlock · คงเหลือ 10/10 พอดี
  ✅ [AT-12.3] รอบ 3: เบิก 10 ใบสำเร็จครบ ไม่มี deadlock · คงเหลือ 10/10 พอดี

AT-13 ใบเบิก ×5 (−2) + ใบคืน ×5 (+1) สินค้าไม่ผูกคลังพร้อมกัน × 3 รอบ — จาก 50 เหลือ 45 พอดี
  ✅ [AT-13.1] รอบ 1: เบิก+คืนปนกัน สำเร็จครบ · คงเหลือ 45 พอดี
  ✅ [AT-13.2] รอบ 2: เบิก+คืนปนกัน สำเร็จครบ · คงเหลือ 45 พอดี
  ✅ [AT-13.3] รอบ 3: เบิก+คืนปนกัน สำเร็จครบ · คงเหลือ 45 พอดี

AT-14 ตัดส่วนประกอบชุดที่ไม่ผูกคลัง [A,B]/[B,A] 10 ใบพร้อมกัน (คนละ client) × 3 รอบ — ส่วนประกอบละ −10 พอดี
  ✅ [AT-14.1] รอบ 1: ตัดชุด 10 ใบสำเร็จครบ ไม่มี deadlock · ส่วนประกอบเหลือ 90/90 พอดี
  ✅ [AT-14.2] รอบ 2: ตัดชุด 10 ใบสำเร็จครบ ไม่มี deadlock · ส่วนประกอบเหลือ 90/90 พอดี
  ✅ [AT-14.3] รอบ 3: ตัดชุด 10 ใบสำเร็จครบ ไม่มี deadlock · ส่วนประกอบเหลือ 90/90 พอดี

AT-15 ยอดยกมา (+7) แข่งกับใบเบิก ×8 (−1) + ผู้ถือแถวที่ลด 1 ค้างไว้ 1 วิ · สินค้าไม่ผูกคลัง × 3 รอบ — จาก 30 เป็น 28 พอดี
  ✅ [AT-15.1] รอบ 1: ยอดยกมา + เบิก สำเร็จครบ · คงเหลือ 28 พอดี
  ✅ [AT-15.2] รอบ 2: ยอดยกมา + เบิก สำเร็จครบ · คงเหลือ 28 พอดี
  ✅ [AT-15.3] รอบ 3: ยอดยกมา + เบิก สำเร็จครบ · คงเหลือ 28 พอดี

AT-16 กติกา 'สต็อกไม่พอ' ใต้การแข่ง: เบิก 3 × 5 ใบพร้อมกันจาก 10 (ไม่อนุญาตติดลบ) × 3 รอบ — สำเร็จ 3 ใบพอดี ไม่ติดลบ
  ✅ [AT-16.1] รอบ 1: สำเร็จ 3 ใบ · ถูกปฏิเสธ 2 ใบด้วยข้อความเดิม (คงเหลือ 1, เบิก 3) · คงเหลือ 1 ไม่ติดลบ
  ✅ [AT-16.2] รอบ 2: สำเร็จ 3 ใบ · ถูกปฏิเสธ 2 ใบด้วยข้อความเดิม (คงเหลือ 1, เบิก 3) · คงเหลือ 1 ไม่ติดลบ
  ✅ [AT-16.3] รอบ 3: สำเร็จ 3 ใบ · ถูกปฏิเสธ 2 ใบด้วยข้อความเดิม (คงเหลือ 1, เบิก 3) · คงเหลือ 1 ไม่ติดลบ

AT-17 เพดานคืนเบิก: คืนครบจำนวนผ่าน · คืน 2 ใบพร้อมกัน (คนละงวด) เกินที่เบิก ⇒ สำเร็จใบเดียว
  ✅ [AT-17.0] คืนครบจำนวนที่ยังคืนได้ (เบิก 2 คืน 2 · ผูกคลัง+ไม่ผูก) ผ่าน — ใบที่กำลังคืนไม่ถูกนับเป็น 'คืนไปแล้ว'
  ✅ [AT-17.1] ผูกคลัง รอบ 1: คืน 5+5 พร้อมกันจากเบิก 5 ⇒ สำเร็จ 1 · อีกใบ "เกินจำนวนที่เบิกไว้" · สต็อกเพิ่ม 5 ครั้งเดียว
  ✅ [AT-17.2] ผูกคลัง รอบ 2: คืน 5+5 พร้อมกันจากเบิก 5 ⇒ สำเร็จ 1 · อีกใบ "เกินจำนวนที่เบิกไว้" · สต็อกเพิ่ม 5 ครั้งเดียว
  ✅ [AT-17.3] ไม่ผูกคลัง รอบ 1: คืน 5+5 พร้อมกันจากเบิก 5 ⇒ สำเร็จ 1 · อีกใบ "เกินจำนวนที่เบิกไว้" · สต็อกเพิ่ม 5 ครั้งเดียว
  ✅ [AT-17.4] ไม่ผูกคลัง รอบ 2: คืน 5+5 พร้อมกันจากเบิก 5 ⇒ สำเร็จ 1 · อีกใบ "เกินจำนวนที่เบิกไว้" · สต็อกเพิ่ม 5 ครั้งเดียว
  ✅ [AT-17.5] ปน รอบ 1: คืน 5+5 พร้อมกันจากเบิก 5 ⇒ สำเร็จ 1 · อีกใบ "เกินจำนวนที่เบิกไว้" · สต็อกเพิ่ม 5 ครั้งเดียว
  ✅ [AT-17.6] ปน รอบ 2: คืน 5+5 พร้อมกันจากเบิก 5 ⇒ สำเร็จ 1 · อีกใบ "เกินจำนวนที่เบิกไว้" · สต็อกเพิ่ม 5 ครั้งเดียว

AT-18 lock_timeout 5 วิ ใน tx สต็อก · ไม่รั่ว · ตัวห่อรอเกิน → ลองใหม่ 1 ครั้ง → ข้อความไทยใน ≈5–11 วิ
  ✅ [AT-18.1] หลังได้ล็อกใน tx เดียวกัน lock_timeout = ค่าก่อนหน้า (0) (consumeInTx: 0 · lockItemsInTx: 0) · ผู้เรียกตั้ง SET LOCAL 3s ไว้ → ยังเป็น 3s (3s)
  ✅ [AT-18.2] หลัง commit/rollback บน backend เดิม (pid 7724) lock_timeout กลับเป็นค่าเดิม (0)
  ✅ [AT-18.2c] ตัวควบคุม: ตัวตรวจเห็นค่าที่รั่วจริง (SET ระดับ session = 7s) แล้ว RESET คืน
     · ตัวห่อจบใน 10.1 วิ — Error::สินค้านี้กำลังถูกบันทึกสต็อกจากหลายรายการพร้อมกัน — รายการนี้ยังไม่ถูกบันทึก กรุณาลองใหม่อีกครั้ง
  ✅ [AT-18.3] ผู้ถือล็อก 12 วิ ⇒ ตัวห่อได้ข้อความไทย "ลองใหม่อีกครั้ง" ใน 4.5–11.5 วิ (ได้ 10.1 วิ)
  ✅ [AT-18.4] error สุดท้ายเก็บ cause (ข้อผิดพลาดจริงของฐานข้อมูล: lock timeout / 55P03)
  ✅ [AT-18.5] console.warn ตอนลองใหม่ 1 ครั้ง: ข้อความคงที่ + { code, op, itemId } เท่านั้น (ได้ 1 ครั้ง)
  ✅ [AT-18.6] ผู้ถือปล่อยแล้ว คีย์เดิมสำเร็จ · movement ของคีย์ = 1 · ตัดครั้งเดียว
     · ผู้ถือ 6 วิ: ใบเบิกจบใน 6.0 วิ — สำเร็จ
  ✅ [AT-18.7a] ผู้ถือล็อกสินค้า 6 วิ ⇒ ใบเบิกบัญชีรอแล้วสำเร็จ (งบ 15 วิ · ได้ 6.0 วิ)
     · ผู้ถือ 20 วิ: ใบเบิกจบใน 15.1 วิ — บันทึกเอกสารเบิกไม่สำเร็จ
  ✅ [AT-18.7b] ผู้ถือล็อกสินค้า 20 วิ ⇒ ใบเบิกล้มทั้งใบใน ≈15 วิ (14–18) — ไม่มีเอกสาร ไม่แตะสต็อก (ได้ 15.1 วิ)
  ✅ [AT-18.9] หลังได้ล็อกสต็อก คำสั่งถัดไปใน tx เดียวกันรอแถวอื่น (ถือ 7 วิ) ได้จนสำเร็จ — ไม่ถูกตัดที่ 5/15 วิ (ได้ 6.7 วิ)
  ✅ [AT-18.8] ตัวควบคุม: ผู้ถือปล่อยแล้ว ใบเบิกเดิมสำเร็จ

AT-19 ชุด [U,X] ∥ ใบเบิก [U,X]: เลนถือ X แล้วตัดชุด ขณะใบเบิกแทรกบรรทัด (KEY SHARE ที่ U) แล้วรอ X — ต้องไม่ deadlock
  ✅ [AT-19.1] รอบ 1: ตัดชุด (ถือ X ก่อน) และใบเบิก [U,X] สำเร็จทั้งคู่ · deadlock ที่ PG นับได้ +0 · U ลด 2
  ✅ [AT-19.2] รอบ 2: ตัดชุด (ถือ X ก่อน) และใบเบิก [U,X] สำเร็จทั้งคู่ · deadlock ที่ PG นับได้ +0 · U ลด 2
  ✅ [AT-19.x] หลังจังหวะกำหนด: invariant ของ X ครบ
  ✅ [AT-19.s1] พายุ รอบ 1: ใบเบิก [U,X] ×5 ∥ ตัดชุด [U,X] ×5 สำเร็จครบ · deadlock +0 · U ลด 10 · invariant X ครบ
  ✅ [AT-19.s2] พายุ รอบ 2: ใบเบิก [U,X] ×5 ∥ ตัดชุด [U,X] ×5 สำเร็จครบ · deadlock +0 · U ลด 10 · invariant X ครบ
  ✅ [AT-19.s3] พายุ รอบ 3: ใบเบิก [U,X] ×5 ∥ ตัดชุด [U,X] ×5 สำเร็จครบ · deadlock +0 · U ลด 10 · invariant X ครบ
  ✅ [AT-19.s4] พายุ รอบ 4: ใบเบิก [U,X] ×5 ∥ ตัดชุด [U,X] ×5 สำเร็จครบ · deadlock +0 · U ลด 10 · invariant X ครบ
  ✅ [AT-19.s5] พายุ รอบ 5: ใบเบิก [U,X] ×5 ∥ ตัดชุด [U,X] ×5 สำเร็จครบ · deadlock +0 · U ลด 10 · invariant X ครบ

AT-20 ใบปรับต้นทุน (ไม่ผูกคลัง): ผู้ถือแถว · ปรับพร้อมกัน 2 ใบ · ปรับ ∥ ใบเบิก
  ✅ [AT-20.1] ผู้ถือเปลี่ยนราคาซื้อ 100→200 ค้างไว้ ⇒ ใบปรับเป็น 300 ใช้ต้นทุนเดิม 200 · ส่วนต่าง GL = (300−200)×10 = 1000
  ✅ [AT-20.2] รอบ 1: ปรับ 100→200 ∥ 100→300 ที่คงเหลือ 10 ⇒ Σ ส่วนต่าง GL = (ราคาสุดท้าย−100)×10 · ต้นทุนเดิมต่อกันเป็นสาย
  ✅ [AT-20.3] รอบ 2: ปรับ 100→200 ∥ 100→300 ที่คงเหลือ 10 ⇒ Σ ส่วนต่าง GL = (ราคาสุดท้าย−100)×10 · ต้นทุนเดิมต่อกันเป็นสาย
  ✅ [AT-20.4] รอบ 3: ปรับ 100→200 ∥ 100→300 ที่คงเหลือ 10 ⇒ Σ ส่วนต่าง GL = (ราคาสุดท้าย−100)×10 · ต้นทุนเดิมต่อกันเป็นสาย
  ✅ [AT-20.5] รอบ 1: ปรับต้นทุน→300 ∥ เบิก 3 จาก 10 ⇒ เรียงกันได้จริง (ปรับก่อน: ยอดบนใบ 10 + ต้นทุนเบิก 300 · เบิกก่อน: 7 + 100) · คงเหลือ 7
  ✅ [AT-20.6] รอบ 2: ปรับต้นทุน→300 ∥ เบิก 3 จาก 10 ⇒ เรียงกันได้จริง (ปรับก่อน: ยอดบนใบ 10 + ต้นทุนเบิก 300 · เบิกก่อน: 7 + 100) · คงเหลือ 7
  ✅ [AT-20.7] รอบ 3: ปรับต้นทุน→300 ∥ เบิก 3 จาก 10 ⇒ เรียงกันได้จริง (ปรับก่อน: ยอดบนใบ 10 + ต้นทุนเบิก 300 · เบิกก่อน: 7 + 100) · คงเหลือ 7

AT-21 คีย์ซ้ำแต่ข้อมูลต่าง (สินค้า/ทิศ/จำนวน) ⇒ error ชนิดเฉพาะ · คีย์เดียวกันพร้อมกันสองสินค้า ⇒ error เดียวกัน ไม่ใช่ P2002
  ✅ [AT-21.1] คีย์เดิม สินค้าเดิม จำนวนต่าง (3 แทน 2) ⇒ error ชนิดเฉพาะ (code INV_IDEMPOTENCY_CONFLICT · ไทย · ไม่ใช่ P2002) ไม่คืนรายการแรกเหมือนสำเร็จ
  ✅ [AT-21.2] คีย์เดิม คนละสินค้า ⇒ error ชนิดเฉพาะ (code INV_IDEMPOTENCY_CONFLICT · ไทย · ไม่ใช่ P2002) ไม่คืนรายการแรกเหมือนสำเร็จ
  ✅ [AT-21.3] คีย์เดิม คนละทิศ (รับเข้าแทนตัดออก) ⇒ error ชนิดเฉพาะ (code INV_IDEMPOTENCY_CONFLICT · ไทย · ไม่ใช่ P2002) ไม่คืนรายการแรกเหมือนสำเร็จ
  ✅ [AT-21.4] คีย์เดิม จำนวนต่าง ผ่าน InTx (tx ของผู้เรียก) ⇒ error ชนิดเฉพาะ (code INV_IDEMPOTENCY_CONFLICT · ไทย · ไม่ใช่ P2002) ไม่คืนรายการแรกเหมือนสำเร็จ
  ✅ [AT-21.5] ตัวควบคุม: คีย์เดิม ข้อมูลเดิม ⇒ คืนรายการเดิม · movement 1 แถว · a 98 · b 100
  ✅ [AT-21.6] ปรับยอด: คีย์เดิม ยอดนับต่าง (80 แทน 90) ⇒ error ชนิดเฉพาะ · ยอดคง 90
  ✅ [AT-21.7] รอบ 1: คีย์เดียวกันพร้อมกันบน 2 สินค้า (ตัวห่อ+InTx) ⇒ movement 1 · ฝั่งที่ชนได้ error ชนิดเฉพาะ (ไม่ใช่ P2002 ดิบ) · ตัดครั้งเดียว
  ✅ [AT-21.8] รอบ 2: คีย์เดียวกันพร้อมกันบน 2 สินค้า (ตัวห่อ+InTx) ⇒ movement 1 · ฝั่งที่ชนได้ error ชนิดเฉพาะ (ไม่ใช่ P2002 ดิบ) · ตัดครั้งเดียว
  ✅ [AT-21.9] รอบ 3: คีย์เดียวกันพร้อมกันบน 2 สินค้า (ตัวห่อ+InTx) ⇒ movement 1 · ฝั่งที่ชนได้ error ชนิดเฉพาะ (ไม่ใช่ P2002 ดิบ) · ตัดครั้งเดียว

AT-22 คลินิก: จ่ายยาตัวเดิม 2 ครั้งใน visit เดียว · retry หลังล้มกลางทาง · คืนเงินคืนครบ
  ✅ [AT-22.1] จ่ายยาตัวเดิม 10 สองครั้ง (คนละครั้ง) ⇒ ตัด 2 ครั้ง: คงเหลือ 80 · OUT 2 แถว
[inventory] stock write contention — retrying { code: '55P03', op: 'consume', itemId: 'cmutngxly0cxvtckzx2xcnadt' }
  ✅ [AT-22.2] retry ของครั้งเดิม (ล้มกลางทาง → กดใหม่ด้วยรายการเดิม) ⇒ ยาตัวแรกไม่ตัดซ้ำ: 75 · ยาตัวที่สอง 95 · dispenseJson 4 รายการ
  ✅ [AT-22.3] คืนเงิน visit ⇒ คืนยาทุกครั้งที่ตัด: ยา 100/100 · IN = OUT (4)

AT-22 (3b) คลินิก: retry สลับลำดับ · แทรกยาอื่นข้างหน้า · ยาตัวเดิม 2 บรรทัด · จ่ายใหม่หลังบันทึก · retry เปลี่ยนจำนวน
  ✅ [AT-22.4] [A5,B5] ล้มกลางทาง (ตัด A แล้ว) → retry สลับลำดับ [B5,A5] ⇒ A ไม่ตัดซ้ำ: A/B 95/95 · OUT 2 · dispenseJson 2
  ✅ [AT-22.5] [A5,B5] ล้มกลางทาง → retry แทรกยาอื่นไว้ข้างหน้า [C5,A5,B5] ⇒ A ไม่ตัดซ้ำ: A/B/C 95/95/95 · OUT 3 · dispenseJson 3
  ✅ [AT-22.6] ยาตัวเดิม 2 บรรทัดในการจ่ายครั้งเดียว [A5,A3] ⇒ ตัด 2 ครั้ง: A 92 · OUT 2 · dispenseJson 2
  ✅ [AT-22.7] [A5,A3,B5] ล้มที่ B (ตัด A สองครั้งแล้ว) → retry [B5,A5,A3] ⇒ A ไม่ตัดซ้ำ: A/B 92/95 · OUT 3 · dispenseJson 3
  ✅ [AT-22.8] จ่ายครั้งใหม่หลังบันทึกแล้ว: [A5] → [A5] → [B5,A5] ⇒ ตัดจริงทุกครั้ง: A/B 85/95 · OUT 4 · dispenseJson 4
  ✅ [AT-22.9] [A5,B5] ล้มกลางทาง → retry เปลี่ยนจำนวน [A7,B5] ⇒ error ชนิดเฉพาะ (ไทย) · ไม่ตัดเพิ่ม (A/B 95/100) · retry รายการเดิม [A5,B5] ผ่าน (95/95 · json 2)

AT-22 (3c) คลินิก: จ่ายยาพร้อมกันใน visit เดียว — dispenseJson ต้องไม่หาย · ครั้งถัดไปตัดจริง
  ✅ [AT-22.10] [X5] ∥ [Y3] ใน visit เดียว (X รอล็อกอยู่ขณะ Y จบ) ⇒ ทั้งคู่สำเร็จ · dispenseJson บันทึกครบ 2 รายการ (X และ Y) · ตัด X 95 / Y 97
  ✅ [AT-22.11] หลังจากนั้นจ่าย [Y3] จริงอีกครั้ง ⇒ ตัดจริง: Y 94 · OUT ของ Y 2 แถว · dispenseJson 3 (เดิม: รายการ Y หาย ⇒ ใช้คีย์ซ้ำ ⇒ ตอบ ok แต่ไม่ตัด)
  ✅ [AT-22.12] จ่ายยา 5 ตัว (คนละตัว ตัวละคำขอ) พร้อมกันใน visit เดียว ⇒ สำเร็จ 5 · dispenseJson 5 รายการ (ครบทุกตัว) · ตัด 5 ครั้ง (ทุกตัว 95)
  ✅ [AT-22.13] คืนเงินทั้งสอง visit ⇒ คืนยาทุกครั้งที่ตัด (IN = OUT ต่อ visit) · ทุกตัวกลับเป็น 100

AT-23 คืนเบิก: ใบเบิกถูกยกเลิก/เป็นร่าง ⇒ ปฏิเสธ · คืน → ยกเลิกใบคืน → คืนซ้ำ ⇒ ปฏิเสธ (สต็อกที่คืนยังอยู่)
  ✅ [AT-23.1] คืนอ้างอิงใบเบิกที่ถูกยกเลิก ⇒ ปฏิเสธพร้อมเหตุชัดเจน · สต็อกไม่ขยับ
  ✅ [AT-23.2] คืนอ้างอิงใบเบิกที่ยังเป็นร่าง ⇒ ปฏิเสธพร้อมเหตุชัดเจน · สต็อกไม่ขยับ
  ✅ [AT-23.3] ผูกคลัง: เบิก 5 → คืน 5 → ยกเลิกใบคืน (สต็อกไม่ถูกกลับ) → คืน 5 อีกครั้ง ⇒ ปฏิเสธ "เกินจำนวนที่เบิกไว้" · สต็อก +5 ครั้งเดียว
  ✅ [AT-23.4] ไม่ผูกคลัง: เบิก 5 → คืน 5 → ยกเลิกใบคืน (สต็อกไม่ถูกกลับ) → คืน 5 อีกครั้ง ⇒ ปฏิเสธ "เกินจำนวนที่เบิกไว้" · สต็อก +5 ครั้งเดียว
  ✅ [AT-23.5] ตัวควบคุม: เบิก 5 → คืน 3 → ยกเลิกใบคืน ⇒ คืนได้อีก 2 (ผ่าน) · คืนเพิ่มอีก 1 ⇒ ปฏิเสธ

AT-24 POS: ตัดสต็อกล้มหลังบิล commit ⇒ console.error หนึ่งบรรทัด (ไม่มีข้อมูลลูกค้า) · คืนสต็อกตอน void ล้มก็เช่นกัน
  ✅ [AT-24.1] บิลชำระแล้วแต่ตัดสต็อกล้ม ⇒ console.error 1 บรรทัด "[pos] stock cut failed — sale committed without stock movement" + { saleId, itemId, qty, code } เท่านั้น (ได้ 1)
  ✅ [AT-24.2] void บิลแต่คืนสต็อกล้ม ⇒ console.error 1 บรรทัด "[pos] stock restore failed — void committed without stock movement" + { saleId, itemId, qty, code } (ได้ 1)

AT-25 inv-cache-audit: URL prod รูปแบบอื่น ⇒ exit 4 ก่อนต่อฐานข้อมูล · ตรวจ E/F บนร้านทดสอบ
  ✅ [AT-25.1] ด่าน prod ของ audit: ตัวพิมพ์ใหญ่ / percent-encode / host-less + ?host= / PGHOST ⇒ exit 4 ทุกแบบ (ไม่ต่อฐานข้อมูล)
  ✅ [AT-25.2] ร้าน 1 (มี AT-1..AT-24 ที่แข่งกันจริง + ของเสียจงใจ 2 ตัว) ⇒ E 1 · F 1 · A/B/C/D 0 · สินค้าเพี้ยน 2
  ✅ [AT-25.3] ร้าน 2 (ใบปรับต้นทุน · ใบเบิก/คืน · ตัดชุด แข่งกัน) ⇒ ไม่มีสินค้าเพี้ยน (F ไม่เตือนหลอกเมื่อมีใบปรับต้นทุน)
  ✅ [AT-Z] ปิดท้าย: 39 สินค้าทั้งหมด invariant ครบ (ไม่นับ 2 ตัวที่ AT-25 ทำเสียจงใจ)

TIMING per round (wall, 10 parallel): AT-1 1.0/0.8/0.7/0.8/0.7s · AT-2 0.8/0.7/0.7/0.7/0.7s · AT-3 0.8/0.8/0.9/0.9/0.9s · AT-4 2.1/1.1/1.1/1.1/1.1s · AT-5 0.8/0.8/0.7/0.8/0.8s · AT-6 0.3/0.3/0.3/0.3/0.3s · AT-8 1.0/0.9/0.9/0.9/0.9s · AT-9 0.8/0.8/0.8/0.8/0.8s · AT-7 2.8/2.9/2.8/2.7/2.8s · AT-10 0.9/0.9/0.8/0.8/0.8s · AT-12 2.0/2.0/2.0s · AT-13 1.8/1.8/1.8s · AT-14 0.4/0.3/0.3s · AT-15 2.5/2.4/2.5s · AT-16 0.6/0.6/0.7s · AT-17 0.5/0.6/0.4/0.7/0.5/0.5s · AT-19 2.1/2.1/2.8/2.2/2.1s · AT-20 0.4/0.4/0.4s

===== QC HF-INV-1 inventory atomic =====
ผ่าน 143/143
FINDINGS: CRITICAL 0 · MAJOR 0 · MINOR 0
JSON_SUMMARY {"total":143,"passed":143,"findings":[]}
