[env] qc-restaurant-void · ไฟล์ .env.qc4 · DB ep-frosty-lab-aoylqlv8-pooler.c-2.ap-southeast-1.aws.neon.tech
(node:1192698) Warning: SECURITY WARNING: The SSL modes 'prefer', 'require', and 'verify-ca' are treated as aliases for 'verify-full'.
In the next major version (pg-connection-string v3.0.0 and pg v9.0.0), these modes will adopt standard libpq semantics, which have weaker security guarantees.

To prepare for this change:
- If you want the current behavior, explicitly use 'sslmode=verify-full'
- If you want libpq compatibility now, use 'uselibpqcompat=true&sslmode=require'

See https://www.postgresql.org/docs/current/libpq-ssl.html for libpq SSL mode definitions.
(Use `node --trace-warnings ...` to show where the warning was created)

── happy: checkout PAID → voidCheckout ──
  ✅ [RV-1.0] ก่อน void: เช็คบิล PAID + session CLOSED + เงินสดบัญชี +12000
  ✅ [RV-1.1] voidCheckout ok:true + saleVoided
  ✅ [RV-1.2] posSale → VOIDED
  ✅ [RV-1.3] รายการชำระแล้วใน session = 0 (saleId reset null)
  ✅ [RV-1.4] session เปิดกลับ OPEN (โต๊ะว่าง)
  ✅ [RV-1.5] outbox pos.sale.voided ≥1
  ✅ [RV-1.6] บัญชีกลับ: เงินสด net = 0 + มี reversal entry (original+reversal ≥2)

── idempotency: void ซ้ำ ──
  ✅ [RV-2.1] void ซ้ำ → ok:false (ไม่มีบิลชำระให้ยกเลิก)
  ✅ [RV-2.2] ไม่กลับบัญชีเบิ้ล: net เงินสดยัง 0 + void outbox ไม่เพิ่ม + posSale ยัง VOIDED

── guard: session ยังไม่จ่าย ──
  ✅ [RV-3.1] void session ยังไม่จ่าย → ok:false + session ยัง OPEN

── cross-tenant ──
  ✅ [RV-4.1] cross-tenant void → ok:false + posSale t1 ยัง PAID (ไม่ถูกกลับ)

[cleanup] เรียบร้อย

===== QC Restaurant Void =====
ผ่าน 11/11
FINDINGS: CRITICAL 0 · MAJOR 0 · MINOR 0
JSON_SUMMARY {"total":11,"passed":11,"findings":[]}
