[env] qc-shop-refund · ไฟล์ .env.qc4 · DB ep-frosty-lab-aoylqlv8-pooler.c-2.ap-southeast-1.aws.neon.tech
(node:1192961) Warning: SECURITY WARNING: The SSL modes 'prefer', 'require', and 'verify-ca' are treated as aliases for 'verify-full'.
In the next major version (pg-connection-string v3.0.0 and pg v9.0.0), these modes will adopt standard libpq semantics, which have weaker security guarantees.

To prepare for this change:
- If you want the current behavior, explicitly use 'sslmode=verify-full'
- If you want libpq compatibility now, use 'uselibpqcompat=true&sslmode=require'

See https://www.postgresql.org/docs/current/libpq-ssl.html for libpq SSL mode definitions.
(Use `node --trace-warnings ...` to show where the warning was created)
  ✅ [RF-1.0] ก่อน refund: PAID + posSale + สต็อก 50→48
  ✅ [RF-1.1] refund ok:true
  ✅ [RF-1.2] order → REFUNDED + refundedAt ตั้ง (ไม่ลบ record)
  ✅ [RF-1.3] posSale → VOIDED (กลับเส้นเงิน)
  ✅ [RF-1.4] outbox pos.sale.voided ≥1
  ✅ [RF-1.5] คืนสต็อกกลับ 48→50 (เฉพาะ line ผูกคลัง)
  ✅ [RF-1.6] ต้นทุนถัวเฉลี่ยไม่เพี้ยน (8000)
  ✅ [RF-1.7] movement คืนสต็อก type IN idempotencyKey ผูก order+line (1 รายการ)
  ✅ [RF-2.1] refund ซ้ำ → ok:false (ไม่ทำซ้ำ)
  ✅ [RF-2.2] สต็อกไม่เบิ้ล (ยัง 50) + void outbox ไม่เพิ่ม + IN movement ยัง 1
  ✅ [RF-3.1] refund PENDING_PAYMENT → ok:false + order ยัง PENDING
  ✅ [RF-4.1] cross-tenant refund → ok:false + order t1 ยัง PAID (ไม่ถูกคืน)

===== QC Shop Refund =====
ผ่าน 12/12
FINDINGS: CRITICAL 0 · MAJOR 0 · MINOR 0
JSON_SUMMARY {"total":12,"passed":12,"findings":[]}
