[env] qc-pos-p1.9 · ไฟล์ .env.qc4 · DB ep-frosty-lab-aoylqlv8-pooler.c-2.ap-southeast-1.aws.neon.tech (QC4)
(node:1150914) Warning: SECURITY WARNING: The SSL modes 'prefer', 'require', and 'verify-ca' are treated as aliases for 'verify-full'.
In the next major version (pg-connection-string v3.0.0 and pg v9.0.0), these modes will adopt standard libpq semantics, which have weaker security guarantees.

To prepare for this change:
- If you want the current behavior, explicitly use 'sslmode=verify-full'
- If you want libpq compatibility now, use 'uselibpqcompat=true&sslmode=require'

See https://www.postgresql.org/docs/current/libpq-ssl.html for libpq SSL mode definitions.
(Use `node --trace-warnings ...` to show where the warning was created)
  ⚠️  PosPayment.tenderedSatang/changeSatang ยังไม่มี (P1.6) — X5 จะแดงตามเหตุผลนี้
⏭️  SKIPPED — qc-pos-p1.9: ของใบ P1.9 ยังไม่มี (ถูกต้องสำหรับข้อสอบที่เขียนก่อนสร้าง)
   • src/lib/modules/pos/shift.ts ยังไม่มี export openShift
   • src/lib/modules/pos/shift.ts ยังไม่มี export currentShift
   • src/lib/modules/pos/shift.ts ยังไม่มี export xReport
   • src/lib/modules/pos/shift.ts ยังไม่มี export closeShift
   • src/lib/modules/pos/shift.ts ยังไม่มี export zReport
   • src/lib/modules/pos/shift.ts ยังไม่มี export recordCashMovement
   • src/lib/modules/pos/shift.ts ยังไม่มี export listShifts
   • src/lib/modules/pos/shift.ts ยังไม่มี export offShiftCash
   • src/lib/modules/pos/shift.ts ยังไม่มี export forceCloseStaleShifts
   • Prisma client ยังไม่มี delegate posShift (S1)
   • Prisma client ยังไม่มี delegate posCashMovement (S1)
   • Prisma client ยังไม่มี delegate posShiftCounter (S1)
   • ตาราง PosShift ขาดคอลัมน์ (client/DB): id,tenantId,unitId,systemId,deviceId,deviceLabel,shiftNo,status,openedByUserId,openedAt,floatSatang,floatDetail,closedByUserId,closedAt,expectedCashSatang,countedCashSatang,overShortSatang,countDetail,countedByMethod,closeNote,closeKey,zNumber,zReport,createdAt,updatedAt
   • ตาราง PosCashMovement ขาดคอลัมน์: id,tenantId,unitId,shiftId,kind,amountSatang,reason,byUserId,idempotencyKey,createdAt
   • PosSale.shiftId ยังไม่มี (client/DB)
   ข้อมูล: seed ร้านกาแฟ มี · seed ร้านอาหาร มี · ข้อสอบ 45 ข้อ (ดู --list) · QC_FORCE=1 = รันทั้งที่ยังไม่มีของ (ต้องแดงตามเหตุผล)
   A5 (อ่านอย่างเดียว) จำนวนแถวร้าน QC POS: {"posqc-coffee-tenant.posSale":6,"posqc-coffee-tenant.posSaleLine":12,"posqc-coffee-tenant.posPayment":6,"posqc-coffee-tenant.posReceiptCounter":2,"posqc-coffee-tenant.outboxEvent":6,"posqc-coffee-tenant.appSystem":5,"posqc-coffee-tenant.appSystemUnit":10,"posqc-coffee-tenant.businessUnit":2,"posqc-coffee-tenant.auditLog":0,"posqc-coffee-tenant.posProduct":7,"posqc-coffee-tenant.posCategory":0,"posqc-coffee-tenant.posShift":"absent","posqc-coffee-tenant.posCashMovement":"absent","posqc-coffee-tenant.posShiftCounter":"absent","posqc-coffee-tenant.couponRedemption":0,"posqc-coffee-tenant.pointLedger":0,"posqc-coffee-tenant.receiptSeqSum":7,"posqc-resto-tenant.posSale":0,"posqc-resto-tenant.posSaleLine":0,"posqc-resto-tenant.posPayment":0,"posqc-resto-tenant.posReceiptCounter":0,"posqc-resto-tenant.outboxEvent":0,"posqc-resto-tenant.appSystem":3,"posqc-resto-tenant.appSystemUnit":3,"posqc-resto-tenant.businessUnit":1,"posqc-resto-tenant.auditLog":0,"posqc-resto-tenant.posProduct":6,"posqc-resto-tenant.posCategory":3,"posqc-resto-tenant.posShift":"absent","posqc-resto-tenant.posCashMovement":"absent","posqc-resto-tenant.posShiftCounter":"absent","posqc-resto-tenant.couponRedemption":0,"posqc-resto-tenant.pointLedger":0,"posqc-resto-tenant.receiptSeqSum":0}
JSON_SUMMARY {"suite":"qc-pos-p1.9","total":0,"passed":0,"failed":[],"skipped":true,"reason":["src/lib/modules/pos/shift.ts ยังไม่มี export openShift","src/lib/modules/pos/shift.ts ยังไม่มี export currentShift","src/lib/modules/pos/shift.ts ยังไม่มี export xReport","src/lib/modules/pos/shift.ts ยังไม่มี export closeShift","src/lib/modules/pos/shift.ts ยังไม่มี export zReport","src/lib/modules/pos/shift.ts ยังไม่มี export recordCashMovement","src/lib/modules/pos/shift.ts ยังไม่มี export listShifts","src/lib/modules/pos/shift.ts ยังไม่มี export offShiftCash","src/lib/modules/pos/shift.ts ยังไม่มี export forceCloseStaleShifts","Prisma client ยังไม่มี delegate posShift (S1)","Prisma client ยังไม่มี delegate posCashMovement (S1)","Prisma client ยังไม่มี delegate posShiftCounter (S1)","ตาราง PosShift ขาดคอลัมน์ (client/DB): id,tenantId,unitId,systemId,deviceId,deviceLabel,shiftNo,status,openedByUserId,openedAt,floatSatang,floatDetail,closedByUserId,closedAt,expectedCashSatang,countedCashSatang,overShortSatang,countDetail,countedByMethod,closeNote,closeKey,zNumber,zReport,createdAt,updatedAt","ตาราง PosCashMovement ขาดคอลัมน์: id,tenantId,unitId,shiftId,kind,amountSatang,reason,byUserId,idempotencyKey,createdAt","PosSale.shiftId ยังไม่มี (client/DB)"],"registered":45,"seed":{"coffee":true,"resto":true},"a5":{"posqc-coffee-tenant.posSale":6,"posqc-coffee-tenant.posSaleLine":12,"posqc-coffee-tenant.posPayment":6,"posqc-coffee-tenant.posReceiptCounter":2,"posqc-coffee-tenant.outboxEvent":6,"posqc-coffee-tenant.appSystem":5,"posqc-coffee-tenant.appSystemUnit":10,"posqc-coffee-tenant.businessUnit":2,"posqc-coffee-tenant.auditLog":0,"posqc-coffee-tenant.posProduct":7,"posqc-coffee-tenant.posCategory":0,"posqc-coffee-tenant.posShift":"absent","posqc-coffee-tenant.posCashMovement":"absent","posqc-coffee-tenant.posShiftCounter":"absent","posqc-coffee-tenant.couponRedemption":0,"posqc-coffee-tenant.pointLedger":0,"posqc-coffee-tenant.receiptSeqSum":7,"posqc-resto-tenant.posSale":0,"posqc-resto-tenant.posSaleLine":0,"posqc-resto-tenant.posPayment":0,"posqc-resto-tenant.posReceiptCounter":0,"posqc-resto-tenant.outboxEvent":0,"posqc-resto-tenant.appSystem":3,"posqc-resto-tenant.appSystemUnit":3,"posqc-resto-tenant.businessUnit":1,"posqc-resto-tenant.auditLog":0,"posqc-resto-tenant.posProduct":6,"posqc-resto-tenant.posCategory":3,"posqc-resto-tenant.posShift":"absent","posqc-resto-tenant.posCashMovement":"absent","posqc-resto-tenant.posShiftCounter":"absent","posqc-resto-tenant.couponRedemption":0,"posqc-resto-tenant.pointLedger":0,"posqc-resto-tenant.receiptSeqSum":0}}
