(node:1106365) Warning: SECURITY WARNING: The SSL modes 'prefer', 'require', and 'verify-ca' are treated as aliases for 'verify-full'.
In the next major version (pg-connection-string v3.0.0 and pg v9.0.0), these modes will adopt standard libpq semantics, which have weaker security guarantees.

To prepare for this change:
- If you want the current behavior, explicitly use 'sslmode=verify-full'
- If you want libpq compatibility now, use 'uselibpqcompat=true&sslmode=require'

See https://www.postgresql.org/docs/current/libpq-ssl.html for libpq SSL mode definitions.
(Use `node --trace-warnings ...` to show where the warning was created)
  ✅ [A0.1] premise (positive control): raw `{ equals, mode: insensitive }` is ILIKE with live wildcards — `_` look-alike and `%@domain` match the victim
        — ACTUAL rawUnderscore=true rawPercent=3
  ❌ [A0.2] ciEquals(): `_` look-alike ⇒ 0 · `%@domain` ⇒ 0 · `\` treated literally (a\y ≠ a\x) · exact address in other case ⇒ the victim · literal `%_\` address in other case ⇒ itself · Thai local part (case-folded domain) ⇒ itself, Thai `_` look-alike ⇒ 0
        — ACTUAL helper=false u=1 p=1 bs=1 exact=false literal=false thai=false thaiLook=1
  ❌ [A1] portal OTP: a look-alike mailbox (`vic_tim-…` for contact `vic.tim-…`, or `%`) gets NO portal session (the takeover of 2a-6) · positive control: the contact's own address in other case ⇒ a session of the victim's access
        — ACTUAL lookalike={"stage":"session","accessId":"cmupeog2v000iodkzh35ulnyl"} percent={"stage":"session","accessId":"cmupeog2v000iodkzh35ulnyl"} legit={"stage":"session","accessId":"cmupeog2v000iodkzh35ulnyl"}
  ❌ [A2] portal LINE (no invite): verified LINE e-mail `vic_tim-…` ⇒ no session · positive control: the contact's own address (other case) ⇒ session of the victim's access
        — ACTUAL lookalike=SESSION cmupeog2v000iodkzh35ulnyl legit=true
  ❌ [A3] inbound From `sta_ff-…` (attacker's real, DMARC-passing mailbox) is NOT the staff `sta.ff-…`: stored IN, sentById null — never a forged 'sent by our salesperson' OUT · positive control: the staff's own address (other case) with A-R ⇒ OUT, sentById = staff
        — ACTUAL look={"h":true,"dir":"OUT","by":"staff"} legit={"dir":"OUT","by":true}
  ❌ [A4] setUserSetting fromAddr `sa_les@<verified>` is NOT refused as 'a contact's address' because of contact `sa.les@` (false refusal) · positive control: the contact's exact address (other case) is refused
        — ACTUAL look=EmailError:ที่อยู่นี้เป็นอีเมลของผู้ติดต่อในระบบ CRM จึงใช้เป็นที่อยู่ผู้ส่งของพนักงานไม่ได้ — ใช้อีเมลของร้านบนโดเมนที่ยืนยันแล้ว legit=refused
  ❌ [A5.1] inbound From domain `dom_…` (forgeable, no auth for customers) does NOT file the mail on company `dom-…` (matchedBy NONE) · positive control: same domain other case ⇒ DOMAIN, that company
        — ACTUAL look=DOMAIN/true legit=DOMAIN/true
  ❌ [A5.2] industry filter `ab_…` does not list industry `ab-…` (harmless widening) · positive control: other case lists it
        — ACTUAL look=1 legit=true
  ❌ [A5.3] matchByExactName('%') ⇒ null (was: the oldest company) · Thai+Latin name other case ⇒ that company · a name holding literal `%_\` ⇒ itself · `_` look-alike of it ⇒ null
        — ACTUAL pct=cmupeog14000godkze4ljui6h thai=true literal=false look=null
  ❌ [A6] bridge lead `vic_tim-…` is a NEW contact (was: silently merged into the victim `vic.tim-…`) · positive control: the victim's address in other case ⇒ the victim (repeated)
        — ACTUAL look={"c":false,"victim":true} legit={"c":false,"victim":true}
  ❌ [A7] findContactsForLink (account 'same person?' block) `vic_tim-…` ⇒ not the victim · positive control: exact other case ⇒ the victim
        — ACTUAL look=1 legit=true
  ❌ [A8] [PROD-LIVE] member findCustomersForLink `me_mber-…` / `%@domain` ⇒ not the member · positive control: exact other case ⇒ the member
        — ACTUAL look=1 pct=1 legit=true
  ❌ [A9] [PROD-LIVE] mail-to-board From `sta_ff-…` is an OUTSIDER: not assigned to staff `sta.ff-…` and the card shows 'จาก: <sender>' · positive control: the staff's own address (other case) ⇒ assigned to that staff
        — ACTUAL look={"ok":true,"asg":1,"from":false} legit={"ok":true,"staff":true}
  ❌ [B1] copy target inside SHARK inbound (own/other `crm+…`, board `งาน+`/`tasks+`, shop `<slug>@shark.in.th`, any case) is refused for the shop setting AND the per-user setting · positive control: an outside address is accepted
        — ACTUAL acceptedShop=system,other-shop,board,board-ascii,shop-slug,case acceptedUser=system,other-shop,board,board-ascii,shop-slug,case outside=true/true
  ❌ [B2] the inbound copy (copyMode IN) carries `Auto-Submitted: auto-forwarded` and our loop marker `X-SHARK-Loop`
        — ACTUAL handled=true copies=1 headers={}
  ❌ [B3] a mail that carries our loop marker comes back ⇒ dropped (handled false, no row, no copy sent again) · positive control: an ordinary mail is stored and copied
        — ACTUAL back={"h":true} rows+1 normal=true copies=2
  ❌ [B4] legacy setting copyToAddr = our own `crm+…` (saved before the guard) ⇒ the mail is stored but NO copy is sent
        — ACTUAL handled=true copies=[["crm+chai65gs@shark.in.th"]]
  ❌ [C1] forged customer From (no authentication proof) ⇒ stored on the contact (staff still sees it) WITH routing.unverifiedFrom = true · thread DTO says unverifiedFrom · crm.email.received carries no contactId/companyId (unverifiedFrom: true) ⇒ the score rule awards 0
        — ACTUAL row={"c":true,"routing":null} dto=undefined evt={"emailId":"cmupeonhq003jodkz2rytnp6x","contactId":"cmupeomxg0034odkzhi9hkr1f","threadKey":"thratruavwz"} score=1
  ❌ [C2] unverified From that is NOT the thread's recipient but cites its Message-ID ⇒ OUT not marked replied · no crm.email.replied · that contact's sequence NOT stopped
        — ACTUAL replied=true evts+1 enrK2=STOPPED
  ❌ [C3] authenticated customer reply (CRM_INBOUND_AUTHSERV_ID set · dmarc=pass header.from=<its domain>) ⇒ no flag · event carries contactId · score +10 · OUT repliedAt · ONE crm.email.replied · K1's sequence STOPPED
        — ACTUAL routing=null evt={"emailId":"cmupeoocl003wodkzfdba6qu1","contactId":"cmupeomxg0034odkzhi9hkr1f","threadKey":"thratruavwz"} score=2 replied=true evts+1 enrK1=ACTIVE
  ❌ [D1.1] per-sender cap: a sender over its hourly bucket ⇒ accepted-and-dropped (ok true · handled false · reason rate_limited · no row) · exactly ONE audit line for the window however many mails · positive control: another sender is stored
        — ACTUAL o1={"ok":true,"handled":true,"emailId":"cmupeoor70041odkz163c2agm","attachmentsDropped":0} o2=undefined other=true rows+3 audits=0
  ❌ [D1.2] per-system cap: system bucket full ⇒ any new sender dropped (reason rate_limited, no row) · ONE audit line for the window
        — ACTUAL s1={"ok":true,"handled":true,"emailId":"cmupeop2i0047odkz0v91r2j5","attachmentsDropped":0} s2=undefined rows+2 audits=0
  ✅ [D1.3] window over (bucket reset) ⇒ the same sender is stored again
        — ACTUAL {"ok":true,"handled":true,"emailId":"cmupeopa6004bodkzciamy1do","attachmentsDropped":0}
  ❌ [D2] re-sending the invite of an access kills its live portal sessions (old device signed out) · invite audit records sessionsRevoked · positive control: a session minted after the re-invite works
        — ACTUAL before=true afterReinvite=true fresh=true audit={"role":"APPROVE","companyId":"cmupeog14000godkze4ljui6h","contactId":"cmupeopbl004eodkzyqwd3a1o","expiresAt":"2026-10-08T10:43:22.192Z","loginMethods":["EMAIL_OTP","LINE"]}
  ❌ [E1] nav: tab บริษัท carries perm crm.company.read (shown with the key, hidden without it)
        — ACTUAL perm=undefined with=true without=true
  ❌ [E2] /companies list + /companies/[companyId]: `if (!crmCan(actor, "crm.company.read")) notFound()` before any company read · drawer link บริษัท gated by crm.company.read (เพิ่มบริษัท by crm.company.create)
        — ACTUAL list=false record=false drawer=false
  ❌ [E3] deal stage tabs expose the selected stage: aria-current on the active `deal-stage-tab-*`
        — ACTUAL absent
  ✅ [CLEAN] throwaway tenant, users, systems and rate buckets removed (0 rows left)
        — ACTUAL - buckets=0

🔴 probe-cf2: 3/28
JSON_SUMMARY {"total":28,"passed":3,"findings":[{"id":"A0.2"},{"id":"A1"},{"id":"A2"},{"id":"A3"},{"id":"A4"},{"id":"A5.1"},{"id":"A5.2"},{"id":"A5.3"},{"id":"A6"},{"id":"A7"},{"id":"A8"},{"id":"A9"},{"id":"B1"},{"id":"B2"},{"id":"B3"},{"id":"B4"},{"id":"C1"},{"id":"C2"},{"id":"C3"},{"id":"D1.1"},{"id":"D1.2"},{"id":"D2"},{"id":"E1"},{"id":"E2"},{"id":"E3"}]}
