(node:1338777) Warning: SECURITY WARNING: The SSL modes 'prefer', 'require', and 'verify-ca' are treated as aliases for 'verify-full'.
In the next major version (pg-connection-string v3.0.0 and pg v9.0.0), these modes will adopt standard libpq semantics, which have weaker security guarantees.

To prepare for this change:
- If you want the current behavior, explicitly use 'sslmode=verify-full'
- If you want libpq compatibility now, use 'uselibpqcompat=true&sslmode=require'

See https://www.postgresql.org/docs/current/libpq-ssl.html for libpq SSL mode definitions.
(Use `node --trace-warnings ...` to show where the warning was created)
  ✅ [A0.1] premise (positive control): raw `{ equals, mode: insensitive }` is ILIKE with live wildcards — `_` look-alike and `%@domain` match the victim
        — ACTUAL rawUnderscore=true rawPercent=3
  ✅ [A0.2] ciEquals(): `_` look-alike ⇒ 0 · `%@domain` ⇒ 0 · `\` treated literally (a\y ≠ a\x) · exact address in other case ⇒ the victim · literal `%_\` address in other case ⇒ itself · Thai local part (case-folded domain) ⇒ itself, Thai `_` look-alike ⇒ 0
        — ACTUAL helper=true u=0 p=0 bs=0 exact=true literal=true thai=true thaiLook=0
  ✅ [A1] portal OTP: a look-alike mailbox (`vic_tim-…` for contact `vic.tim-…`, or `%`) gets NO portal session (the takeover of 2a-6) · positive control: the contact's own address in other case ⇒ a session of the victim's access
        — ACTUAL lookalike={"stage":"verify","err":"CustomerAuthError:รหัสยืนยันไม่ถูกต้องหรือหมดอายุแล้ว — กดขอรหัสใหม่แล้วลองอีกครั้ง","hadCode":true} percent={"stage":"verify","err":"CustomerAuthError:รหัสยืนยันไม่ถูกต้องหรือหมดอายุแล้ว — กดขอรหัสใหม่แล้วลองอีกครั้ง","hadCode":true} legit={"stage":"session","accessId":"cmupkm3hj000i09kzdmankc4s"}
  ✅ [A2] portal LINE (no invite): verified LINE e-mail `vic_tim-…` ⇒ no session · positive control: the contact's own address (other case) ⇒ session of the victim's access
        — ACTUAL lookalike=CustomerAuthError:ยังไม่พบสิทธิ์พอร์ทัลที่ตรงกับบัญชี LINE นี้ — เปิดลิงก์เชิญจากร้าน หรือเข้าด้วยอีเมลแทน legit=true
  ✅ [A3] inbound From `sta_ff-…` (attacker's real, DMARC-passing mailbox) is NOT the staff `sta.ff-…`: stored IN, sentById null — never a forged 'sent by our salesperson' OUT · positive control: the staff's own address (other case) with A-R ⇒ OUT, sentById = staff
        — ACTUAL look={"h":true,"dir":"IN","by":null} legit={"dir":"OUT","by":true}
  ✅ [A4] setUserSetting fromAddr `sa_les@<verified>` is NOT refused as 'a contact's address' because of contact `sa.les@` (false refusal) · positive control: the contact's exact address (other case) is refused
        — ACTUAL look=saved legit=refused
  ✅ [A5.1] inbound From domain `dom_…` (forgeable, no auth for customers) does NOT file the mail on company `dom-…` (matchedBy NONE) · positive control: same domain other case ⇒ DOMAIN, that company
        — ACTUAL look=NONE/false legit=DOMAIN/true
  ✅ [A5.2] industry filter `ab_…` does not list industry `ab-…` (harmless widening) · positive control: other case lists it
        — ACTUAL look=0 legit=true
  ✅ [A5.3] matchByExactName('%') ⇒ null (was: the oldest company) · Thai+Latin name other case ⇒ that company · a name holding literal `%_\` ⇒ itself · `_` look-alike of it ⇒ null
        — ACTUAL pct=null thai=true literal=true look=null
  ✅ [A6] bridge lead `vic_tim-…` is a NEW contact (was: silently merged into the victim `vic.tim-…`) · positive control: the victim's address in other case ⇒ the victim (repeated)
        — ACTUAL look={"c":true,"victim":false} legit={"c":false,"victim":true}
  ✅ [A7] findContactsForLink (account 'same person?' block) `vic_tim-…` ⇒ not the victim · positive control: exact other case ⇒ the victim
        — ACTUAL look=1 legit=true
  ✅ [A8] [PROD-LIVE] member findCustomersForLink `me_mber-…` / `%@domain` ⇒ not the member · positive control: exact other case ⇒ the member
        — ACTUAL look=0 pct=0 legit=true
  ✅ [A9] [PROD-LIVE] mail-to-board From `sta_ff-…` is an OUTSIDER: not assigned to staff `sta.ff-…` and the card shows 'จาก: <sender>' · positive control: the staff's own address (other case) ⇒ assigned to that staff
        — ACTUAL look={"ok":true,"asg":0,"from":true} legit={"ok":true,"staff":true}
  ✅ [B1] copy target inside SHARK inbound (own/other `crm+…`, board `งาน+`/`tasks+`, shop `<slug>@shark.in.th`, any case) is refused for the shop setting AND the per-user setting · positive control: an outside address is accepted
        — ACTUAL acceptedShop=- acceptedUser=- outside=true/true
  ✅ [B2] the inbound copy (copyMode IN) carries `Auto-Submitted: auto-forwarded` and our loop marker `X-SHARK-Loop`
        — ACTUAL handled=true copies=1 headers={"Auto-Submitted":"auto-forwarded","X-SHARK-Loop":"crm-copy"}
  ✅ [B3] a mail that carries our loop marker comes back ⇒ dropped (handled false, no row, no copy sent again) · positive control: an ordinary mail is stored and copied
        — ACTUAL back={"h":false,"r":"loop"} rows+0 normal=true copies=1
  ✅ [B4] legacy setting copyToAddr = our own `crm+…` (saved before the guard) ⇒ the mail is stored but NO copy is sent
        — ACTUAL handled=true copies=[]
  ✅ [C1] forged customer From (no authentication proof) ⇒ stored on the contact (staff still sees it) WITH routing.unverifiedFrom = true · thread DTO says unverifiedFrom · crm.email.received carries no contactId/companyId (unverifiedFrom: true) ⇒ the score rule awards 0
        — ACTUAL row={"c":true,"routing":{"unverifiedFrom":true}} dto=true evt={"emailId":"cmupkm7tb002y09kzplx8mx0a","threadKey":"thrrcxuyeqa","unverifiedFrom":true} score=0
  ✅ [C2] unverified From that is NOT the thread's recipient but cites its Message-ID ⇒ OUT not marked replied · no crm.email.replied · that contact's sequence NOT stopped
        — ACTUAL replied=false evts+0 enrK2=ACTIVE
  ✅ [C3] authenticated customer reply (CRM_INBOUND_AUTHSERV_ID set · dmarc=pass header.from=<its domain>) ⇒ no flag · event carries contactId · score +10 · OUT repliedAt · ONE crm.email.replied · K1's sequence STOPPED
        — ACTUAL routing=null evt={"emailId":"cmupkm8h0003609kz8qsmew8d","contactId":"cmupkm7bc002j09kz1phq95hf","threadKey":"thrrcxuyeqa"} score=1 replied=true evts+1 enrK1=STOPPED
  ✅ [D1.1] per-sender cap: a sender over its hourly bucket ⇒ accepted-and-dropped (ok true · handled false · reason rate_limited · no row) · exactly ONE audit line for the window however many mails · positive control: another sender is stored
        — ACTUAL o1={"ok":true,"handled":false,"reason":"rate_limited","attachmentsDropped":0} o2=rate_limited other=true rows+1 audits=1
  ✅ [D1.2] per-system cap: system bucket full ⇒ any new sender dropped (reason rate_limited, no row) · ONE audit line for the window
        — ACTUAL s1={"ok":true,"handled":false,"reason":"rate_limited","attachmentsDropped":0} s2=rate_limited rows+0 audits=1
  ✅ [D1.3] window over (bucket reset) ⇒ the same sender is stored again
        — ACTUAL {"ok":true,"handled":true,"emailId":"cmupkm9aj003j09kzhc38y9u3","attachmentsDropped":0}
  ✅ [D2] re-sending the invite of an access kills its live portal sessions (old device signed out) · invite audit records sessionsRevoked · positive control: a session minted after the re-invite works
        — ACTUAL before=true afterReinvite=false fresh=true audit={"role":"APPROVE","companyId":"cmupkm3gx000g09kz9o3i6qxn","contactId":"cmupkm9bz003m09kzpmeiwuuj","expiresAt":"2026-10-08T13:29:25.830Z","loginMethods":["EMAIL_OTP","LINE"],"sessionsRevoked":1}
  ✅ [E1] nav: tab บริษัท carries perm crm.company.read (shown with the key, hidden without it)
        — ACTUAL perm=crm.company.read with=true without=false
  ✅ [E2] /companies list + /companies/[companyId]: `if (!crmCan(actor, "crm.company.read")) notFound()` before any company read · drawer link บริษัท gated by crm.company.read (เพิ่มบริษัท by crm.company.create)
        — ACTUAL list=true record=true drawer=true
  ✅ [E3] deal stage tabs expose the selected stage: aria-current on the active `deal-stage-tab-*`
        — ACTUAL present
  ✅ [R2-1] 4-hop outside-forwarder loop (FW: subject, no loop header, From = the copy mailbox) ⇒ exactly ONE copy (the original) · an Auto-Submitted mail and a subject carrying the copy prefix mid-way get no copy · positive control: the customer's mail was copied
        — ACTUAL firstCopied=true/true afterHops=1 afterAll=1
  ✅ [R2-2] RV2-2: forged `ceo@<company emailDomain>` (no contact, no A-R) filed by DOMAIN ⇒ routing.unverifiedFrom · event has NO companyId (unverifiedFrom: true) · positive control: the same domain WITH A-R ⇒ no flag, event carries companyId
        — ACTUAL forged={"by":"DOMAIN","routing":{"unverifiedFrom":true},"evt":{"emailId":"cmupkmamf004b09kzt9u5lszj","threadKey":"c6b440707e7f881ccea24b2ab1271302","unverifiedFrom":true}} proven={"routing":null,"evtCo":true}
  ✅ [R2-4] RV2-4: listThreads (inbox · contact/company lists · REST GET /emails/threads · AI tool crm_email_thread) carries unverifiedFrom per thread (forged thread true · proven thread false) · inbox rows render the badge · the REST/AI op passes items through and its summary + tool hint explain the flag
        — ACTUAL forged=true proven=false inboxBadge=true opText=true
  ✅ [R2-3] RV2-3 ruling: system bucket full ⇒ unproven random senders dropped (rate_limited) · an A-R-proven contact mail AND a thread-proven reply (our Message-ID, from that mail's recipient) are STORED and do not touch the system bucket · the owner gets ONE notification for the window (with ONE audit line)
        — ACTUAL flood=rate_limited/rate_limited proven={"h":true} thread={"h":true} bucket=1002→1002 ownerNotes=1 audits=1
  ✅ [R2-5] RV2-5: re-inviting the contact at company A kills its live session at company B too (no B→A switchCompany afterwards) and the A session obtained by switching · positive control: before the re-invite B→A switch minted a live A session
        — ACTUAL beforeSwitch=true B=false A=false switchAfter=PortalError:เซสชันพอร์ทัลหมดอายุหรือถูกยกเลิกแล้ว — เข้าสู่ระบบอีกครั้ง
  ✅ [R2-6] F15: scanner catches all 12 must-hit spellings (incl. shorthand · swapped · single quote · comma in value · quoted key · QueryMode · variable object · spread · // in string · multi-line · mode variable) and none of the 8 negatives · a NEW `name: {equals, mode}` in account/service.ts is outside the line-anchored debt
        — ACTUAL miss=- falsePos=- sites=3 newOutsideDebt=1
  ✅ [R2-7] RV2-7: the CRM layout computes the nav keys once (NavPermsProvider + CRM_NAV_PERMS) and ModuleTabs filters with them ⇒ on every page that calls crmNavItems(id) (7 pages checked) บริษัท shows for OWNER/MANAGER/STAFF-with-key and is hidden for a STAFF without crm.company.read · no provider ⇒ hidden (fail closed)
        — ACTUAL pages=7/7 owner=true manager=true staffKey=true staffNoKey=false noProvider=false
  ❌ [R3-1] R2b-1: 24 trials of switchCompany(B→A) concurrent with re-invite(A) (0–12 ms staggers, both orders) ⇒ 0 live portal sessions of the contact afterwards · every re-invite succeeds
        — ACTUAL survivors=1 switchesThatMinted=24/24 t0:live=1/sw=true
  ✅ [CLEAN] throwaway tenant, users, systems and rate buckets removed (0 rows left)
        — ACTUAL - buckets=0

🔴 probe-cf2: 35/36
JSON_SUMMARY {"total":36,"passed":35,"findings":[{"id":"R3-1"}]}
