pending/cf2/probe-cf2 exit=0 JSON_SUMMARY {"total":28,"passed":28,"findings":[]}
pending/cd2/probe-cd2 exit=0 JSON_SUMMARY {"total":28,"passed":28,"findings":[]}
pending/cd2/review/probe-cd2-review exit=0 JSON_SUMMARY {"total":8,"passed":8,"findings":[]}
pending/c54e/probe-c54e exit=0 🟢 probe-c54e: 20/20
pending/c54e/probe-c54e-r2 exit=0 🟢 probe-c54e-r2: 23/23
qc-crm-c1.3 exit=0 JSON_SUMMARY {"total":89,"passed":89,"findings":[]}
qc-crm-c1.4 exit=0 JSON_SUMMARY {"total":110,"passed":110,"findings":[]}
qc-crm-c1.5 exit=0 JSON_SUMMARY {"total":103,"passed":103,"findings":[]}
qc-crm-c1.7 exit=0 JSON_SUMMARY {"total":57,"passed":57,"findings":[]}
qc-crm-c1.11 exit=0 JSON_SUMMARY {"total":66,"passed":66,"findings":[]}
qc-crm-c2.2 exit=0 JSON_SUMMARY {"total":73,"passed":73,"findings":[]}
qc-crm-c2.5 exit=1 JSON_SUMMARY {"total":105,"passed":104,"findings":[{"id":"C2.5-U.5","sev":"CRITICAL"}]}
qc-crm-c2.6 exit=0 JSON_SUMMARY {"total":87,"passed":87,"findings":[]}
qc-crm-c3.5 exit=0 JSON_SUMMARY {"total":67,"passed":67,"findings":[]}
qc-crm-c3.9 exit=0 JSON_SUMMARY {"total":49,"passed":49,"findings":[]}
qc-crm-c0.2 exit=0 JSON_SUMMARY {"total":27,"passed":27,"findings":[]}
qc-kanban-k3.3 exit=0 JSON_SUMMARY {"total":15,"passed":14,"findings":["K3.3-S9.2"]}
qc-kanban-k3.9 exit=0 JSON_SUMMARY {"total":13,"passed":12,"findings":["K3.9-S4.2"]}
qc-acc-v2-contact-modal exit=0 
qc-forms-notify exit=0 
docs-crm exit=0 
docs-member exit=1 
docs-kanban exit=1 
docs-account exit=1 
fitness exit=0 JSON_SUMMARY {"total":35,"passed":35,"findings":[]}
fitness-noenv exit=0 JSON_SUMMARY {"total":35,"passed":35,"findings":[]}
ALLDONE
