[env] qc-restaurant-money · ไฟล์ .env.qc4 · DB ep-frosty-lab-aoylqlv8-pooler.c-2.ap-southeast-1.aws.neon.tech
── setup: ร้านอาหารจด VAT — unit ผูก POS · POS ผูกบัญชี (เหมือน DNA Wizard ประกอบให้) ──
(node:1935100) Warning: SECURITY WARNING: The SSL modes 'prefer', 'require', and 'verify-ca' are treated as aliases for 'verify-full'.
In the next major version (pg-connection-string v3.0.0 and pg v9.0.0), these modes will adopt standard libpq semantics, which have weaker security guarantees.

To prepare for this change:
- If you want the current behavior, explicitly use 'sslmode=verify-full'
- If you want libpq compatibility now, use 'uselibpqcompat=true&sslmode=require'

See https://www.postgresql.org/docs/current/libpq-ssl.html for libpq SSL mode definitions.
(Use `node --trace-warnings ...` to show where the warning was created)

── dine-in: เปิดโต๊ะ → สั่งข้าวกะเพรา ฿60 ×2 → เช็คบิลเงินสด ──
  ✅ [RM-1.1] เช็คบิลผ่าน POS สำเร็จ (unit ผูก POS แล้ว)

── เงินถึงสมุดบัญชีไหม (ท่อ M1 อัตโนมัติ) ──
  ✅ [RM-2.1] เช็คบิลโต๊ะ → เกิด journal entry อัตโนมัติ
  ✅ [RM-2.2] Dr เงินสด 1000 = 120.00
  ✅ [RM-2.3] Cr รายได้ 4000 = 112.15 (ฐานหลังถอด VAT 7%)
  ✅ [RM-2.4] Cr ภาษีขาย 2200 = ส่วน VAT
  ✅ [RM-2.5] Σdr = Σcr

[cleanup] เรียบร้อย

===== QC Restaurant Money Chain =====
ผ่าน 6/6
FINDINGS: CRITICAL 0 · MAJOR 0 · MINOR 0

JSON_SUMMARY {"total":6,"passed":6,"findings":[]}
