[env] qc-school-refund · ไฟล์ .env.qc4 · DB ep-frosty-lab-aoylqlv8-pooler.c-2.ap-southeast-1.aws.neon.tech
(node:1937606) Warning: SECURITY WARNING: The SSL modes 'prefer', 'require', and 'verify-ca' are treated as aliases for 'verify-full'.
In the next major version (pg-connection-string v3.0.0 and pg v9.0.0), these modes will adopt standard libpq semantics, which have weaker security guarantees.

To prepare for this change:
- If you want the current behavior, explicitly use 'sslmode=verify-full'
- If you want libpq compatibility now, use 'uselibpqcompat=true&sslmode=require'

See https://www.postgresql.org/docs/current/libpq-ssl.html for libpq SSL mode definitions.
(Use `node --trace-warnings ...` to show where the warning was created)
  ✅ [RF-1.0] ก่อน refund: PAID + posSale PAID + รอบเต็ม (สมัครที่ 3 ไม่ได้) + รายได้ net>0
  ✅ [RF-1.1] refund ok:true
  ✅ [RF-1.2] enrollment → REFUNDED + refundedAt ตั้ง (ไม่ลบ record)
  ✅ [RF-1.3] posSale → VOIDED (กลับเส้นเงิน)
  ✅ [RF-1.4] outbox pos.sale.voided ≥1
  ✅ [RF-1.5] GL รายได้ 4000 net=0 (คืนครบ) + Σdr=Σcr
  ✅ [RF-1.6] ที่นั่งคืน: หลัง refund สมัครคนใหม่ในรอบเดิมได้ (capacity ว่าง 1)
  ✅ [RF-2.1] refund ซ้ำ → ok:false (ไม่ทำซ้ำ)
  ✅ [RF-2.2] void outbox ไม่เพิ่ม + GL รายได้ยัง net=0 (ไม่กลับบัญชีเบิ้ล)
  ✅ [RF-3.1] refund ENROLLED → ok:false + enrollment ยัง ENROLLED
  ✅ [RF-4.1] cross-tenant refund → ok:false + enrollment t1 ยัง PAID (ไม่ถูกคืน)

===== QC School Refund =====
ผ่าน 11/11
FINDINGS: CRITICAL 0 · MAJOR 0 · MINOR 0
JSON_SUMMARY {"total":11,"passed":11,"findings":[]}
