
── N0 Next AfterContext: when does a registered after() task run? ──
  ✅ [N0.1] (control) control: Next runs an after() task only when the registering request's response emits 'close' (not before)
        — ACTUAL before close=0 after close=1
  ✅ [N0.2] (control) control (mechanism, real Next code): an after() task registered on a scope whose response already closed NEVER starts
        — ACTUAL ran within 1 s = 0
(node:3386058) ExperimentalWarning: The MockTimers API is an experimental feature and might change at any time
(Use `node --trace-warnings ...` to show where the warning was created)

── U1 normal: write → wake → the request's after() task drains it ──
  ✅ [U1.1] (control) control: 3 wakes in one request ⇒ ONE after() task · it returns the drain promise (N9) · the row is drained · one drain
        — ACTUAL tasks=1 returnsPromise=true settled=true pending=0 runs=1
  ✅ [U1.2] (control) control: no extra drain later (nothing to cover)
        — ACTUAL runs after 5 s = 1

── U2 P-it6-2: a registered after() task never starts ──
  ❌ [U2a] (FINDING) FINDING: request A's after() task never starts; request B writes + wakes 1 s later ⇒ B's row (and A's) is drained within 5 s without any other wake
        — ACTUAL B registered 0 after() task(s) · pending after 5 s = [1,2] · drains=0
  ❌ [U2b] (FINDING) FINDING: the request's own after() task never starts and nothing else wakes ⇒ its row is still drained within 5 s
        — ACTUAL pending after 5 s = [3] · drains=0
  ℹ️  [U2c] after a never-starting registration, wakes at +1 s … +16 s registered after() tasks: [0,0,0,0,0,0,0,0,0,0,0,0,0,0,1,0] (first registration at +15 s) · drains run by then: 0
  ❌ [U2c] (FINDING) FINDING: the blackout after a never-starting task is at most the fallback window (≤ 3 s), not 15 s
        — ACTUAL first new registration at +15 s

── U3 wake during a running drain ──
  ✅ [U3] (control) control: a write + wake that arrives while a drain is running (after its candidate read) is still drained — by a drain that starts after the wake
        — ACTUAL runs before=1 · second request registered 1 task(s) · pending=[] · drains=2

── U4 burst of 50 wakes ──
  ❌ [U4a] (FINDING) FINDING: 50 requests that each write + wake while one drain is running ⇒ every row drained with a BOUNDED number of drains (≤ 2: the running one + one queued re-run)
        — ACTUAL drains=51 · after() tasks registered=50 · pending=0
  ✅ [U4b] (control) control: 50 wakes in ONE request ⇒ one after() task, one drain
        — ACTUAL tasks=1 drains=1 pending=0
  ✅ [U4c] (control) control: 50 concurrent requests (none closed yet) ⇒ ONE after() task in total, one drain, every row drained
        — ACTUAL tasks=1 drains=1 pending=0

── U5 run() throws ──
  ✅ [U5.1] (control) control: an async failure of run() never rejects the after() task, and the next wake still drains (state not stuck)
        — ACTUAL calls=1 rejected=false nextTasks=1 pending=0
  ❌ [U5.2] (FINDING) FINDING: even a run() that throws synchronously never fails the user's request or the after() task, in or out of a request; the next wake still drains
        — ACTUAL threwInRequest=true taskRejected=false threwOutOfRequest=true nextPending=0

── U6 out of request (scripts · cron · tests) ──
  ✅ [U6.1] (control) control: outside a request scope the drain starts immediately (synchronously), not awaited, and drains
        — ACTUAL runs right after the call=1 pending=0
  ✅ [U6.2] (control) control: out of request, wakes while a drain is running ⇒ every row drained
        — ACTUAL drains=3 pending=0
  ℹ️  [U6.2] out-of-request: 3 wakes while the first drain ran ⇒ 3 drain(s) (before fix15: one chained drain per wake)

── U7 after() throws inside a request ──
  ✅ [U7] (control) control: after() throwing inside a request never fails the request and drains immediately
        — ACTUAL threw=false pending=0 drains=1

── U8 waitUntil gets the covering drain ──
  ❌ [U8] (FINDING) FINDING: the after() task of a wake that arrived during a running drain resolves only after the drain that covers its write (started after D finished) has finished — guaranteed by after-drain itself
        — ACTUAL tasks=1 settledWhileDHeld=true settledAtEnd=true pending=0

controls 11/11 green · findings GREEN (fixed) 0/6
JSON_SUMMARY {"controls":[["N0.1",true],["N0.2",true],["U1.1",true],["U1.2",true],["U3",true],["U4b",true],["U4c",true],["U5.1",true],["U6.1",true],["U6.2",true],["U7",true]],"findings":[["U2a","RED"],["U2b","RED"],["U2c","RED"],["U4a","RED"],["U5.2","RED"],["U8","RED"]]}
