(node:2403248) Warning: SECURITY WARNING: The SSL modes 'prefer', 'require', and 'verify-ca' are treated as aliases for 'verify-full'.
In the next major version (pg-connection-string v3.0.0 and pg v9.0.0), these modes will adopt standard libpq semantics, which have weaker security guarantees.

To prepare for this change:
- If you want the current behavior, explicitly use 'sslmode=verify-full'
- If you want libpq compatibility now, use 'uselibpqcompat=true&sslmode=require'

See https://www.postgresql.org/docs/current/libpq-ssl.html for libpq SSL mode definitions.
(Use `node --trace-warnings ...` to show where the warning was created)
  ✅ [P-premise] the owner sees the hidden contact; manager (unit u-a), own-records staff, TEAM staff and the filtered API key do not

── DU · duplicates of a contact the caller cannot see ──
  ❌ [DU-hidden-mgr] phone: OK created=false contact=THE HIDDEN ONE · phone: leaks ["cmuqepnhy000pcwkz056di0f0","เจ้าของลับ qc-cf16-p-qdsqtwvv","เจ้าของลับ","0810612973","hid-qdsqtwvv@qc.invalid","บริษัทลับ qdsqtwvv","cmuqepnh8000ncwkzfasvbr2i"] · phone+force: OK created=true contact=cmuqepnxx0017cwkzn3htkx2g · phone+force: leaks ["cmuqepnhy000pcwkz056di0f0","เจ้าของลับ","0810612973"] · email: OK created=false contact=THE HIDDEN ONE · email: leaks ["cmuqepnhy000pcwkz056di0f0","เจ้าของลับ qc-cf16-p-qdsqtwvv","เจ้าของลับ","0810612973","hid-qdsqtwvv@qc.invalid","บริษัทลับ qdsqtwvv","cmuqepnh8000ncwkzfasvbr2i"] · email+force: OK created=true contact=cmuqepo4j001ccwkzqn2gvj96 · email+force: leaks ["cmuqepnhy000pcwkz056di0f0","เจ้าของลับ","hid-qdsqtwvv@qc.invalid"] · upd-phone: DUPLICATE "เบอร์หรืออีเมลใหม่ตรงกับผู้ติดต่ออีกคนในระบบนี้อยู่แล้ว — ตรวจว่าเป็นคนเดียวกันไ" · upd-phone: leaks ["cmuqepnhy000pcwkz056di0f0","เจ้าของลับ"] · upd-email: DUPLICATE "เบอร์หรืออีเมลใหม่ตรงกับผู้ติดต่ออีกคนในระบบนี้อยู่แล้ว — ตรวจว่าเป็นคนเดียวกันไ" · upd-email: leaks ["cmuqepnhy000pcwkz056di0f0","เจ้าของลับ"] · writes: phone rows 1→2 email rows 1→2 mine.phone=null
  ❌ [DU-hidden-staff] phone: OK created=false contact=THE HIDDEN ONE · phone: leaks ["cmuqepnhy000pcwkz056di0f0","เจ้าของลับ qc-cf16-p-qdsqtwvv","เจ้าของลับ","0810612973","hid-qdsqtwvv@qc.invalid","บริษัทลับ qdsqtwvv","cmuqepnh8000ncwkzfasvbr2i"] · phone+force: OK created=true contact=cmuqepoiu001icwkzej48hmxl · phone+force: leaks ["cmuqepnhy000pcwkz056di0f0","เจ้าของลับ","0810612973"] · email: OK created=false contact=THE HIDDEN ONE · email: leaks ["cmuqepnhy000pcwkz056di0f0","เจ้าของลับ qc-cf16-p-qdsqtwvv","เจ้าของลับ","0810612973","hid-qdsqtwvv@qc.invalid","บริษัทลับ qdsqtwvv","cmuqepnh8000ncwkzfasvbr2i"] · email+force: OK created=true contact=cmuqepoop001ncwkz8ots3nan · email+force: leaks ["cmuqepnhy000pcwkz056di0f0","เจ้าของลับ","hid-qdsqtwvv@qc.invalid"] · upd-phone: DUPLICATE "เบอร์หรืออีเมลใหม่ตรงกับผู้ติดต่ออีกคนในระบบนี้อยู่แล้ว — ตรวจว่าเป็นคนเดียวกันไ" · upd-phone: leaks ["cmuqepnhy000pcwkz056di0f0","เจ้าของลับ"] · upd-email: DUPLICATE "เบอร์หรืออีเมลใหม่ตรงกับผู้ติดต่ออีกคนในระบบนี้อยู่แล้ว — ตรวจว่าเป็นคนเดียวกันไ" · upd-email: leaks ["cmuqepnhy000pcwkz056di0f0","เจ้าของลับ"] · writes: phone rows 2→3 email rows 2→3 mine.phone=null
  ❌ [DU-hidden-teamer] phone: OK created=false contact=THE HIDDEN ONE · phone: leaks ["cmuqepnhy000pcwkz056di0f0","เจ้าของลับ qc-cf16-p-qdsqtwvv","เจ้าของลับ","0810612973","hid-qdsqtwvv@qc.invalid","บริษัทลับ qdsqtwvv","cmuqepnh8000ncwkzfasvbr2i"] · phone+force: OK created=true contact=cmuqepp1o001tcwkz8t4rlp8s · phone+force: leaks ["cmuqepnhy000pcwkz056di0f0","เจ้าของลับ","0810612973"] · email: OK created=false contact=THE HIDDEN ONE · email: leaks ["cmuqepnhy000pcwkz056di0f0","เจ้าของลับ qc-cf16-p-qdsqtwvv","เจ้าของลับ","0810612973","hid-qdsqtwvv@qc.invalid","บริษัทลับ qdsqtwvv","cmuqepnh8000ncwkzfasvbr2i"] · email+force: OK created=true contact=cmuqepp7r001ycwkzgznvb7fw · email+force: leaks ["cmuqepnhy000pcwkz056di0f0","เจ้าของลับ","hid-qdsqtwvv@qc.invalid"] · upd-phone: DUPLICATE "เบอร์หรืออีเมลใหม่ตรงกับผู้ติดต่ออีกคนในระบบนี้อยู่แล้ว — ตรวจว่าเป็นคนเดียวกันไ" · upd-phone: leaks ["cmuqepnhy000pcwkz056di0f0","เจ้าของลับ"] · upd-email: DUPLICATE "เบอร์หรืออีเมลใหม่ตรงกับผู้ติดต่ออีกคนในระบบนี้อยู่แล้ว — ตรวจว่าเป็นคนเดียวกันไ" · upd-email: leaks ["cmuqepnhy000pcwkz056di0f0","เจ้าของลับ"] · writes: phone rows 3→4 email rows 3→4 mine.phone=null
  ❌ [DU-hidden-apikey] phone: OK created=false contact=THE HIDDEN ONE · phone: leaks ["cmuqepnhy000pcwkz056di0f0","เจ้าของลับ qc-cf16-p-qdsqtwvv","เจ้าของลับ","0810612973","hid-qdsqtwvv@qc.invalid","บริษัทลับ qdsqtwvv","cmuqepnh8000ncwkzfasvbr2i"] · phone+force: OK created=true contact=cmuqeppl10024cwkz53i87oj4 · phone+force: leaks ["cmuqepnhy000pcwkz056di0f0","เจ้าของลับ","0810612973"] · email: OK created=false contact=THE HIDDEN ONE · email: leaks ["cmuqepnhy000pcwkz056di0f0","เจ้าของลับ qc-cf16-p-qdsqtwvv","เจ้าของลับ","0810612973","hid-qdsqtwvv@qc.invalid","บริษัทลับ qdsqtwvv","cmuqepnh8000ncwkzfasvbr2i"] · email+force: OK created=true contact=cmuqeppr40029cwkzn2avff1v · email+force: leaks ["cmuqepnhy000pcwkz056di0f0","เจ้าของลับ","hid-qdsqtwvv@qc.invalid"] · upd-phone: DUPLICATE "เบอร์หรืออีเมลใหม่ตรงกับผู้ติดต่ออีกคนในระบบนี้อยู่แล้ว — ตรวจว่าเป็นคนเดียวกันไ" · upd-phone: leaks ["cmuqepnhy000pcwkz056di0f0","เจ้าของลับ"] · upd-email: DUPLICATE "เบอร์หรืออีเมลใหม่ตรงกับผู้ติดต่ออีกคนในระบบนี้อยู่แล้ว — ตรวจว่าเป็นคนเดียวกันไ" · upd-email: leaks ["cmuqepnhy000pcwkz056di0f0","เจ้าของลับ"] · writes: phone rows 4→5 email rows 4→5 mine.phone=null
  ❌ [DU-rest-create] REST contacts.create (key filtered to staff) with the hidden phone → OK "{"contactId":"cmuqepnhy000pcwkz056di0f0","created":false,"contact":{"id":"cmuqepnhy000pcwk" · leaks ["cmuqepnhy000pcwkz056di0f0","เจ้าของลับ qc-cf16-p-qdsqtwvv","เจ้าของลับ","0810612973","hid-qdsqtwvv@qc.invalid","บริษัทลับ qdsqtwvv","cmuqepnh8000ncwkzfasvbr2i"]
  ❌ [DU-mixed] visible + hidden duplicate · no force → OK returns the visible one only (duplicates=["เห็นร่วม","ลับร่วม"]) · force → OK neutral (cannot verify the hidden one) · rows with that phone 3
  ✅ [DU-visible-unchanged] duplicates the caller can see: create → created:false + that contact + duplicates[name] · force → created · update → old DUPLICATE text + duplicates · owner same · mgr same · staff same · teamer same · apikey same
  ✅ [DU-owner-sees] owner duplicate of kH → OK created=false contact=kH true companyText kept=true
  ❌ [DU-company-tax] staff + hidden tax id → OK "" leaks ["บริษัทลับ qdsqtwvv","cmuqepnh8000ncwkzfasvbr2i"] rows 1 · staff + visible tax id → OK duplicateOf=visible true · owner + hidden → duplicateOf true
  ❌ [DU-import-update] import onDuplicate=update with the hidden phone → updated 0 · row message "ไม่พบผู้ติดต่อนี้ในระบบ CRM ที่เปิดอยู่ (อาจถูกลบหรืออยู่คนละระบบ) — รีเฟรชหน้าแล้วลองใหม่" · leaks []

── RT ──
  ❌ [RT-person-limited] bucket at 120: person create with a phone → OK "" · without phone/e-mail → OK · API key (REST bucket) → OK

── WE ──
  ❌ [WE-masked] owner sees company=true · mgr/update companyText="บริษัทลับ qdsqtwvv" want null · mgr/tags companyText="บริษัทลับ qdsqtwvv" want null · mgr/lead companyText="บริษัทลับ qdsqtwvv" want null · mgr/lifecycle companyText="บริษัทลับ qdsqtwvv" want null · mgr sees company=false · staff/update companyText="บริษัทลับ qdsqtwvv" want null · staff/tags companyText="บริษัทลับ qdsqtwvv" want null · staff/lead companyText="บริษัทลับ qdsqtwvv" want null · staff/lifecycle companyText="บริษัทลับ qdsqtwvv" want null · staff sees company=false · teamer/update companyText="บริษัทลับ qdsqtwvv" want null · teamer/tags companyText="บริษัทลับ qdsqtwvv" want null · teamer/lead companyText="บริษัทลับ qdsqtwvv" want null · teamer/lifecycle companyText="บริษัทลับ qdsqtwvv" want null · teamer sees company=false

── KB ──
  ❌ [KB-subtitle] OK · owner: OK hidden-link subtitle="บริษัทลับ qdsqtwvv" own-text subtitle="พิมพ์เอง qdsqtwvv" (sees company true) · teamer: OK hidden-link subtitle="บริษัทลับ qdsqtwvv" own-text subtitle="พิมพ์เอง qdsqtwvv" (sees company false)

── EX ──
  ❌ [EX-visibility-once] exportDeals as TEAM staff → OK · access-snapshot queries 3 (want 1 per export)

── SW · other doors ──
  ❌ [SW-company-update-tax] staff → DUPLICATE "เลขภาษี (และสาขา) นี้เป็นของบริษัทอื่นในระบบนี้อยู" duplicateOf="cmuqepnh8000ncwkzfasvbr2i" leaks ["cmuqepnh8000ncwkzfasvbr2i"] · owner (sees it) → DUPLICATE duplicateOf = that company true
  ❌ [SW-company-restore] manager restore → DUPLICATE "เลขภาษีนี้มีบริษัทอื่นที่ใช้งานอยู่ในระบบนี้แล้ว —" duplicateOf="cmuqepnh8000ncwkzfasvbr2i" leaks ["cmuqepnh8000ncwkzfasvbr2i"] · still archived true
  ❌ [SW-company-merge] manager merge → DUPLICATE "เลขภาษีของบริษัทที่ถูกรวมเป็นของบริษัทที่สามในระบบ" duplicateOf="cmuqepnh8000ncwkzfasvbr2i"
  ❌ [SW-import-modes] skip: created 0 skipped 2 candidates 0 failed 0 · row1 undefined · rows +0 · leaks [] · candidate: created 2 skipped 0 candidates 2 failed 0 · row1 undefined · rows +2 · leaks []
  ❌ [SW-card-scan] accept scanned card with the hidden phone → OK "" · proposal EXECUTED note "เพิ่มผู้ติดต่อแล้ว (cmuqepwqk0070cwkzbfb" · leaks [] (was: a duplicate of the hidden contact was created)
  ℹ️  [DU-control] no baseline ()
  ✅ [CLEAN-kjlh0a] tenant rows left=0

🔴 probe-cf16: 4/21
JSON_SUMMARY {"total":21,"passed":4,"findings":["DU-hidden-mgr","DU-hidden-staff","DU-hidden-teamer","DU-hidden-apikey","DU-rest-create","DU-mixed","DU-company-tax","DU-import-update","RT-person-limited","WE-masked","KB-subtitle","EX-visibility-once","SW-company-update-tax","SW-company-restore","SW-company-merge","SW-import-modes","SW-card-scan"]}
exit=1 2026-10-02T03:32:19Z
