(node:2641850) Warning: SECURITY WARNING: The SSL modes 'prefer', 'require', and 'verify-ca' are treated as aliases for 'verify-full'.
In the next major version (pg-connection-string v3.0.0 and pg v9.0.0), these modes will adopt standard libpq semantics, which have weaker security guarantees.

To prepare for this change:
- If you want the current behavior, explicitly use 'sslmode=verify-full'
- If you want libpq compatibility now, use 'uselibpqcompat=true&sslmode=require'

See https://www.postgresql.org/docs/current/libpq-ssl.html for libpq SSL mode definitions.
(Use `node --trace-warnings ...` to show where the warning was created)

── RL ──
  ✅ [R2-RL-service] bucket at 120: person create with a phone → RATE_LIMITED retryAfterSec=600 "มีการเพิ่มหรือแก้เบอร์โทร/อีเมลของผู้ติดต่อหลายครั้งในเวลาสั้น ๆ ระบบจึงพักรายการนี้ไว้ก่อน (ยังไม่ได้บันทึก) — รออีกประมาณ 10 นาทีแล้วลองให…" · rows with that phone 0
  ✅ [R2-RL-rest-shape] toCrmApiError → 429 rate_limited nothingWritten=true hint="retryAfterSec=600" en="Too many attempts in a short time, so nothing was saved. Wait a few minutes and …"
  ✅ [R2-RL-mobile] mobileErrorOf → 429 rate_limited "มีการเพิ่มหรือแก้เบอร์โทร/อีเมลของผู้ติดต่อหลายครั้งในเวลาสั…"
  ✅ [R2-RL-idem-retry] limited: 429 rate_limited "มีการเพิ่มหรือแก้เบอร์โทร/อีเมลของผู้ติดต่อหลายครั้งในเวลาสั…" · stored for replay=0 · same key after the window: 201 replayed=null created=true · rows 1
  ✅ [R2-RL-ai-message] AI confirmation while the bucket is full → Error "มีการเพิ่มหรือแก้เบอร์โทร/อีเมลของผู้ติดต่อหลายครั้งในเวลาสั้น ๆ ระบบจึงพักรายการนี้ไว้ก่อน (ยังไม่ได้บันทึก) — รออีกประมาณ 10 นาทีแล้วลองให…"
  ✅ [R2-RL-plan-cap-control] plan-cap LIMIT → 409 state_conflict nothingWritten=false

── JB ──
  ✅ [R2-JB-scope] runner + OWNER read · others get the answer of a non-existent id (NOT_FOUND "ไม่พบงานนำเข้านี้ในระบบ CRM นี้") · owner→own OK · s1→own OK · owner→s1's OK · s2→owner's NOT_FOUND · s2→s1's NOT_FOUND · s1→owner's NOT_FOUND · manager→s1's NOT_FOUND · key(of s2)→s1's NOT_FOUND
  ✅ [CLEAN-p9slv3] tenant rows left=0

🟢 probe-cf16-r2: 8/8
JSON_SUMMARY {"total":8,"passed":8,"findings":[]}
exit=0 2026-10-02T07:15:43Z
