[env] qc-ai-proposals · ไฟล์ .env.qc4 · DB ep-frosty-lab-aoylqlv8-pooler.c-2.ap-southeast-1.aws.neon.tech
(node:845435) Warning: SECURITY WARNING: The SSL modes 'prefer', 'require', and 'verify-ca' are treated as aliases for 'verify-full'.
In the next major version (pg-connection-string v3.0.0 and pg v9.0.0), these modes will adopt standard libpq semantics, which have weaker security guarantees.

To prepare for this change:
- If you want the current behavior, explicitly use 'sslmode=verify-full'
- If you want libpq compatibility now, use 'uselibpqcompat=true&sslmode=require'

See https://www.postgresql.org/docs/current/libpq-ssl.html for libpq SSL mode definitions.
(Use `node --trace-warnings ...` to show where the warning was created)
  ✅ [PZ-1.1] createProposal → PENDING + หมดอายุอนาคต
  ✅ [PZ-1.2] listPending เห็นข้อเสนอ
  ✅ [PZ-1.3] tenant อื่นไม่เห็น (kernel guard)
  ✅ [PZ-2.1] execute → ok + onHand 10
  ✅ [PZ-2.2] status EXECUTED + executedAt
  ✅ [PZ-2.3] movement ใช้ idempotencyKey ai-<id>
  ✅ [PZ-2.4] กดซ้ำ → ok:false + สต็อกไม่เพิ่ม
  ✅ [PZ-3.1] STAFF ไม่มีสิทธิ์ → ok:false + PENDING คงเดิม
  ✅ [PZ-4.1] reject PENDING → true + REJECTED
  ✅ [PZ-4.2] reject ซ้ำ → false
  ✅ [PZ-5.1] หมดอายุ → ok:false + EXPIRED
  ✅ [PZ-6.1] อนุมัติใบลาผ่าน proposal → APPROVED
  ✅ [PZ-6.2] สร้างแคมเปญผ่าน proposal → DRAFT เสมอ
  ✅ [PZ-7.1] sku ไม่มีจริง → ok:false + FAILED + note ไทย
  ✅ [PZ-8.1] action-tool สร้าง proposal + ไม่แตะสต็อก
  ✅ [PZ-8.2] registry มี action tools 3 ตัวแรกครบ (จำนวนรวมคุมโดย oracle รุ่นล่าสุด)

===== QC AI Proposals (Phase 3.5) =====
ผ่าน 16/16
FINDINGS: CRITICAL 0 · MAJOR 0 · MINOR 0
JSON_SUMMARY {"total":16,"passed":16,"findings":[]}
