[env] qc-ai-tools · ไฟล์ .env.qc4 · DB ep-frosty-lab-aoylqlv8-pooler.c-2.ap-southeast-1.aws.neon.tech
  ✅ [TU-0.1] registry ครบ 5 เครื่องมืออ่าน (จำนวนรวมคุมโดย oracle รุ่นล่าสุด)
  ✅ [TU-0.2] ทุก tool มี description + parameters
(node:845568) Warning: SECURITY WARNING: The SSL modes 'prefer', 'require', and 'verify-ca' are treated as aliases for 'verify-full'.
In the next major version (pg-connection-string v3.0.0 and pg v9.0.0), these modes will adopt standard libpq semantics, which have weaker security guarantees.

To prepare for this change:
- If you want the current behavior, explicitly use 'sslmode=verify-full'
- If you want libpq compatibility now, use 'uselibpqcompat=true&sslmode=require'

See https://www.postgresql.org/docs/current/libpq-ssl.html for libpq SSL mode definitions.
(Use `node --trace-warnings ...` to show where the warning was created)
  ✅ [TU-1.1] list_systems เห็นครบ 4 ระบบ
  ✅ [TU-1.2] member_count = 2
  ✅ [TU-1.3] low_stock เจอแชมพู (3 ≤ RP 5)
  ✅ [TU-1.4] pending_leaves เจอใบลา + ชื่อพนักงาน
  ✅ [TU-1.5] sales_summary รวมยอดวันนี้ (150 บาท)
  ✅ [TU-2.1] tool ไม่รู้จัก → JSON error ไม่ throw
  ✅ [TU-2.2] args เพี้ยน → ไม่ throw (error หรือ default)
  ✅ [TU-3.1] loop: tool call → คำตอบจบ
  ✅ [TU-3.2] รอบแรกส่งเฉพาะแกนกลาง + load_skill (ไม่ยัดทั้ง registry)
  ✅ [TU-3.2b] ชุดแรกเล็กกว่าทะเบียนเต็มอย่างมีนัย (< 1 ใน 4)
  ✅ [TU-3.7] สั่ง load_skill แล้วเครื่องมือของสกิลนั้นโผล่ในรอบถัดไป
  ✅ [TU-3.8] โหลดแล้วยังทำงานจบได้จริง (ไม่ใช่แค่โผล่ในลิสต์)
  ✅ [TU-3.9] สกิลที่โหลดแล้วไม่ถูกยื่นให้โหลดซ้ำ (กัน AI วนเรียกเปล่า)
  ✅ [TU-3.3] รอบสองมี tool result (เลข 2 + toolCallId)
  ✅ [TU-3.4] persist เฉพาะ USER+ASSISTANT จบ (2 แถว)
  ✅ [TU-4.1] เพดาน 5 รอบ: จบเอง ok:true + มีข้อความ

===== QC AI Tools (Phase 3 v1) =====
ผ่าน 18/18
FINDINGS: CRITICAL 0 · MAJOR 0 · MINOR 0
JSON_SUMMARY {"total":18,"passed":18,"findings":[]}
