(node:3019826) Warning: SECURITY WARNING: The SSL modes 'prefer', 'require', and 'verify-ca' are treated as aliases for 'verify-full'.
In the next major version (pg-connection-string v3.0.0 and pg v9.0.0), these modes will adopt standard libpq semantics, which have weaker security guarantees.

To prepare for this change:
- If you want the current behavior, explicitly use 'sslmode=verify-full'
- If you want libpq compatibility now, use 'uselibpqcompat=true&sslmode=require'

See https://www.postgresql.org/docs/current/libpq-ssl.html for libpq SSL mode definitions.
(Use `node --trace-warnings ...` to show where the warning was created)

── W1 · memberIdsVisibleTo vs visibleCustomerIds + statement cost ──
  ✅ [W1-OWNER [UB] (whole shop)] OWNER [UB] (whole shop): visible 4/4 == visibleCustomerIds true · member statements 0 (want 0)
  ✅ [W1-MANAGER * (whole shop)] MANAGER * (whole shop): visible 4/4 == visibleCustomerIds true · member statements 0 (want 0)
  ✅ [W1-MANAGER [UB] (branch-limited)] MANAGER [UB] (branch-limited): visible 2/4 == visibleCustomerIds true · member statements 1 (want 1)
  ✅ [W1-STAFF [] read (whole shop)] STAFF [] read (whole shop): visible 4/4 == visibleCustomerIds true · member statements 0 (want 0)
  ✅ [W1-STAFF [UB] read (branch-limited)] STAFF [UB] read (branch-limited): visible 2/4 == visibleCustomerIds true · member statements 1 (want 1)
  ✅ [W1-STAFF * no member key (blind)] STAFF * no member key (blind): visible 0/4 == visibleCustomerIds true · member statements 0 (want 0)
  ✅ [W1-CUSTOMER self] CUSTOMER self: visible 1/4 == visibleCustomerIds true · member statements 1 (want 1)
  ℹ️  W1 · null/undefined viewer: 0/0 · "system": 4

── W2 · CSV export, branch-limited viewer, 1,005 linked contacts ──
  ✅ [W2-csv] rows 1005/1005 · "ผูกแล้ว" 503 (visible to this viewer: 503) · member statements 2 (2 batches expected)

── W3 · listed carriers for a member-blind CRM user ──
  ℹ️  (a) convert linked → {"contactId":"cmuqzcff1000v42kzg52u3hue","customerId":"cmuqzcdjl000542kzhnvh5r01","companyId":null,"dealId":null,"replayed":false,"reusedCompany":null} · convert unlinked → {"error":"บัญชีของคุณยังไม่ได้รับสิทธิ์เพิ่มสมาชิกใหม่ — ขอสิทธิ์จากเจ้าของร้านก่อน"}
  ℹ️  (b) merge [member A] ← [member B] → {"error":"สองคนนี้เป็นสมาชิกคนละคนในระบบสมาชิก จึงรวมที่นี่ไม่ได้ — รวมสมาชิกที่หน้าระบบสมาชิกก่อน แล้วค่อยกลับมารวมผู้ติดต่อ"}
  ℹ️  (d) dry-run "c.memberCustomerId exists" as member-blind STAFF: total 2 · matched linked true · matched unlinked false · 
  ✅ [W3-consent-branch] branch-A STAFF (member home B): {"memberLinked":true,"ch0":{"channel":"LINE","label":"ไลน์","granted":true,"source":null,"at":null}}
  ✅ [W3-consent-owner] OWNER unchanged: {"memberLinked":true,"ch0":{"channel":"LINE","label":"ไลน์","granted":true,"source":"SIGNUP_FORM","at":"2026-04-04T04:04:04.000Z"}}
  ✅ [CLEAN-tenant] rows left=0
  ✅ [CLEAN-users] users left 0

🟢 review probe cf19 r4: 15/15
JSON_SUMMARY {"total":15,"passed":15,"findings":[]}
