(node:2906427) Warning: SECURITY WARNING: The SSL modes 'prefer', 'require', and 'verify-ca' are treated as aliases for 'verify-full'.
In the next major version (pg-connection-string v3.0.0 and pg v9.0.0), these modes will adopt standard libpq semantics, which have weaker security guarantees.

To prepare for this change:
- If you want the current behavior, explicitly use 'sslmode=verify-full'
- If you want libpq compatibility now, use 'uselibpqcompat=true&sslmode=require'

See https://www.postgresql.org/docs/current/libpq-ssl.html for libpq SSL mode definitions.
(Use `node --trace-warnings ...` to show where the warning was created)

── A · memberLinkScope vs member module gates (persona × 11 fixtures) ──
  ✅ [A-OWNER *] OWNER *: visible 11/11 · gate==visibleCustomerIds yes · vs listMembers (excl. MERGED by default): ["mergedHomeB:gate=true,list=false"]
  ✅ [A-OWNER [UB]] OWNER [UB]: visible 11/11 · gate==visibleCustomerIds yes · vs listMembers (excl. MERGED by default): ["mergedHomeB:gate=true,list=false"]
  ✅ [A-MANAGER *] MANAGER *: visible 11/11 · gate==visibleCustomerIds yes · vs listMembers (excl. MERGED by default): ["mergedHomeB:gate=true,list=false"]
  ✅ [A-MANAGER [UB] no member keys] MANAGER [UB] no member keys: visible 7/11 · gate==visibleCustomerIds yes · vs listMembers (excl. MERGED by default): ["mergedHomeB:gate=true,list=false"]
  ✅ [A-MANAGER []] MANAGER []: visible 11/11 · gate==visibleCustomerIds yes · vs listMembers (excl. MERGED by default): ["mergedHomeB:gate=true,list=false"]
  ✅ [A-STAFF [] read] STAFF [] read: visible 11/11 · gate==visibleCustomerIds yes · vs listMembers (excl. MERGED by default): ["mergedHomeB:gate=true,list=false"]
  ✅ [A-STAFF [UA,UB] read] STAFF [UA,UB] read: visible 9/11 · gate==visibleCustomerIds yes · vs listMembers (excl. MERGED by default): ["mergedHomeB:gate=true,list=false"]
  ✅ [A-STAFF [UB] stamp-only (implicit read)] STAFF [UB] stamp-only (implicit read): visible 7/11 · gate==visibleCustomerIds yes · vs listMembers (excl. MERGED by default): ["mergedHomeB:gate=true,list=false"]
  ✅ [A-STAFF [UB] member.*] STAFF [UB] member.*: visible 7/11 · gate==visibleCustomerIds yes · vs listMembers (excl. MERGED by default): ["mergedHomeB:gate=true,list=false"]
  ✅ [A-STAFF [UB] read=false] STAFF [UB] read=false: visible 0/11 · gate==visibleCustomerIds yes · vs listMembers (excl. MERGED by default): same
  ✅ [A-STAFF [UB] read='true' (string)] STAFF [UB] read='true' (string): visible 0/11 · gate==visibleCustomerIds yes · vs listMembers (excl. MERGED by default): same
  ✅ [A-STAFF [*,UB] read] STAFF [*,UB] read: visible 11/11 · gate==visibleCustomerIds yes · vs listMembers (excl. MERGED by default): ["mergedHomeB:gate=true,list=false"]
  ✅ [A-STAFF [foreign unit] read] STAFF [foreign unit] read: visible 0/11 · gate==visibleCustomerIds yes · vs listMembers (excl. MERGED by default): same
  ✅ [A-STAFF [UB] read] STAFF [UB] read: visible 7/11 · gate==visibleCustomerIds yes · vs listMembers (excl. MERGED by default): ["mergedHomeB:gate=true,list=false"]
  ✅ [A-STAFF [UC] read] STAFF [UC] read: visible 1/11 · gate==visibleCustomerIds yes · vs listMembers (excl. MERGED by default): same
  ✅ [A-STAFF * no member] STAFF * no member: visible 0/11 · gate==visibleCustomerIds yes · vs listMembers (excl. MERGED by default): same
  ✅ [A-key acc+member.customer.read] key acc+member.customer.read: visible 11/11 · gate==visibleCustomerIds yes · vs listMembers (excl. MERGED by default): ["mergedHomeB:gate=true,list=false"]
  ✅ [A-key acc+member.review.read] key acc+member.review.read: visible 11/11 · gate==visibleCustomerIds yes · vs listMembers (excl. MERGED by default): ["mergedHomeB:gate=true,list=false"]
  ✅ [A-key acc only] key acc only: visible 0/11 · gate==visibleCustomerIds yes · vs listMembers (excl. MERGED by default): same
  ✅ [A-CUSTOMER self=homeB] CUSTOMER self=homeB: visible 1/11 · gate==visibleCustomerIds yes · vs listMembers (excl. MERGED by default): ["homeA:gate=false,list=true","noHomePosB:gate=false,list=true","noHomeCrmB:gate=false,list=true","homeABookingB:gate=false,list=true","homeCRestB:gate=false,list=true","closedHomeB:gate=false,list=true","noHomeNoAct:gate=false,list=true"]
  ✅ [A-CUSTOMER no id] CUSTOMER no id: visible 0/11 · gate==visibleCustomerIds yes · vs listMembers (excl. MERGED by default): same
  ✅ [A-assistant actor → crmViewerOfApi] assistant actor → crmViewerOfApi: visible 0/11 · gate==visibleCustomerIds yes · vs listMembers (excl. MERGED by default): same
  ✅ [A-undefined] viewer undefined: rows 0
  ✅ [A-null] viewer null: rows 0
  ✅ [A-system] "system": 10/10 parties (unchanged pre-fix behaviour)

── B/C · snapshot linked ──

── B · other doors: account-only key / member-blind user == 'no member linked' ──
  ✅ [B-rest:merge-candidates] rest:merge-candidates: linked==unlinked true · code leaked false · {"status":200,"data":[{"pairKey":"<C1>__<C2>","a":{"id":"<C1>","name":"คุณรีวิว <TAG>","code":"—"},"b":{"id":"<C2>","name":"คุณรีวิว สอง <TAG>","code"
  ✅ [B-rest:contact-groups] rest:contact-groups: linked==unlinked true · code leaked false · {"status":200,"data":[],"page":null,"error":null}
  ✅ [B-rest:link-suggestions] rest:link-suggestions: linked==unlinked true · code leaked false · {"status":200,"data":{"member":[],"crm":[],"chat":null,"available":{"member":true,"crm":false}},"page":null,"error":null}
  ✅ [B-rest:list-q-code] rest:list-q-code: linked==unlinked true · code leaked false · {"status":200,"data":[{"id":"<C2>","code":"C00002","name":"คุณรีวิว สอง <TAG>","kind":"CUSTOMER","legalType":"COMPANY","taxId":null,"phone":"089-999-0
  ✅ [B-rest:list-q-phone] rest:list-q-phone: linked==unlinked true · code leaked false · {"status":200,"data":[{"id":"<C2>","code":"C00002","name":"คุณรีวิว สอง <TAG>","kind":"CUSTOMER","legalType":"COMPANY","taxId":null,"phone":"089-999-0
  ✅ [B-ai:staffNo:get] ai:staffNo:get: linked==unlinked true · code leaked false · {"mode":"read","result":{"header":{"id":"<C1>","รหัส":"C00001","ชื่อ":"คุณรีวิว <TAG>","ชนิด":"CUSTOMER","legalType":"COMPANY","เก็บเข้ากรุแล้ว":false
  ✅ [B-ai:staffNo:list] ai:staffNo:list: linked==unlinked true · code leaked false · {"mode":"read","result":{"รายการ":[],"สรุป":{"all":2,"customer":2,"vendor":0,"เก็บเข้ากรุแล้ว":0,"ใช้งานอยู่":2,"regular":0},"หน้า":{"หน้า":1,"ต่อหน้า
  ℹ️  E · account key + member.review.read → REST links.member=true (linked) / false (unlinked)
  ℹ️  B · OWNER through AI tools: linked differs from unlinked = false (false ⇒ the assistant never sees membership, even for OWNER)
  ℹ️  B · ai:owner:get (linked) {"mode":"read","result":{"header":{"id":"<C1>","รหัส":"C00001","ชื่อ":"คุณรีวิว <TAG>","ชนิด":"CUSTOMER","legalType":"COMPANY","เก็บเข้ากรุแล้ว":false},"info":{"branchCode":"00000","branchLabel":"—","โทรศัพท์":"0899990001","creditTermDays":0},"kpi":{"outstandingบาท":0,"outstandingDocs":0,"ใบเกินกำหนด":0,"paidThisYearบาท":0,"paidDocsThisYear":0,"year":2026},"documents":[],"groups":[],"links":{"memb
  ℹ️  B · ai:owner:list (linked) {"mode":"read","result":{"รายการ":[],"สรุป":{"all":2,"customer":2,"vendor":0,"เก็บเข้ากรุแล้ว":0,"ใช้งานอยู่":2,"regular":0},"หน้า":{"หน้า":1,"ต่อหน้า":8,"จำนวนหน้า":1,"ทั้งหมด":0,"มีต่อ":false}}}

── C · timing: links tab SQL statements, linked vs unlinked ──
  ✅ [C-denied] member-blind STAFF: 11 vs 11 statements · same statements (as a set) true · in-order identical false · only-linked [] · only-unlinked [] · no statement touches "Customer": true
  ✅ [C-owner] OWNER: 12 vs 12 statements (entitled: card shown — not a side channel)

── D · merge by a member-blind viewer ──
  ℹ️  D · merge page labels: member-blind [null,null] · OWNER ["#M-R001",null]
  ℹ️  D · merge ok=true partyMerged=true · member.partyId still the dropped Party=true (Party.mergedIntoId → survivor's Party true) · OWNER card on the surviving contact: linked=false detail=null

── F · CRM contact 360 'member' block for viewers the member module would refuse ──
  ✅ [F-OWNER] OWNER: member module would show this member = true · CRM 360 member block {"customerId":"cmuqvaw3q0007m3kzxt6q7sez","systemId":"cmuqvaw310005m3kzyyc9aymo","memberCode":"M-R001","name":"homeA qc-cf19r-yvdqfysq","tierName":null,"phoneMasked":"089-xxx-0001"}
  ❌ [F-STAFF * crm read, no member key] STAFF * crm read, no member key: member module would show this member = false · CRM 360 member block {"customerId":"cmuqvaw3q0007m3kzxt6q7sez","systemId":"cmuqvaw310005m3kzyyc9aymo","memberCode":"M-R001","name":"homeA qc-cf19r-yvdqfysq","tierName":null,"phoneMasked":"089-xxx-0001"}
  ❌ [F-STAFF [UB] crm read + member read (member home = A, no visit in B)] STAFF [UB] crm read + member read (member home = A, no visit in B): member module would show this member = false · CRM 360 member block {"customerId":"cmuqvaw3q0007m3kzxt6q7sez","systemId":"cmuqvaw310005m3kzyyc9aymo","memberCode":"M-R001","name":"homeA qc-cf19r-yvdqfysq","tierName":null,"phoneMasked":null}
  ✅ [CLEAN-tenant] tenant rows left=0
  ✅ [CLEAN-users] users left=0

🔴 review probe cf19: 39/41
JSON_SUMMARY {"total":41,"passed":39,"findings":["F-STAFF * crm read, no member key","F-STAFF [UB] crm read + member read (member home = A, no visit in B)"]}
