[env] DB ep-plain-art-ao3djg4u-pooler.c-2.ap-southeast-1.aws.neon.tech
  ✅ P1.1 ทั้งหมด = เฉลย
  ✅ P1.2 ลูกค้า = เฉลย
  ✅ P1.3 ผู้ขาย = เฉลย
  ✅ P1.4 ปิดใช้งาน = เฉลย
  ✅ P1.5 ลูกค้าประจำ = เฉลย
  ✅ P1.6 BLUEPRINT §3 แถว 3.2 ตัวนับ 63/41/12/22/5
  ✅ P2 กลุ่ม "ลูกค้า VIP" = เฉลย
  ✅ P2 กลุ่ม "โรงแรมพันธมิตร" = เฉลย
  ✅ P2 กลุ่ม "ซัพพลายเออร์หลัก" = เฉลย
  ❌ P3.1 สมาชิก = เฉลย — ได้ 0 · ควรได้ 1
  ❌ P3.2 CRM = เฉลย — ได้ 0 · ควรได้ 1
  ✅ P3.3 แชท = 0 (ยังไม่ wire ChatContact.partyId)
  ✅ P3.4 POS = 0 (ยังไม่มีกลไกผูก partyId)
  ✅ P3.5 นำเข้า = 0 (ไม่มีคอลัมน์ source)
  ✅ P4.1 ค้นหาชื่อบางส่วน เจอปิยธิดา
  ✅ P4.2 ค้นหาเลขผู้เสียภาษีตรงเป๊ะ เจอผู้ติดต่อ
  ✅ P4.3 ค้นหาเบอร์ดิบ (076xxxxxxx) เจอผู้ติดต่อ
  ✅ P4.4 ค้นหาเบอร์รูปแบบ +66 เจอผู้ติดต่อเดิม (normalize เหมือนกัน)
  ✅ P5.1 pageSize=8 → 8 แถว
  ✅ P5.2 pageCount = ceil(63/8) = 8
  ✅ P5.3 หน้าสุดท้าย = เศษที่เหลือ (63 - 7*8 = 7 แถว)
  ✅ P5.4 ขอหน้าเกินไม่ throw (คืนแถวว่างหรือ pageCount เดิม)
  ✅ P5.5 total ไม่ขึ้นกับหน้า
  ✅ P5.6 total ของกลุ่ม vendor ตรงตัวกรอง
  ✅ P6.1 เพิ่มครั้งแรก added=1
  ✅ P6.2 เพิ่มซ้ำ (idempotent) added=0 ไม่ throw ไม่สร้างแถวซ้ำ
  ✅ P6.3 จำนวนสมาชิกจริงในกลุ่มยังเป็น 1 (ไม่ซ้ำ)
  ✅ P6.4 ลบแล้วเหลือ 0
  ✅ P7.1 เพิ่มครั้งแรก created=1 (ถ้ายังไม่เคยมี)
  ✅ P7.2 เพิ่มซ้ำ (idempotent) created=0 skipped=1 (dedupe ด้วย taxId)
  ✅ P7.3 ไม่มีแถวซ้ำในฐานข้อมูลจริง
  ✅ P8.1 ทั้งหมดไม่ลดลง (archived ยังนับรวม)
  ✅ P8.2 ปิดใช้งาน +1
  ✅ P8.3 โผล่ในกลุ่ม 'ปิดใช้งาน'
  ✅ P8.4 ยังอยู่ในกลุ่ม 'ทั้งหมด' (archived ไม่ถูกซ่อนจากทั้งหมด — ตามที่ f5 แสดงยอดรวม 63 รวม archived)
  ✅ P9.1 OWNER ผ่าน account.contact.manage
  ✅ P9.2 STAFF ไม่มีสิทธิ์ถูกปฏิเสธ
  ✅ P10.1 ลูกค้าใหม่เดือนนี้ = เฉลย
  ✅ P10.2 ลูกค้าที่กลับมาซื้อ = เฉลย
  ✅ P10.3 top 10 ยอดซื้อ (contactId set) = เฉลย
  ✅ P10.4 top 10 ค้างชำระ (contactId set) = เฉลย
  ✅ P10.5 top 10 ยอดจ่ายผู้ขาย (contactId set) = เฉลย
  ✅ P10.6 อันดับ 1 ยอดซื้อ = เฉลย
  ✅ P11.1 มิเตอร์ในโค้ด ≤ 12 (ได้ 12)
  ✅ P11.2 SQL จริงจาก prisma log ≤ 12 (ได้ 10)
  ✅ P12.1 ค้างรับต่อรายตรงกับ outstandingByContacts เดิมทุกราย
  ✅ P13.1 CONTACTS_OVERVIEW status=ready href ถูกต้อง
  ✅ P13.2 guard.ts มี contacts/overview/page.tsx
  ✅ P13.3 guard.ts มี contacts/[contactId]/page.tsx
ผ่าน 47 · ตก 2
