[env] DB ep-plain-art-ao3djg4u-pooler.c-2.ap-southeast-1.aws.neon.tech
  ✅ Q1.1 เลขที่ = เฉลย
  ✅ Q1.2 ชื่อ = เฉลย
  ✅ Q1.3 ประเภท (ลูกค้า)
  ✅ Q1.4 ตัวอักษร avatar (ตัดคำนำหน้า)
  ✅ Q1.5 chip แรก = ประเภทผู้ติดต่อ
  ✅ Q1.6 chip กลุ่มกำหนดเองมาครบ (ปิยธิดาอยู่กลุ่ม ลูกค้า VIP)
  ✅ Q1.7 ยังไม่ถูกรวม/ปิดใช้งาน
  ✅ Q2.1 ป้ายยอดค้าง = ค้างรับ (ลูกค้า)
  ✅ Q2.2 ยอดค้าง = เฉลย
  ✅ Q2.3 จำนวนใบค้าง = เฉลย
  ✅ Q2.4 จำนวนใบพ้นกำหนด = เฉลย
  ✅ Q2.5 แดงเมื่อมีใบพ้นกำหนด
  ✅ Q2.6 ซื้อสะสมปีนี้ = เฉลย
  ✅ Q2.7 จำนวนครั้ง (ใบที่มีเงินเข้าปีนี้) = เฉลย
  ✅ Q2.8 ปีที่แสดง = ปีปฏิทินไทยของ asOf
  ✅ Q2.9 ป้ายกฎลูกค้าประจำสร้างจากค่ากฎจริง (ไม่ hardcode)
  ✅ Q3.1 ยังไม่ครบกำหนด = เฉลย
  ✅ Q3.2 1–30 วัน = เฉลย
  ✅ Q3.3 31–60 วัน = เฉลย
  ✅ Q3.4 61–90 วัน = เฉลย
  ✅ Q3.5 เกิน 90 วัน = เฉลย
  ✅ Q3.6 ผลรวม 5 ช่วง = ยอดค้างพอดี
  ✅ Q3.7 มี 5 ช่วงเท่านั้น + ป้ายไทยตรงสเปค
  ✅ Q3.8 ช่วง 'เกิน 90 วัน' ทำเครื่องหมายสีแดง
  ✅ Q4.1 เอกสาร n = เฉลย
  ✅ Q4.2 ไฟล์แนบ n = เฉลย
  ✅ Q5.1 ไม่เกิน 5 รายการ
  ✅ Q5.2 ลำดับ (issueDate desc, id desc) ตรงเฉลย
  ✅ Q5.3 ทุกแถวมีลิงก์ปลายทางจริง (ไม่ใช่ #)
  ✅ Q5.4 ทุกแถวมีป้ายชนิด + ป้ายสถานะภาษาไทย
  ✅ Q6.1 docsTab ถูกเติมเมื่อ tab=docs
  ✅ Q6.2 total = จำนวนเอกสารทั้งหมดของราย
  ✅ Q6.3 แท็บอื่นไม่ถูกโหลดทิ้งไว้ (filesTab/linksTab = null)
  ✅ Q6.4 ตัวเลือกชนิดเอกสารรวมกัน = จำนวนเอกสารทั้งหมด
  ✅ Q6.5 ตัวรองคู่ซ้ำ: เอกสารทุกชนิดอยู่ในตารางเดียว
  ✅ Q6.6 ตัวรองคู่ซ้ำ: ตัวเลือกชนิด = จำนวนชนิดจริง
  ✅ Q6.7 กรองชนิด "ใบเสนอราคา" ได้ 5 ใบ
  ✅ Q6.8 แถวที่กรองแล้วเป็นชนิดเดียวกันทั้งหมด
  ✅ Q6.9 กรองสถานะ "ร่าง" ได้ 12 ใบ
  ✅ Q6.10 pagination: pageCount ≥ 1 และ page อยู่ในช่วง
  ✅ Q6.11 หน้า 2 คืนแถวคนละชุดกับหน้า 1
  ✅ Q7.1 filesTab ถูกเติมเมื่อ tab=files
  ✅ Q7.2 จำนวนไฟล์ในแท็บ = ตัวนับแท็บ
  ✅ Q7.3 linksTab ถูกเติมเมื่อ tab=links
  ✅ Q7.4 การ์ดการเชื่อมต่อ 4 ใบ (สมาชิก/CRM/แชท/POS)
  ✅ Q7.5 ปิยธิดา เชื่อมกับสมาชิกจริง (ผ่าน Party — seed I5)
  ✅ Q7.6 การ์ดแชท = ยังไม่เชื่อม (ไม่มี facade ของโมดูลแชท — ค่าจริง ไม่ใช่ค่าปลอม)
  ✅ Q8.info แท็บ "info" ใช้ 11 query (≤ 12)
  ❌ Q8.docs แท็บ "docs" ใช้ 14 query (≤ 12) — 14
  ❌ Q8.files แท็บ "files" ใช้ 13 query (≤ 12) — 13
  ✅ Q8.links แท็บ "links" ใช้ 12 query (≤ 12)
  ✅ Q9.1 โหลดโปรไฟล์ผู้ขายได้
  ✅ Q9.2 ป้ายยอดค้างของผู้ขาย = ค้างจ่าย
  ✅ Q9.3 ยอดค้างจ่าย = SQL ดิบฝั่ง IN
  ✅ Q9.4 จำนวนใบค้างจ่าย = SQL ดิบ
  ✅ Q10.1 contactId ของระบบบัญชี เปิดจากระบบอื่นไม่ได้ (คืน null)
  ✅ Q10.2 id ที่ไม่มีจริง = null (ไม่ throw)
  ✅ Q10.3 guard.ts มี contacts/[contactId]/page.tsx
  ✅ Q10.4 ลิงก์ปุ่มท้ายชี้ปลายทางจริงทั้ง 3 ปุ่ม
ผ่าน 57 · ตก 2
