(node:2899143) Warning: SECURITY WARNING: The SSL modes 'prefer', 'require', and 'verify-ca' are treated as aliases for 'verify-full'.
In the next major version (pg-connection-string v3.0.0 and pg v9.0.0), these modes will adopt standard libpq semantics, which have weaker security guarantees.

To prepare for this change:
- If you want the current behavior, explicitly use 'sslmode=verify-full'
- If you want libpq compatibility now, use 'uselibpqcompat=true&sslmode=require'

See https://www.postgresql.org/docs/current/libpq-ssl.html for libpq SSL mode definitions.
(Use `node --trace-warnings ...` to show where the warning was created)

── snapshot 1: member linked to the contact's Party ──

── snapshot 2: the same contact with NO member linked (customer.partyId cleared) ──

── denied viewers: byte-identical to 'no member linked' ──
  ✅ [CF19-D1] web action · STAFF with account.contact.manage, no member key: DTO == no-member DTO true · leaked tokens [] · member={"key":"member","title":"สมาชิก","detail":null,"linked":false,"actionLabel":null,"actionHref":null,"available":true} pos={"key":"pos","title":"POS","detail":null,"linked":false,"actionLabel":null,"actionHref":nu…
  ✅ [CF19-D2] 360 page loader · STAFF with no member key: DTO == no-member DTO true · leaked tokens [] · member={"key":"member","title":"สมาชิก","detail":null,"linked":false,"actionLabel":null,"actionHref":null,"available":true} pos={"key":"pos","title":"POS","detail":null,"linked":false,"actionLabel":null,"actionHref":nu…
  ✅ [CF19-D3] web action · STAFF with member.customer.read limited to branch B (member's home = A, no visit in B): DTO == no-member DTO true · leaked tokens [] · member={"key":"member","title":"สมาชิก","detail":null,"linked":false,"actionLabel":null,"actionHref":null,"available":true} pos={"key":"pos","title":"POS","detail":null,"linked":false,"actionLabel":null,"actionHref":nu…
  ✅ [CF19-D4] 360 page loader · STAFF limited to branch B: DTO == no-member DTO true · leaked tokens [] · member={"key":"member","title":"สมาชิก","detail":null,"linked":false,"actionLabel":null,"actionHref":null,"available":true} pos={"key":"pos","title":"POS","detail":null,"linked":false,"actionLabel":null,"actionHref":nu…
  ✅ [CF19-D5] loader with no viewer (crmViewer omitted): DTO == no-member DTO true · leaked tokens [] · member={"key":"member","title":"สมาชิก","detail":null,"linked":false,"actionLabel":null,"actionHref":null,"available":true} pos={"key":"pos","title":"POS","detail":null,"linked":false,"actionLabel":null,"actionHref":nu…
  ✅ [CF19-D6] loader with viewer null: DTO == no-member DTO true · leaked tokens [] · member={"key":"member","title":"สมาชิก","detail":null,"linked":false,"actionLabel":null,"actionHref":null,"available":true} pos={"key":"pos","title":"POS","detail":null,"linked":false,"actionLabel":null,"actionHref":nu…
  ✅ [CF19-D7] account REST GET /contacts/{id} · key [account.doc.view, account.contact.manage] (no member scope): DTO == no-member DTO true · leaked tokens [] · links={"member":false,"crm":false,"chat":false}

── round 2 · denied viewers: list + merge byte-identical to 'no member linked' ──
  ✅ [CF19-L1] contacts list · STAFF without member key: == no-member true · leaked [] · member count=0 memTotal=0 badge(contact)={"member":false,"crm":false}
  ✅ [CF19-L2] contacts list · STAFF with member.customer.read limited to branch B: == no-member true · leaked [] · member count=0 memTotal=0 badge(contact)={"member":false,"crm":false}
  ✅ [CF19-L3] contacts list · no viewer: == no-member true · leaked [] · member count=0 memTotal=0 badge(contact)={"member":false,"crm":false}
  ✅ [CF19-L4] REST GET /contacts (group=all + group=source:member) · account-only key: == no-member true · leaked [] · member count=undefined memTotal=0 badge(contact)={"member":false,"crm":false}
  ✅ [CF19-M1] merge page candidates · STAFF without member key: == no-member true · leaked [] · labels=[null,null]
  ✅ [CF19-M2] merge page candidates · STAFF limited to branch B: == no-member true · leaked [] · labels=[null,null]
  ✅ [CF19-M3] merge candidates · no viewer: == no-member true · leaked [] · labels=[null,null]

── round 2 · entitled viewers: list + merge show the member ──
  ✅ [CF19-L5] owner: member count 1 · source:member ["<CONTACT>"] · badge {"member":true,"crm":false} · merge label "#M-CF19X"
  ✅ [CF19-L6] staffEntitled: member count 1 · source:member ["<CONTACT>"] · badge {"member":true,"crm":false} · merge label "#M-CF19X"
  ✅ [CF19-L7] staffHomeBranch: member count 1 · source:member ["<CONTACT>"] · badge {"member":true,"crm":false} · merge label "#M-CF19X"
  ✅ [CF19-L8] REST list · key with member.customer.read: source:member total 1 · badge {"member":true,"crm":false}

── entitled viewers: identical card ──
  ✅ [CF19-E1] owner: web action + page loader show member "#M-CF19X · ระดับ GOLD" · pos "ซื้อหน้าร้าน 3 ครั้ง · ฿1,234.50"
  ✅ [CF19-E2] staffEntitled: web action + page loader show member "#M-CF19X · ระดับ GOLD" · pos "ซื้อหน้าร้าน 3 ครั้ง · ฿1,234.50"
  ✅ [CF19-E3] staffHomeBranch: web action + page loader show member "#M-CF19X · ระดับ GOLD" · pos "ซื้อหน้าร้าน 3 ครั้ง · ฿1,234.50"
  ✅ [CF19-E4] REST key holding member.customer.read (service-minted — the account page refuses member scopes since S1) → links.member=true (mechanism: the key's scopes are its member viewer)
  ✅ [CF19-E5] entitled DTOs byte-identical to the base tree (page:owner, page:staffEntitled, page:staffHomeBranch, rest:accmem, list:owner, list:staffEntitled, list:staffHomeBranch, restlist:accmem, mergeP:owner, mergeP:staffEntitled, mergeP:staffHomeBranch) — differing: []
  ✅ [CF19-E6] OWNER and entitled STAFF see the same DTO (no CRM system in this shop ⇒ nothing else viewer-dependent)

── query budget: links tab ≤ 12 ──
  ✅ [CF19-Q1] OWNER: 12 statements
  ✅ [CF19-Q2] STAFF without member read: 11 statements
  ✅ [CF19-Q3] branch-limited entitled STAFF: 12 statements (was 14 at 4aa42ad2: briefFor loaded points)

── branch rule == member module (assertVisible / visibleCustomerIds) ──
  ✅ [CF19-V1] STAFF of branch B: no activity {"card":false,"set":0,"codes":0,"brief":0} · a crm (non-visit) activity in B {"card":false,"set":0,"codes":0,"brief":0} · a pos visit in B {"card":true,"set":1,"codes":1,"brief":1} — the three by-party lookups agree with visibleCustomerIds (briefFor/assertVisible) each time

── INFO ──
  ℹ️  links tab SQL statements: OWNER 12 · no member read 11 · branch-limited entitled 12
  ✅ [CLEAN-tenant] tenant rows left=0
  ✅ [CLEAN-users] users left=0

🟢 probe cf19: 30/30
JSON_SUMMARY {"total":30,"passed":30,"findings":[]}
