start 2026-10-02T02:43:04Z
probe-cf13-review exit=1 24s · 🔴 probe-cf13-review: 7/8 JSON_SUMMARY {"total":8,"passed":7,"findings":["LK-create-duplicate-masked"]} 
probe-cf13-vs-red exit=1 37s · 🔴 probe-cf13: 24/26 JSON_SUMMARY {"total":26,"passed":24,"findings":["NM-control-owner-identical","NM-control-visible-cards-identical"]} 
probe-cf10 exit=0 60s · 🟢 probe-cf10: 34/34 JSON_SUMMARY {"total":34,"passed":34,"findings":[]} 
probe-cf10-review exit=0 252s · 🟢 probe-cf10-review: 18/18 JSON_SUMMARY {"total":18,"passed":18,"findings":[]} 
probe-cf7 exit=0 35s · 🟢 probe-cf7: 30/30 JSON_SUMMARY {"total":30,"passed":30,"findings":[]} 
probe-cf7-review exit=0 113s · 🟢 probe-cf7-review: 27/27 JSON_SUMMARY {"total":27,"passed":27,"findings":[]} 
probe-cf7-review-r2 exit=0 44s · 🟢 probe-cf7-review-r2: 21/21 JSON_SUMMARY {"total":21,"passed":21,"findings":[]} 
qc-crm-c1.5 exit=0 217s · 🟢 C1.5: 103/103 JSON_SUMMARY {"total":103,"passed":103,"findings":[]} 
qc-crm-c1.4 exit=0 192s · 🟢 C1.4: 110/110 JSON_SUMMARY {"total":110,"passed":110,"findings":[]} 
qc-crm-c1.3 exit=0 144s · 🟢 C1.3: 89/89 JSON_SUMMARY {"total":89,"passed":89,"findings":[]} 
qc-crm-c1.10 exit=0 173s · 🟢 C1.10: 66/66 · webhook fetch stubbed 4× · keyErrors filter-foreign-team=ทีมในตัวกรองของคีย์ไม่ใช่ทีมของร้านนี้ — เลือกทีมจากรายชื่อท… JSON_SUMMARY {"total":66,"passed":66,"fi
qc-crm-c2.2 exit=0 66s · 🟢 C2.2: 73/73 · fake sends 37 · outbound fetch stubbed 0× JSON_SUMMARY {"total":73,"passed":73,"findings":[]} 
qc-crm-c2.11 exit=0 30s · 🟢 C2.11: 47/47 JSON_SUMMARY {"total":47,"passed":47,"findings":[]} 
qc-crm-c3.4 exit=0 37s · 🟢 C3.4: 53/53 JSON_SUMMARY {"total":53,"passed":53,"findings":[]} 
typecheck exit=0 158s · 
fitness exit=0 5s · ผ่าน 36/36 JSON_SUMMARY {"total":36,"passed":36,"findings":[]} 
ALLDONE 2026-10-02T03:09:31Z
probe-cf13-vs-red3 (standalone re-run, baseline /tmp/cf13-logs/red3.dump.json) · 🟢 probe-cf13: 26/26 JSON_SUMMARY {"total":26,"passed":26,"findings":[]}
