start 2026-10-01T20:37:36Z
probe-cf7-r2 exit=0 22s · 🟢 probe-cf7-r2: 14/14 JSON_SUMMARY {"total":14,"passed":14,"findings":[]} 
probe-cf7 exit=0 35s · 🟢 probe-cf7: 30/30 JSON_SUMMARY {"total":30,"passed":30,"findings":[]} 
probe-cf7-review exit=0 104s · 🟢 probe-cf7-review: 27/27 JSON_SUMMARY {"total":27,"passed":27,"findings":[]} 
probe-cf5 exit=0 80s · 🟢 probe-cf5: 22/22 JSON_SUMMARY {"total":22,"passed":22,"findings":[]} 
probe-cf5-r2 exit=0 168s · 🟢 probe-cf5-r2: 14/14 JSON_SUMMARY {"total":14,"passed":14,"findings":[]} 
qc-crm-c1.4 exit=0 177s · 🟢 C1.4: 110/110 JSON_SUMMARY {"total":110,"passed":110,"findings":[]} 
qc-crm-c1.3 exit=0 138s · 🟢 C1.3: 89/89 JSON_SUMMARY {"total":89,"passed":89,"findings":[]} 
qc-crm-c1.5 exit=0 224s · 🟢 C1.5: 103/103 JSON_SUMMARY {"total":103,"passed":103,"findings":[]} 
qc-crm-c1.11 exit=0 71s · 🟢 C1.11: 66/66 JSON_SUMMARY {"total":66,"passed":66,"findings":[]} 
qc-crm-c1.10 exit=0 257s · 🟢 C1.10: 66/66 · webhook fetch stubbed 4× · keyErrors filter-foreign-team=ทีมในตัวกรองของคีย์ไม่ใช่ทีมของร้านนี้ — เลือกทีมจากรายชื่อท… JSON_SUMMARY {"total":66,"passed":66,"fi
qc-crm-c2.4 exit=0 74s · 🟢 C2.4: 91/91 · outbound fetch stubbed 0× JSON_SUMMARY {"total":91,"passed":91,"findings":[]} 
qc-crm-c3.7 exit=1 91s · 🔴 C3.7: 23/30 JSON_SUMMARY {"total":30,"passed":23,"findings":[{"id":"C3.7-X1.3","sev":"CRITICAL"},{"id":"C3.7-S1.1","sev":"MAJOR"},{"id":"C3.7-S1.2","sev":"MAJOR"},{"id":"C3.7-S1.6","sev":"MAJOR"},{"id":"C3.7-S2.2","sev":"MAJOR"},{"id":"C3.7-S2.4","sev":"MAJOR"},{"id":"C3.7-S2.6","sev":"MAJOR"}]
qc-crm-c3.4 exit=0 156s · 🟢 C3.4: 53/53 JSON_SUMMARY {"total":53,"passed":53,"findings":[]} 
docs-crm exit=0 2s · ✅ docs/api/CRM-API.md ตรงกับทะเบียน (123 op) 
docs-member exit=1 2s · ❌ .claude/skills/shark-member-api/references/endpoints.md ไม่ตรงกับทะเบียน (0 ไบต์บนดิสก์ vs 18819 ไบต์ที่ควรเป็น) 
docs-kanban exit=1 2s · ❌ .claude/skills/shark-kanban-api/references/endpoints.md ไม่ตรงกับทะเบียน (0 ไบต์บนดิสก์ vs 8244 ไบต์ที่ควรเป็น) 
docs-account exit=0 3s · ✅ docs/api/ACCOUNT-API.md + skill endpoints.md ตรงกับทะเบียน (199 op) 
typecheck exit=0 189s · 
fitness exit=0 4s · ผ่าน 36/36 JSON_SUMMARY {"total":36,"passed":36,"findings":[]} 
fitness-noenv exit=0 5s · ผ่าน 36/36 JSON_SUMMARY {"total":36,"passed":36,"findings":[]} 
ALLDONE 2026-10-01T21:07:40Z
qc-crm-c3.7 @4b5ca1cb src (21:08 UTC, QC3) exit=1 · 🔴 C3.7: 23/30 · same 7 findings: X1.3 S1.1 S1.2 S1.6 S2.2 S2.4 S2.6 ⇒ pre-existing
