Lockfile is up to date, resolution step is skipped
Already up to date

. postinstall$ prisma generate
. postinstall: Loaded Prisma config from prisma.config.ts.
. postinstall: Prisma schema loaded from prisma/schema.
. postinstall: ┌─────────────────────────────────────────────────────────┐
. postinstall: │  Update available 7.8.0 -> 8.0.0-rc.19                  │
. postinstall: │                                                         │
. postinstall: │  This is a major update - please follow the guide at    │
. postinstall: │  https://pris.ly/d/major-version-upgrade                │
. postinstall: │                                                         │
. postinstall: │  Run the following to update                            │
. postinstall: │    npm i --save-dev prisma@latest                       │
. postinstall: │    npm i @prisma/client@latest                          │
. postinstall: └─────────────────────────────────────────────────────────┘
. postinstall: ✔ Generated Prisma Client (v7.8.0) to ./node_modules/.pnpm/@prisma+client@7.8.0_prisma@7.8.0_@types+react-dom@19.2.3_@types+react@19.2.17__@types+_12a6afd4e8168cdd815b06207f03ccf9/node_modules/@prisma/client in 5.89s
. postinstall: Start by importing your Prisma Client (See: https://pris.ly/d/importing-client)
. postinstall: Done
╭ Warning ─────────────────────────────────────────────────────────────────────╮
│                                                                              │
│   Ignored build scripts: @parcel/watcher@2.5.6, @swc/core@1.15.43.           │
│   Run "pnpm approve-builds" to pick which dependencies should be allowed     │
│   to run scripts.                                                            │
│                                                                              │
╰──────────────────────────────────────────────────────────────────────────────╯
Done in 9.3s using pnpm v10.33.0
