[env] qc-pos-p1.17 · ไฟล์ .env.qc4 · DB ep-frosty-lab-aoylqlv8-pooler.c-2.ap-southeast-1.aws.neon.tech (QC4)
(node:1806044) Warning: SECURITY WARNING: The SSL modes 'prefer', 'require', and 'verify-ca' are treated as aliases for 'verify-full'.
In the next major version (pg-connection-string v3.0.0 and pg v9.0.0), these modes will adopt standard libpq semantics, which have weaker security guarantees.

To prepare for this change:
- If you want the current behavior, explicitly use 'sslmode=verify-full'
- If you want libpq compatibility now, use 'uselibpqcompat=true&sslmode=require'

See https://www.postgresql.org/docs/current/libpq-ssl.html for libpq SSL mode definitions.
(Use `node --trace-warnings ...` to show where the warning was created)
⏭️  SKIPPED — qc-pos-p1.17: ของใบ P1.17 ยังไม่มี (ถูกต้องสำหรับข้อสอบที่เขียนก่อนสร้าง)
   • src/lib/modules/pos/reports.ts ยังไม่มี export reportDailySales
   • src/lib/modules/pos/reports.ts ยังไม่มี export reportProducts
   • src/lib/modules/pos/reports.ts ยังไม่มี export reportStaff
   • src/lib/modules/pos/reports.ts ยังไม่มี export reportPayments
   • src/lib/modules/pos/reports.ts ยังไม่มี export reportMargin
   • src/lib/modules/pos/reports.ts ยังไม่มี export reportShifts
   • src/lib/modules/pos/reports.ts ยังไม่มี export reportTax
   • src/lib/modules/pos/reports.ts ยังไม่มี export reportCsv
   • src/lib/modules/pos/reports.ts ยังไม่มี export posDashboardCard
   • PosSale.soldByUserId ยังไม่มี (client/DB · R6)
   ข้อมูล: seed ร้านกาแฟ มี · seed ร้านอาหาร มี · ข้อสอบ 35 ข้อ (ดู --list) · QC_FORCE=1 = รันทั้งที่ยังไม่มีของ (ต้องแดงตามเหตุผล)
   A5 (อ่านอย่างเดียว) จำนวนแถวร้าน QC POS: {"posqc-coffee-tenant.posSale":6,"posqc-coffee-tenant.posSaleLine":12,"posqc-coffee-tenant.posPayment":6,"posqc-coffee-tenant.posReceiptCounter":2,"posqc-coffee-tenant.outboxEvent":6,"posqc-coffee-tenant.appSystem":5,"posqc-coffee-tenant.appSystemUnit":10,"posqc-coffee-tenant.businessUnit":2,"posqc-coffee-tenant.auditLog":0,"posqc-coffee-tenant.posShift":0,"posqc-coffee-tenant.posCashMovement":0,"posqc-coffee-tenant.posShiftCounter":0,"posqc-coffee-tenant.invItem":7,"posqc-coffee-tenant.invMovement":2,"posqc-coffee-tenant.couponRedemption":0,"posqc-coffee-tenant.pointLedger":0,"posqc-coffee-tenant.receiptSeqSum":7,"posqc-resto-tenant.posSale":0,"posqc-resto-tenant.posSaleLine":0,"posqc-resto-tenant.posPayment":0,"posqc-resto-tenant.posReceiptCounter":0,"posqc-resto-tenant.outboxEvent":0,"posqc-resto-tenant.appSystem":3,"posqc-resto-tenant.appSystemUnit":3,"posqc-resto-tenant.businessUnit":1,"posqc-resto-tenant.auditLog":0,"posqc-resto-tenant.posShift":0,"posqc-resto-tenant.posCashMovement":0,"posqc-resto-tenant.posShiftCounter":0,"posqc-resto-tenant.invItem":2,"posqc-resto-tenant.invMovement":1,"posqc-resto-tenant.couponRedemption":0,"posqc-resto-tenant.pointLedger":0,"posqc-resto-tenant.receiptSeqSum":0}
JSON_SUMMARY {"suite":"qc-pos-p1.17","total":0,"passed":0,"failed":[],"skipped":true,"reason":["src/lib/modules/pos/reports.ts ยังไม่มี export reportDailySales","src/lib/modules/pos/reports.ts ยังไม่มี export reportProducts","src/lib/modules/pos/reports.ts ยังไม่มี export reportStaff","src/lib/modules/pos/reports.ts ยังไม่มี export reportPayments","src/lib/modules/pos/reports.ts ยังไม่มี export reportMargin","src/lib/modules/pos/reports.ts ยังไม่มี export reportShifts","src/lib/modules/pos/reports.ts ยังไม่มี export reportTax","src/lib/modules/pos/reports.ts ยังไม่มี export reportCsv","src/lib/modules/pos/reports.ts ยังไม่มี export posDashboardCard","PosSale.soldByUserId ยังไม่มี (client/DB · R6)"],"registered":35,"seed":{"coffee":true,"resto":true},"a5":{"posqc-coffee-tenant.posSale":6,"posqc-coffee-tenant.posSaleLine":12,"posqc-coffee-tenant.posPayment":6,"posqc-coffee-tenant.posReceiptCounter":2,"posqc-coffee-tenant.outboxEvent":6,"posqc-coffee-tenant.appSystem":5,"posqc-coffee-tenant.appSystemUnit":10,"posqc-coffee-tenant.businessUnit":2,"posqc-coffee-tenant.auditLog":0,"posqc-coffee-tenant.posShift":0,"posqc-coffee-tenant.posCashMovement":0,"posqc-coffee-tenant.posShiftCounter":0,"posqc-coffee-tenant.invItem":7,"posqc-coffee-tenant.invMovement":2,"posqc-coffee-tenant.couponRedemption":0,"posqc-coffee-tenant.pointLedger":0,"posqc-coffee-tenant.receiptSeqSum":7,"posqc-resto-tenant.posSale":0,"posqc-resto-tenant.posSaleLine":0,"posqc-resto-tenant.posPayment":0,"posqc-resto-tenant.posReceiptCounter":0,"posqc-resto-tenant.outboxEvent":0,"posqc-resto-tenant.appSystem":3,"posqc-resto-tenant.appSystemUnit":3,"posqc-resto-tenant.businessUnit":1,"posqc-resto-tenant.auditLog":0,"posqc-resto-tenant.posShift":0,"posqc-resto-tenant.posCashMovement":0,"posqc-resto-tenant.posShiftCounter":0,"posqc-resto-tenant.invItem":2,"posqc-resto-tenant.invMovement":1,"posqc-resto-tenant.couponRedemption":0,"posqc-resto-tenant.pointLedger":0,"posqc-resto-tenant.receiptSeqSum":0}}
