start 2026-10-02T01:13:11Z
typecheck exit=2 688s · src/lib/modules/crm/sequences.ts(1020,26): error TS2345: Argument of type 'SequencesCtx' is not assignable to parameter of type 'CompaniesCtx'.  ELIFECYCLE  Command failed with exit code 2. 
probe-cf13 exit=0 239s · 🟢 probe-cf13: 24/24 JSON_SUMMARY {"total":24,"passed":24,"findings":[]} 
probe-cf10 exit=0 62s · 🟢 probe-cf10: 34/34 JSON_SUMMARY {"total":34,"passed":34,"findings":[]} 
probe-cf10-review exit=0 268s · 🟢 probe-cf10-review: 18/18 JSON_SUMMARY {"total":18,"passed":18,"findings":[]} 
probe-cf7 exit=0 143s · 🟢 probe-cf7: 30/30 JSON_SUMMARY {"total":30,"passed":30,"findings":[]} 
probe-cf7-r2 exit=0 23s · 🟢 probe-cf7-r2: 14/14 JSON_SUMMARY {"total":14,"passed":14,"findings":[]} 
probe-cf7-review exit=0 121s · 🟢 probe-cf7-review: 27/27 JSON_SUMMARY {"total":27,"passed":27,"findings":[]} 
probe-cf7-review-r2 exit=0 47s · 🟢 probe-cf7-review-r2: 21/21 JSON_SUMMARY {"total":21,"passed":21,"findings":[]} 
probe-cf5 exit=0 88s · 🟢 probe-cf5: 22/22 JSON_SUMMARY {"total":22,"passed":22,"findings":[]} 
probe-cf5-r2 exit=0 36s · 🟢 probe-cf5-r2: 14/14 JSON_SUMMARY {"total":14,"passed":14,"findings":[]} 
qc-crm-c1.5 exit=0 203s · 🟢 C1.5: 103/103 JSON_SUMMARY {"total":103,"passed":103,"findings":[]} 
qc-crm-c1.4 exit=0 197s · 🟢 C1.4: 110/110 JSON_SUMMARY {"total":110,"passed":110,"findings":[]} 
qc-crm-c1.3 exit=0 278s · 🟢 C1.3: 89/89 JSON_SUMMARY {"total":89,"passed":89,"findings":[]} 
qc-crm-c1.6 exit=0 619s · 🟢 C1.6: 79/79 JSON_SUMMARY {"total":79,"passed":79,"findings":[],"skippedChecks":[]} 
qc-crm-c1.7 exit=0 306s · 🟢 C1.7: 57/57 JSON_SUMMARY {"total":57,"passed":57,"findings":[]} 
qc-crm-c1.9 exit=0 211s · 🟢 C1.9: 45/45 JSON_SUMMARY {"total":45,"passed":45,"findings":[]} 
qc-crm-c1.10 exit=0 130s · 🟢 C1.10: 66/66 · webhook fetch stubbed 4× · keyErrors filter-foreign-team=ทีมในตัวกรองของคีย์ไม่ใช่ทีมของร้านนี้ — เลือกทีมจากรายชื่อท… JSON_SUMMARY {"total":66,"passed":66,"fi
qc-crm-c1.11 exit=0 73s · 🟢 C1.11: 66/66 JSON_SUMMARY {"total":66,"passed":66,"findings":[]} 
qc-crm-c2.2 exit=0 64s · 🟢 C2.2: 73/73 · fake sends 37 · outbound fetch stubbed 0× JSON_SUMMARY {"total":73,"passed":73,"findings":[]} 
qc-crm-c2.4 exit=0 75s · 🟢 C2.4: 91/91 · outbound fetch stubbed 0× JSON_SUMMARY {"total":91,"passed":91,"findings":[]} 
qc-crm-c2.10 exit=0 32s · 🟢 C2.10: 41/41 JSON_SUMMARY {"total":41,"passed":41,"findings":[]} 
qc-crm-c2.11 exit=0 27s · 🟢 C2.11: 47/47 JSON_SUMMARY {"total":47,"passed":47,"findings":[]} 
qc-crm-c3.1 exit=0 28s · 🟢 C3.1: 56/56 JSON_SUMMARY {"total":56,"passed":56,"findings":[]} 
qc-crm-c3.2 exit=0 91s · 🟢 C3.2: 47/47 JSON_SUMMARY {"total":47,"passed":47,"findings":[]} 
qc-crm-c3.4 exit=0 41s · 🟢 C3.4: 53/53 JSON_SUMMARY {"total":53,"passed":53,"findings":[]} 
qc-crm-c5.3 exit=0 174s · 🟢 C5.3: 56/56 JSON_SUMMARY {"total":56,"passed":56,"findings":[]} 
docs-crm exit=0 2s · ✅ docs/api/CRM-API.md ตรงกับทะเบียน (123 op) 
docs-member exit=1 3s · ❌ .claude/skills/shark-member-api/references/endpoints.md ไม่ตรงกับทะเบียน (0 ไบต์บนดิสก์ vs 18819 ไบต์ที่ควรเป็น) 
docs-kanban exit=1 3s · ❌ .claude/skills/shark-kanban-api/references/endpoints.md ไม่ตรงกับทะเบียน (0 ไบต์บนดิสก์ vs 8244 ไบต์ที่ควรเป็น) 
docs-account exit=0 2s · ✅ docs/api/ACCOUNT-API.md + skill endpoints.md ตรงกับทะเบียน (199 op) 
fitness exit=0 6s · ผ่าน 36/36 JSON_SUMMARY {"total":36,"passed":36,"findings":[]} 
fitness-noenv exit=0 279s · ผ่าน 36/36 JSON_SUMMARY {"total":36,"passed":36,"findings":[]} 
ALLDONE 2026-10-02T02:29:10Z
