start 2026-10-01T17:53:28Z
rv-cf5-r2 exit=0 36s · 🟢 rv-cf5-r2: 16/16 JSON_SUMMARY {"total":16,"passed":16,"findings":[]} 
rv-cf5 exit=0 93s · 🟢 rv-cf5: 32/32 JSON_SUMMARY {"total":32,"passed":32,"findings":[]} 
probe-cf5 exit=0 77s · 🟢 probe-cf5: 22/22 JSON_SUMMARY {"total":22,"passed":22,"findings":[]} 
probe-cf5-r2 exit=0 30s · 🟢 probe-cf5-r2: 14/14 JSON_SUMMARY {"total":14,"passed":14,"findings":[]} 
probe-cf3 exit=0 62s · 🟢 probe-cf3: 27/27 JSON_SUMMARY {"total":27,"passed":27,"findings":[]} 
qc-webhook exit=0 2s · ผ่าน 15/15 JSON_SUMMARY {"total":15,"passed":15,"findings":[]} 
qc-account-api-webhooks exit=0 9s · ผ่าน 22/22 JSON_SUMMARY {"total":22,"passed":22,"findings":[]} 
qc-crm-c1.10 exit=0 127s · 🟢 C1.10: 66/66 · webhook fetch stubbed 4× · keyErrors filter-foreign-team=ทีมในตัวกรองของคีย์ไม่ใช่ทีมของร้านนี้ — เลือกทีมจากรายชื่อท… JSON_SUMMARY {"total":66,"passed":66,"fi
qc-crm-c1.3 exit=0 144s · 🟢 C1.3: 89/89 JSON_SUMMARY {"total":89,"passed":89,"findings":[]} 
qc-crm-c1.4 exit=0 181s · 🟢 C1.4: 110/110 JSON_SUMMARY {"total":110,"passed":110,"findings":[]} 
qc-crm-c1.6 exit=0 154s · 🟢 C1.6: 79/79 JSON_SUMMARY {"total":79,"passed":79,"findings":[],"skippedChecks":[]} 
docs-crm exit=0 2s · 
typecheck exit=0 152s · 
fitness exit=0 5s · ผ่าน 36/36 JSON_SUMMARY {"total":36,"passed":36,"findings":[]} 
fitness-noenv exit=0 5s · ผ่าน 36/36 JSON_SUMMARY {"total":36,"passed":36,"findings":[]} 
ALLDONE 2026-10-01T18:11:27Z
