[env] qc-pos-p1.6 · ไฟล์ .env.qc4 · DB ep-frosty-lab-aoylqlv8-pooler.c-2.ap-southeast-1.aws.neon.tech (QC4)
(node:1155399) Warning: SECURITY WARNING: The SSL modes 'prefer', 'require', and 'verify-ca' are treated as aliases for 'verify-full'.
In the next major version (pg-connection-string v3.0.0 and pg v9.0.0), these modes will adopt standard libpq semantics, which have weaker security guarantees.

To prepare for this change:
- If you want the current behavior, explicitly use 'sslmode=verify-full'
- If you want libpq compatibility now, use 'uselibpqcompat=true&sslmode=require'

See https://www.postgresql.org/docs/current/libpq-ssl.html for libpq SSL mode definitions.
(Use `node --trace-warnings ...` to show where the warning was created)
⚠️  QC_FORCE=1 — ข้ามด่าน SKIP ทั้งที่ยังขาด: src/lib/money/vat.ts ยังไม่มี export splitIncludedVat (R1) | คอลัมน์ PosSale.note ยังไม่มี (client ✗ · DB ✗) | คอลัมน์ PosSale.serviceChargeSatang ยังไม่มี (client ✗ · DB ✗) | คอลัมน์ PosSale.tipSatang ยังไม่มี (client ✗ · DB ✗) | คอลัมน์ PosSaleLine.note ยังไม่มี (client ✗ · DB ✗) | คอลัมน์ PosPayment.tenderedSatang ยังไม่มี (client ✗ · DB ✗) (R3 · มติ §8 ข้อ 2) | คอลัมน์ PosPayment.changeSatang ยังไม่มี (client ✗ · DB ✗) (R3 · มติ §8 ข้อ 2) | enum PosPayType ยังไม่มี CARD (client ✗ · DB ✗) | REGISTER_PAY_TYPES ยังไม่รวม TRANSFER/CARD (R2) | service.ts ยังไม่มีการ์ด UNIT_SYSTEM_MISMATCH (R7) | ยังไม่มีโค้ดใน src/ อ่าน settings.pos.stock.oversellPolicy (R8) | src/lib/modules/pos/payment-settings.ts ยังไม่มี export updatePosPaymentSettings/posPaymentSettings (O19/O20) (คาด: แดงตามเหตุผล ไม่ crash)

── V/U/R ข้อที่ไม่แตะ DB ──
  ❌ [P1.6-V1] splitIncludedVat (src/lib/money/vat.ts) = สูตรสะพานบัญชี (gross − Math.round(gross/(1+rate))) ทุกตัวใน 10,000 ยอดสุ่ม + 0…2,000 × อัตรา 0/100/300/500/700/900/1000/1500 bp · base+vat = gross · Int · อัตรา 700 = VAT ของ priceCart INCLUDED (จอ = บิล) — expected 12001 ยอด ≥ 2 อัตราต่อยอด เท่าสูตรสะพานทุกตัว · priceCart 700 ตรง | actual ต่าง: g0@0:{"ok":false,"code":"MISSING:splitIncludedVat"}≠vat 0 · g0@100:{"ok":false,"code":"MISSING:splitIncludedVat"}≠vat 0 · g0@300:{"ok":false,"code":"MISSING:splitIncludedVat"}≠vat 0 · g0@500:{"ok":false,"code":"MISSING:splitIncludedVat"}≠vat 0
  ❌ [P1.6-V2] ผู้ใช้สูตรเดียว [static]: account/index.ts applyExternalSale เรียก splitIncludedVat และไม่มีสูตรถอด VAT แบบเขียนเอง · service.ts ไม่มี `const vat = 0` และเรียก splitIncludedVat · vat.ts ไม่ import prisma/server — expected สะพาน + createSale ใช้ helper เดียว · helper บริสุทธิ์ | actual account/index.ts ไม่เรียก splitIncludedVat · account/index.ts ไม่ import @/lib/money/vat · account/index.ts ยังมีสูตรถอด VAT เขียนเอง · service.ts ยังมี const vat = 0 · service.ts ไม่เรียก splitIncludedVat · src/lib/money/vat.ts ไม่มี
  ❌ [P1.6-U4] [static] service.ts มีการ์ด UNIT_SYSTEM_MISMATCH (ลำดับ 'ก่อนตัวนับ' พิสูจน์ที่ U1) · ทะเบียนผู้เรียก createSale ใน src = 18 จุด/15 ไฟล์ตามโน้ต (จุดใหม่/หาย = ผู้คุมงานทบทวน) — expected มีการ์ด · 18 จุด/15 ไฟล์ตรงทะเบียน | actual การ์ด@-1 ตัวนับ@4410 · ผู้เรียก 18 จุด/15 ไฟล์
  ❌ [P1.6-R2] [static] ไฟล์ action ของ POS (*actions*.ts): "use server" · export เฉพาะ async function · ไม่มี throw · ทุกตัวมี catch · มี updatePosPaymentSettingsAction — expected ทุกไฟล์ action: use server · async fn ล้วน · ไม่ throw · มี catch · มี action ตั้งค่าชำระเงิน | actual ไม่มี updatePosPaymentSettingsAction ใน src/lib/modules/pos/*actions*.ts
  ❌ [P1.6-R3] refusalMessageKey: UNIT_SYSTEM_MISMATCH→errors.unitSystemMismatch · SPLIT_INVALID→errors.splitInvalid · STOCK_INSUFFICIENT→errors.stockInsufficient · TIP_ACCOUNT_REQUIRED→errors.tipAccountRequired · ทุกคีย์มี th+en · en ไม่มีอักษรไทย · th ของ unitSystemMismatch มี 'เลือกจุดขาย' — expected 4 รหัส → คีย์เฉพาะ · th+en ครบ · ข้อความ O21 | actual UNIT_SYSTEM_MISMATCH→errors.unknown · pos.register.errors.unitSystemMismatch: th ขาด · pos.register.errors.unitSystemMismatch: en ขาด · SPLIT_INVALID→errors.unknown · pos.register.errors.splitInvalid: th ขาด · pos.register.errors.splitInvalid: en ขาด · TIP_ACCOUNT_REQUIRED→errors.unknown · pos.register.errors.tipAccountRequired: th ขาด · pos.register.errors.tipAccountRequired: en ขาด

── sandbox qc-p1.6-samq8f (สาขา + ระบบ POS/คลัง/บัญชี ชั่วคราวในร้าน QC กาแฟ) ──

── V VAT เก็บลงบิล ──
  ❌ [P1.6-V3] createSale บน POS ที่ผูกสมุดจด VAT 7%: vatSatang = splitIncludedVat(grandTotal, 700) (0 · 1 · 15 · 6,500 · 10,700 · 6,500−ส่วนลด 500) · grandTotal = Σบรรทัด − ส่วนลด (VAT รวมในราคา ยอดไม่เปลี่ยน) — expected ทุกยอด vat = splitIncludedVat(grand,700) · grand ไม่เปลี่ยน | actual 0:OK g0 vat 0/0 · 1:OK g1 vat 0/0 · 15:OK g15 vat 0/1 · 6500:OK g6500 vat 0/425 · 10700:OK g10700 vat 0/700 · 6500-500:OK g6000 vat 0/393
  ✅ [P1.6-V4] vatSatang = 0 เมื่อ POS ไม่ผูกบัญชี · ผูกสมุดที่ไม่จด VAT · การเชื่อมถูกปิด (AccountSystemLink.enabled=false)
  ❌ [P1.6-V5] หน้าขายบน POS ที่จด VAT: vatSatang ที่เก็บ = vatSatang ของ quote (INCLUDED 700) = splitIncludedVat(grandTotal) · grandTotal = quote — expected INCLUDED 700 · vat บิล = vat quote = helper | actual quote OK INCLUDED/700 g10000 vat 654 · submit OK · บิล g10000 vat 0

── T แบ่งจ่าย ──
  ✅ [P1.6-T1] บิล 0 บาท + payMethods ว่าง → PAID 0 แถวจ่าย vat 0 ทั้ง createSale เดิมและหน้าขาย (รายการเอง 0 บาทโดยเจ้าของ)
  ❌ [P1.6-T2] แบ่ง 1 สตางค์: CASH 1 + PROMPTPAY 1 + TRANSFER 1 + CARD ที่เหลือ → PAID · 4 แถว ชนิด/ยอดตรงทุกแถว · Σ = grandTotal — expected 4 แถว CARD:6497,CASH:1,PROMPTPAY:1,TRANSFER:1 | actual VALIDATION · ไม่มีบิล
  ❌ [P1.6-T3] 10 รายการ (ซ้ำชนิดได้) → PAID 10 แถว · 11 รายการ → SPLIT_INVALID ไม่มีบิล — expected 10 → PAID 10 แถว · 11 → SPLIT_INVALID ไม่มีบิล | actual 10:VALIDATION แถว undefined · 11:VALIDATION
  ❌ [P1.6-T4] Σ ≠ ยอด (ขาด/เกิน 1 สตางค์) → PAYMENT_MISMATCH · รายการ 0 / −1 (ชดเชย) / 1.5 → VALIDATION · ไม่มีบิลทุกกรณี — expected ขาด/เกิน PAYMENT_MISMATCH · 0/ติดลบ/เศษ VALIDATION · ไม่มีบิล | actual ขาด1:VALIDATION · เกิน1:VALIDATION · ศูนย์:VALIDATION · ติดลบ:VALIDATION · เศษ:VALIDATION
  ❌ [P1.6-T5] CARD + reference (EDC): หน้าขายและ createSale เดิมเก็บ reference ตรงตัว (PosPayment.reference หรือ .note) — expected reference ตรงตัวทั้งสองทาง | actual reg undefined · legacy THROW undefined
  ❌ [P1.6-T6] ชนิดวิธีจ่ายของหน้าขาย = CASH|PROMPTPAY|TRANSFER|CARD: TRANSFER ล้วน / CARD ล้วน → PAID · DEPOSIT / ROOM_CHARGE / รหัสมั่ว → VALIDATION ไม่มีบิล — expected TRANSFER/CARD PAID · DEPOSIT/ROOM_CHARGE/มั่ว VALIDATION | actual TRANSFER:VALIDATION · CARD:VALIDATION · DEPOSIT:VALIDATION · ROOM_CHARGE:VALIDATION · QC_NOT_A_METHOD:VALIDATION
  ❌ [P1.6-T7] ปิดวันเห็นบัตร: closeDaySummary(POS sandbox).byMethod มี CARD = Σ ยอด CARD ของบิล PAID วันนี้ · cashInDrawer ไม่รวมบัตร · closeDayBills ของบิลบัตรไม่ใช่ '—' — expected CARD 0 · ลิ้นชัก 0 · บิลบัตรมีชื่อวิธีจ่าย | actual byMethod [{"type":"PROMPTPAY","label":"พร้อมเพย์","amountSatang":10700,"count":1}] · ลิ้นชัก 0 · label undefined

── C เงินสดรับ/ทอน ──
  ❌ [P1.6-C1] หน้าขาย เงินสด 4,000 + พร้อมเพย์ รับ 5,000 → changeSatang 1,000 · แถว PosPayment CASH เก็บ tenderedSatang 5,000 + changeSatang 1,000 · พร้อมเพย์ล้วน → ไม่มีแถว CASH — expected แถว CASH 5000/1000 · แถวอื่นไม่มีเงินรับ/ทอน · พร้อมเพย์ล้วนไม่มีแถว CASH | actual OK ทอน 1000 · DB {"t":"ไม่มีคอลัมน์","c":"ไม่มีคอลัมน์"} · pp OK {"t":"ไม่มีคอลัมน์","c":"ไม่มีคอลัมน์"}
  ❌ [P1.6-C2] createSale: CASH 6,500 + cashTenderedSatang 10,000 → แถว CASH tenderedSatang 10,000 / changeSatang 3,500 — expected แถว CASH 10000 / 3500 | actual OK · DB {"t":"ไม่มีคอลัมน์","c":"ไม่มีคอลัมน์"}
  ❌ [P1.6-C3] เงินรับ < ส่วนเงินสด 1 สตางค์ → PAYMENT_MISMATCH ทั้งหน้าขายและ createSale · ไม่มีบิล · ตัวนับใบเสร็จสาขาไม่ขยับ — expected PAYMENT_MISMATCH ×2 · ไม่มีบิล · ตัวนับเท่าเดิม | actual reg PAYMENT_MISMATCH · legacy OK · ตัวนับ 6→7
  ✅ [P1.6-C4] ผู้เรียกเดิมที่ไม่ส่งเงินรับ (createSale CASH ไม่มี cashTenderedSatang) ยัง PAID เหมือนเดิม (ไม่ปฏิเสธ · F15.2)

── K ค่าบริการ / ทิป ──
  ❌ [P1.6-K1] ปิด (ไม่มีตั้งค่า หรือ enabled:false + rateBp) → quote/บิล serviceChargeSatang 0 tipSatang 0 · grandTotal = priceCart แบบวันนี้ · createSale เดิมเก็บ 0/0 — expected ค่าบริการ 0 · ยอด = priceCart วันนี้ · ปิดแบบมี rate ก็เท่าเดิม · createSale เดิม 0/0 | actual q OK sc undefined g6500/6500 · บิล OK sc undefined tip undefined · ตั้งปิด MISSING:updatePosPaymentSettings q undefined/6500 · legacy undefined/undefined
  ❌ [P1.6-K2] ค่าบริการเปิด 10%: quote 6,500 → ค่าบริการ 650 รวม 7,150 · บิลเก็บ 650/7,150 · VAT = splitIncludedVat(7,150) = 468 (อยู่ในฐาน VAT) · จ่าย 6,500 → PAYMENT_MISMATCH — expected quote 650/7150 · บิล 650/7150 vat 468 · จ่าย 6500 PAYMENT_MISMATCH | actual ตั้ง MISSING:updatePosPaymentSettings · q OK sc undefined g6500 vat 425 · บิล PRICE_CHANGED undefined/undefined vat undefined · ขาด PRICE_CHANGED
  ❌ [P1.6-K3] ค่าบริการปัดครึ่งขึ้นจากยอดหลังส่วนลด: 3,335 → 334 (ไม่ใช่ 333) · 13,000 − ท้ายบิล 1,000 → 1,200 รวม 13,200 · priceCart(serviceChargeBp) ฝั่ง client ได้เท่ากัน — expected 334/3669 · 1200/13200 · priceCart = quote | actual q undefined/3335 · undefined/12000 (OK) · pc undefined/3335 · undefined/12000
  ❌ [P1.6-K4] เปิดทิปโดยไม่มีบัญชี / บัญชีของสมุดอื่น → TIP_ACCOUNT_REQUIRED (คืนเป็นข้อมูล) ทิปยังปิด · บัญชีของสมุดที่ผูก POS นี้ → เปิดได้ — expected ไม่มีบัญชี / สมุดอื่น → TIP_ACCOUNT_REQUIRED ทิปยังปิด · บัญชีสมุดที่ผูก → เปิด | actual MISSING:updatePosPaymentSettings → undefined · สมุดอื่น MISSING:updatePosPaymentSettings → undefined · MISSING:updatePosPaymentSettings → undefined
  ❌ [P1.6-K9] POS ที่ไม่ผูกสมุดบัญชี: เปิดทิป (แม้ส่ง ledgerAccountId ของสมุดใด ๆ) → TIP_ACCOUNT_REQUIRED คืนเป็นข้อมูล · ทิปยังปิด — expected TIP_ACCOUNT_REQUIRED · ทิปยังปิด | actual MISSING:updatePosPaymentSettings → undefined
  ❌ [P1.6-K5] ทิปเปิด: ทิป 500 บนบิล 6,500 → tipSatang 500 · grandTotal 6,500 (ไม่ใช่รายได้) · VAT 425 (ไม่ใช่ 458 · ไม่อยู่ในฐาน) · Σจ่าย 7,000 · จ่าย 6,500 → PAYMENT_MISMATCH — expected tip 500 · grand 6500 · vat 425 · Σจ่าย 7000 · ขาด PAYMENT_MISMATCH | actual VALIDATION tip undefined gundefined vat undefined Σ0 · VALIDATION
  ❌ [P1.6-K6] ทิปปิดแต่ส่ง tipSatang 500 → VALIDATION ไม่มีบิล (ไม่เมินเงียบ) · ทิปเปิดแต่ −1 / 1.5 / "500" → VALIDATION — expected −1/1.5/"500" VALIDATION · ปิดแล้วส่งทิป VALIDATION · ไม่มีบิล | actual -1:VALIDATION 1.5:VALIDATION 500:VALIDATION · ปิด MISSING:updatePosPaymentSettings · ส่งทิป VALIDATION
  ❌ [P1.6-K7] ตั้งค่าชำระเงิน: STAFF → PERMISSION_DENIED · rateBp 1.5 / −1 / 10001 → VALIDATION · ค่าตั้งเดิมไม่เปลี่ยน — expected STAFF PERMISSION_DENIED · 3 ค่าผิด VALIDATION · ค่าตั้งเท่าเดิม | actual staff MISSING:updatePosPaymentSettings · MISSING:updatePosPaymentSettings,MISSING:updatePosPaymentSettings,MISSING:updatePosPaymentSettings · same true
  ❌ [P1.6-K8] ค่าบริการเปิดที่ POS แต่ผู้เรียกเดิม (createSale ไม่ส่ง serviceChargeSatang เช่นร้านอาหารที่มีบรรทัด service charge เอง) → serviceChargeSatang 0 ยอดเดิม (ไม่คิดซ้ำ) — expected serviceCharge 0 · grand 6600 (ไม่คิดซ้ำ) | actual ตั้ง MISSING:updatePosPaymentSettings · OK sc undefined g6600

── N หมายเหตุ ──
  ❌ [P1.6-N1] หมายเหตุบิล 500 ตัวอักษร → PosSale.note ตรงตัว (หน้าขาย + createSale) · 501 → VALIDATION ไม่มีบิล — expected 500 ตรงตัว ×2 · 501 VALIDATION | actual reg VALIDATION len 0 · 501 VALIDATION · legacy OK len 0
  ❌ [P1.6-N2] หมายเหตุบรรทัด → PosSaleLine.note ตรงตัว · 501 → VALIDATION ไม่มีบิล — expected บรรทัดเก็บ note · 501 VALIDATION | actual OK note undefined · 501 VALIDATION

── I idempotency ──
  ❌ [P1.6-I1] createSale เดิม คีย์ซ้ำ + payload เดิม (รวมสลับลำดับบรรทัด) ขณะ PAID → saleId เดิม status "PAID" · บิล 1 · แถวจ่าย 1 ชุด — expected saleId เดิม · status PAID · 1 บิล · 1 แถวจ่าย | actual OK/OK/OK same true/true status undefined/undefined n 1 p 1
  ❌ [P1.6-I2] createSale เดิม คีย์ซ้ำ + payload ต่าง (จำนวน / ราคา / ชนิดวิธีจ่าย / แบ่งยอดต่าง) ขณะ PAID → IDEMPOTENCY_CONFLICT · บิล 1 · ยอดเดิม — expected 4 แบบ IDEMPOTENCY_CONFLICT · 1 บิล ยอดเดิม | actual qty:OK price:OK paytype:OK split:OK · g6500
  ❌ [P1.6-I3] createSale เดิม คีย์ของบิลที่ VOIDED + payload เดิม → saleId เดิม status "VOIDED" · ไม่มีบิลใหม่ · ตัวนับใบเสร็จไม่ขยับ — expected saleId เดิม status VOIDED · ไม่มีบิลใหม่ · ตัวนับเท่าเดิม | actual OK void:ok · retry OK same true status undefined · ตัวนับ 12→12
  ❌ [P1.6-I4] createSale เดิม คีย์ของบิลที่ VOIDED + payload ต่าง → IDEMPOTENCY_CONFLICT · ไม่มีบิลใหม่ — expected IDEMPOTENCY_CONFLICT · 1 บิล | actual OK · n 1
  ✅ [P1.6-I5] หน้าขาย (คงสัญญา P1.3): PAID+เดิม → ok duplicated · PAID+ต่าง → CONFLICT+saleId · VOIDED+เดิม/ต่าง → CONFLICT + saleStatus VOIDED
  ❌ [P1.6-I6] ร้านอาหาร re-checkout (restaurant/order.ts:418 คีย์ rest-<hash>) หลัง voidCheckout รายการชุดเดิม → จบ PAID (มติ §8 ข้อ 3: ผู้เรียกออกคีย์ใหม่เมื่อบิลเดิม VOIDED) · บิลใหม่ ≠ บิลเดิม · PAID เพียง 1 บิล · บิลเดิมยัง VOIDED — expected ครั้งแรก PAID → void → re-checkout ok บิลใหม่ PAID · PAID 1 บิล · บิลเดิม VOIDED | actual 1:OK void:OK 2:OK ใหม่ false · บิล VOIDED · เดิม VOIDED
  ❌ [P1.6-I7] createSale เดิม คีย์เดียว 10 connection พร้อมกัน × 3 รอบ → ทุกคำตอบ ok saleId เดียว · บิล 1 ต่อรอบ (ไม่มี P2002 หลุดถึงผู้เรียก) — expected ทุกรอบ 10/10 ok · id เดียว · 1 บิล | actual r0: ok 1/10 ids 1 n 1 codes P2002|OK ; r1: ok 1/10 ids 1 n 1 codes P2002|OK ; r2: ok 1/10 ids 1 n 1 codes OK|P2002

── U คู่สาขา↔ระบบ ──
  ❌ [P1.6-U1] คู่ผิดชัดแจ้ง (สาขาผูก POS อื่น): ขณะตัวนับใบเสร็จของสาขาถูกล็อกจาก connection อื่น → UNIT_SYSTEM_MISMATCH ทันที (ไม่ค้างรอ) · ไม่มีบิล · ตัวนับไม่ขยับหลังปล่อยล็อก — expected ไม่ค้าง · UNIT_SYSTEM_MISMATCH · 0 บิล · ตัวนับเท่าเดิม | actual ล็อก 1 · ค้าง:true · OK · บิล 1 · ตัวนับ 10→11
  ❌ [P1.6-U2] ร้านมี POS 2+ · สาขาไม่ผูก POS ใดเลย → UNIT_SYSTEM_MISMATCH + ข้อความ 'เลือกจุดขายก่อน' · ไม่มีบิล · ไม่มีแถวตัวนับของสาขานั้น — expected POS ≥2 · UNIT_SYSTEM_MISMATCH 'เลือกจุดขายก่อน' · 0 บิล · 0 ตัวนับ | actual POS 4 · OK undefined · ตัวนับ 1
  ✅ [P1.6-U3] ร้านมี POS ตัวเดียว (ร้าน QC อาหาร) · สาขาไม่ผูก POS → ขายได้เหมือนวันนี้ (ผู้เรียกแบบ 'POS ตัวแรก') · คู่ที่ผูกถูก (sandbox) → PAID

── B oversellPolicy ──
  ❌ [P1.6-B1] BLOCK: เหลือ 2 ขาย 3 → STOCK_INSUFFICIENT ไม่มีบิล สต็อก 2 ไม่มี OUT ตัวนับไม่ขยับ · ขาย 2 → PAID สต็อก 0 OUT 1 แถว (ไม่ตัดซ้ำหลัง commit) · สินค้าไม่นับสต็อกยังขายได้ — expected ขาย 3 STOCK_INSUFFICIENT (สต็อก 2 · OUT 0 · ตัวนับเดิม) · ขาย 2 PAID สต็อก 0 OUT 1 · ไม่นับสต็อก PAID | actual OK oh -1 out 1 ตัวนับ 17→18 · OK oh -3 out 1 · untracked OK
  ❌ [P1.6-B2] BLOCK ผ่าน createSale รูปแบบเดิม (บรรทัดมี itemId): เหลือ 1 ขาย 2 → STOCK_INSUFFICIENT ไม่มีบิล สต็อก 1 — expected STOCK_INSUFFICIENT · ไม่มีบิล · สต็อก 1 | actual OK oh -1
  ❌ [P1.6-B3] BLOCK ชิ้นสุดท้าย 10 connection × 3 รอบ → PAID 1 · STOCK_INSUFFICIENT 9 · สต็อก 0 ไม่ติดลบ · ไม่มีรหัสอื่น (deadlock/BUSY/INTERNAL/THROW) — expected ทุกรอบ PAID 1 · SI 9 · สต็อก 0 · บิล 1 · ไม่มีรหัสอื่น | actual r0: PAID 10 SI 0 oh -9 บิล 10 ; r1: PAID 10 SI 0 oh -9 บิล 10 ; r2: PAID 10 SI 0 oh -9 บิล 10
  ❌ [P1.6-B4] BLOCK สองสินค้าสลับลำดับบรรทัด ([X,Y]/[Y,X]) 10 connection × 3 รอบ (เหลืออย่างละ 5) → PAID 5 · STOCK_INSUFFICIENT 5 · สต็อก 0/0 · ไม่มี deadlock — expected ทุกรอบ PAID 5 · SI 5 · สต็อก 0/0 · ไม่มี deadlock | actual r0: PAID 10 SI 0 oh -5/-5 ; r1: PAID 10 SI 0 oh -5/-5 ; r2: PAID 10 SI 0 oh -5/-5
  ✅ [P1.6-B5] ไม่ตั้งนโยบาย / ALLOW_NEGATIVE → ขายเกินได้เหมือนวันนี้ (PAID · สต็อก −1)
  ❌ [P1.6-R1] คำปฏิเสธใหม่ของหน้าขาย/ตั้งค่า (SPLIT_INVALID · STOCK_INSUFFICIENT · PAYMENT_MISMATCH เงินรับ · VALIDATION หมายเหตุ/ทิป · TIP_ACCOUNT_REQUIRED) = คืน {ok:false, code, message} ไม่ throw — expected 8 คำปฏิเสธ = {ok:false, code, message} ไม่ throw | actual T3 11 รายการ:VALIDATION · K4 เปิดทิปไม่มีบัญชี:MISSING:updatePosPaymentSettings · K4 บัญชีสมุดอื่น:MISSING:updatePosPaymentSettings · K9 POS ไม่ผูกสมุด:MISSING:updatePosPaymentSettings · B1 BLOCK:OK
  ลบแล้ว: {"outbox":88,"audit":27,"journal":0,"point":0,"coupon":0,"restaurantOrderItem":1,"restaurantOrder":1,"tableSession":1,"restaurantTable":1,"restaurantZone":1,"kdsStation":1,"restaurantSetting":1,"payment":96,"line":139,"sale":98,"product":14,"productBySystem":0,"invJournal":89,"invItem":13,"counter":6,"accLink":2,"accJournal":0,"accDoc":0,"accSettings":2} · สาขา 6 · ระบบ 6
  ✅ [P1.6-Z1] QC4 คืนสภาพ: จำนวนแถวของร้าน QC POS ทั้งสอง (ทุกตารางที่ข้อสอบแตะ) ก่อน = หลัง · ผลรวมตัวนับใบเสร็จไม่ขยับ
  ✅ [P1.6-Z2] QC4 ลายนิ้วมือ: แถวเดิมของร้าน QC POS (PosProduct · PosCategory · InvItem · AppSystem รวม settings · AppSystemUnit · BusinessUnit · Membership · PosReceiptCounter · AccountSettings · AccountSystemLink) ทุกคอลัมน์ ก่อน = หลัง

===== qc-pos-p1.6 ===== ผ่าน 8/48 (QC_FORCE)
JSON_SUMMARY {"suite":"qc-pos-p1.6","total":48,"passed":8,"failed":["P1.6-V1","P1.6-V2","P1.6-U4","P1.6-R2","P1.6-R3","P1.6-V3","P1.6-V5","P1.6-T2","P1.6-T3","P1.6-T4","P1.6-T5","P1.6-T6","P1.6-T7","P1.6-C1","P1.6-C2","P1.6-C3","P1.6-K1","P1.6-K2","P1.6-K3","P1.6-K4","P1.6-K9","P1.6-K5","P1.6-K6","P1.6-K7","P1.6-K8","P1.6-N1","P1.6-N2","P1.6-I1","P1.6-I2","P1.6-I3","P1.6-I4","P1.6-I6","P1.6-I7","P1.6-U1","P1.6-U2","P1.6-B1","P1.6-B2","P1.6-B3","P1.6-B4","P1.6-R1"],"skipped":false,"forced":true,"skippedChecks":{},"missing":["src/lib/money/vat.ts ยังไม่มี export splitIncludedVat (R1)","คอลัมน์ PosSale.note ยังไม่มี (client ✗ · DB ✗)","คอลัมน์ PosSale.serviceChargeSatang ยังไม่มี (client ✗ · DB ✗)","คอลัมน์ PosSale.tipSatang ยังไม่มี (client ✗ · DB ✗)","คอลัมน์ PosSaleLine.note ยังไม่มี (client ✗ · DB ✗)","คอลัมน์ PosPayment.tenderedSatang ยังไม่มี (client ✗ · DB ✗) (R3 · มติ §8 ข้อ 2)","คอลัมน์ PosPayment.changeSatang ยังไม่มี (client ✗ · DB ✗) (R3 · มติ §8 ข้อ 2)","enum PosPayType ยังไม่มี CARD (client ✗ · DB ✗)","REGISTER_PAY_TYPES ยังไม่รวม TRANSFER/CARD (R2)","service.ts ยังไม่มีการ์ด UNIT_SYSTEM_MISMATCH (R7)","ยังไม่มีโค้ดใน src/ อ่าน settings.pos.stock.oversellPolicy (R8)","src/lib/modules/pos/payment-settings.ts ยังไม่มี export updatePosPaymentSettings/posPaymentSettings (O19/O20)"],"a5":{"drift":[]}}
