[env] qc-subscription · ไฟล์ .env.qc4 · DB ep-frosty-lab-aoylqlv8-pooler.c-2.ap-southeast-1.aws.neon.tech
(node:1167215) Warning: SECURITY WARNING: The SSL modes 'prefer', 'require', and 'verify-ca' are treated as aliases for 'verify-full'.
In the next major version (pg-connection-string v3.0.0 and pg v9.0.0), these modes will adopt standard libpq semantics, which have weaker security guarantees.

To prepare for this change:
- If you want the current behavior, explicitly use 'sslmode=verify-full'
- If you want libpq compatibility now, use 'uselibpqcompat=true&sslmode=require'

See https://www.postgresql.org/docs/current/libpq-ssl.html for libpq SSL mode definitions.
(Use `node --trace-warnings ...` to show where the warning was created)
  ✅ [SB-1.1] createPlan + listPlans
  ✅ [SB-1.2] periodDays 0 → throw ไทย
  ✅ [SB-2.1] subscribe → ACTIVE + endAt = start+30 วัน
  ✅ [SB-2.2] สมัครซ้อนตอนยัง ACTIVE → throw ไทย
  ✅ [SB-2.3] isActive ณ กลางช่วง = true
  ✅ [SB-2.4] isActive หลังหมดอายุ = false
  ✅ [SB-3.1] expireDue → 1 + สถานะ EXPIRED
  ✅ [SB-3.2] expireDue ซ้ำ → 0 (idempotent)
  ✅ [SB-4.1] หมดอายุแล้วสมัครใหม่ได้
  ✅ [SB-4.2] cancel → CANCELLED + cancelledAt
  ✅ [SB-4.3] cancel ซ้ำ → false

===== QC Subscription =====
ผ่าน 11/11
FINDINGS: CRITICAL 0 · MAJOR 0 · MINOR 0
JSON_SUMMARY {"total":11,"passed":11,"findings":[]}
