[env] qc-clinic-refund · ไฟล์ .env.qc4 · DB ep-frosty-lab-aoylqlv8-pooler.c-2.ap-southeast-1.aws.neon.tech
(node:1167898) Warning: SECURITY WARNING: The SSL modes 'prefer', 'require', and 'verify-ca' are treated as aliases for 'verify-full'.
In the next major version (pg-connection-string v3.0.0 and pg v9.0.0), these modes will adopt standard libpq semantics, which have weaker security guarantees.

To prepare for this change:
- If you want the current behavior, explicitly use 'sslmode=verify-full'
- If you want libpq compatibility now, use 'uselibpqcompat=true&sslmode=require'

See https://www.postgresql.org/docs/current/libpq-ssl.html for libpq SSL mode definitions.
(Use `node --trace-warnings ...` to show where the warning was created)
  ✅ [RF-3.1] refund ก่อนเก็บเงิน (OPEN) → ok:false + ยัง OPEN
  ✅ [RF-1.0] ก่อน refund: BILLED + posSale PAID + สต็อกยา 100→90 + รายได้ net>0
  ✅ [RF-1.1] refund ok:true
  ✅ [RF-1.2] visit → REFUNDED + refundedAt ตั้ง (ไม่ลบ record)
  ✅ [RF-1.3] posSale → VOIDED (กลับเส้นเงิน)
  ✅ [RF-1.4] outbox pos.sale.voided ≥1
  ✅ [RF-1.5] คืนยาเข้าคลัง 90→100 (คืนเท่าที่ตัด)
  ✅ [RF-1.6] ต้นทุนถัวเฉลี่ยไม่เพี้ยน (200)
  ✅ [RF-1.7] movement คืนยา type IN idempotencyKey ผูก visit+item (1 รายการ)
  ✅ [RF-1.8] GL รายได้ 4000 net=0 (คืนครบ)
  ✅ [RF-2.1] refund ซ้ำ → ok:false (ไม่ทำซ้ำ)
  ✅ [RF-2.2] สต็อกยาไม่เบิ้ล (ยัง 100) + void ไม่เพิ่ม + IN movement ยัง 1
  ✅ [RF-4.1] cross-tenant refund → ok:false + visit t1 ยัง BILLED (ไม่ถูกคืน)

===== QC Clinic Refund =====
ผ่าน 13/13
FINDINGS: CRITICAL 0 · MAJOR 0 · MINOR 0
JSON_SUMMARY {"total":13,"passed":13,"findings":[]}
