
═══ QC CRM v2 · C2.9 — business-module events ═══
[env] DB ep-frosty-lab-aoylqlv8-pooler.c-2.ap-southeast-1.aws.neon.tech · tag qc-c29-qchqlz

── S0 · structure ──
  ✅ [C2.9-S0.1] R-D: `crm-bridges/business.ts` exists and exports ONE handler `onBusinessEvent` re-exported from crm-bridges/index.ts · the CRM writers it must use exist on the facade: `crm.activities.recordBusinessActivityOnce` (one activity per source row) and `crm.contacts.markCustomerFromBridge` (lifecycle) — the bridge never writes CRM tables with raw prisma (folder rule 6)
(node:1174602) Warning: SECURITY WARNING: The SSL modes 'prefer', 'require', and 'verify-ca' are treated as aliases for 'verify-full'.
In the next major version (pg-connection-string v3.0.0 and pg v9.0.0), these modes will adopt standard libpq semantics, which have weaker security guarantees.

To prepare for this change:
- If you want the current behavior, explicitly use 'sslmode=verify-full'
- If you want libpq compatibility now, use 'uselibpqcompat=true&sslmode=require'

See https://www.postgresql.org/docs/current/libpq-ssl.html for libpq SSL mode definitions.
(Use `node --trace-warnings ...` to show where the warning was created)
  ✅ [C2.9-S0.2] C2.9 has NO migration (R-C.1: exactly three, a/b/c): the DB enums are untouched — CrmActivityType still has VISIT and NO "PURCHASE", CrmActivitySource still has AUTO and no BUSINESS value, CrmLifecycleStage still has CUSTOMER/CHURNED, and no fourth *_crm_v2_* migration folder appeared [mechanical]
  ✅ [C2.9-S0.3] the 3 registries as ONE block per file (`// CRM C2.9 ▸ … ◂`): each of the 6 new types is declared EXACTLY ONCE in AUTOMATION_EVENTS with a Thai label, is reachable in WEBHOOK_EVENTS through the spread (never re-declared in webhooks/labels.ts), and all 8 types (6 new + booking.completed + shop.order.paid) have a consumer — a type without a consumer leaves the row PENDING for ever and stalls the queue
  ✅ [C2.9-S0.4] folder rules of crm-bridges (core.ts header · static rule of qc-crm-c1.11 S6.10): EVERY exported on* handler of business.ts asks the GATE (openCrmSystems / crmGate+bridgeOpen) BEFORE it reads or writes anything · no raw prisma write on a CRM table · the sites are marked `// AUDIT-CLASS X1 / X4 / X8` [static]

── S1 · ticket (ticket.order.paid) ──
  ✅ [C2.9-S1.1] ticket: the state change (PENDING → PAID) emits ONE `ticket.order.paid` with key `ticket.order.paid#<id>`, payload carrying the row id + unitId (ids only — no name/phone) · and it is emitted INSIDE the same transaction: with a fault injected on the OutboxEvent insert (a trigger that raises only for this tenant + this type) the state change ROLLS BACK with it (status stays PENDING, no event)
  ✅ [C2.9-S1.2] ticket: `ticket.order.paid` is in all 3 registries — declared once in AUTOMATION_EVENTS with a Thai label, present in WEBHOOK_EVENTS (through the spread), a consumer registered — and the emit in src/lib/modules/ticket/service.ts is written as `emitOutbox(tx, …)` inside that module's `$transaction` (never emitOutboxOutsideTx) [static + runtime]
  ✅ [C2.9-S1.3] ticket: the CRM extra of the `ticket.order.paid` consumer writes EXACTLY ONE CrmActivity on the contact that shares the transaction's Party (type VISIT · source AUTO · sourceRef carrying the row id · a Thai title with no customer data) and moves the contact's lifecycle LEAD → CUSTOMER with lastActivityAt set — delivering the event once, again and 3× in parallel changes nothing (AUDIT-CLASS X4)

── S2 · rental (rental.returned) ──
  ✅ [C2.9-S2.1] rental: the state change (PICKED_UP → RETURNED) emits ONE `rental.returned` with key `rental.returned#<id>`, payload carrying the row id + unitId (ids only — no name/phone) · and it is emitted INSIDE the same transaction: with a fault injected on the OutboxEvent insert (a trigger that raises only for this tenant + this type) the state change ROLLS BACK with it (status stays PICKED_UP, no event)
  ✅ [C2.9-S2.2] rental: `rental.returned` is in all 3 registries — declared once in AUTOMATION_EVENTS with a Thai label, present in WEBHOOK_EVENTS (through the spread), a consumer registered — and the emit in src/lib/modules/rental/service.ts is written as `emitOutbox(tx, …)` inside that module's `$transaction` (never emitOutboxOutsideTx) [static + runtime]
  ✅ [C2.9-S2.3] rental: the CRM extra of the `rental.returned` consumer writes EXACTLY ONE CrmActivity on the contact that shares the transaction's Party (type VISIT · source AUTO · sourceRef carrying the row id · a Thai title with no customer data) and moves the contact's lifecycle LEAD → CUSTOMER with lastActivityAt set — delivering the event once, again and 3× in parallel changes nothing (AUDIT-CLASS X4)

── S3 · school (school.enrolled) ──
  ✅ [C2.9-S3.1] school: the state change (ENROLLED → PAID) emits ONE `school.enrolled` with key `school.enrolled#<id>`, payload carrying the row id + unitId (ids only — no name/phone) · and it is emitted INSIDE the same transaction: with a fault injected on the OutboxEvent insert (a trigger that raises only for this tenant + this type) the state change ROLLS BACK with it (status stays ENROLLED, no event)
  ✅ [C2.9-S3.2] school: `school.enrolled` is in all 3 registries — declared once in AUTOMATION_EVENTS with a Thai label, present in WEBHOOK_EVENTS (through the spread), a consumer registered — and the emit in src/lib/modules/school/service.ts is written as `emitOutbox(tx, …)` inside that module's `$transaction` (never emitOutboxOutsideTx) [static + runtime]
  ✅ [C2.9-S3.3] school: the CRM extra of the `school.enrolled` consumer writes EXACTLY ONE CrmActivity on the contact that shares the transaction's Party (type VISIT · source AUTO · sourceRef carrying the row id · a Thai title with no customer data) and moves the contact's lifecycle LEAD → CUSTOMER with lastActivityAt set — delivering the event once, again and 3× in parallel changes nothing (AUDIT-CLASS X4)

── S4 · hotel (hotel.checked_out) ──
  ✅ [C2.9-S4.1] hotel: the state change (CHECKED_IN → CHECKED_OUT) emits ONE `hotel.checked_out` with key `hotel.checked_out#<id>`, payload carrying the row id + unitId (ids only — no name/phone) · and it is emitted INSIDE the same transaction: with a fault injected on the OutboxEvent insert (a trigger that raises only for this tenant + this type) the state change ROLLS BACK with it (status stays CHECKED_IN, no event)
  ✅ [C2.9-S4.2] hotel: `hotel.checked_out` is in all 3 registries — declared once in AUTOMATION_EVENTS with a Thai label, present in WEBHOOK_EVENTS (through the spread), a consumer registered — and the emit in src/lib/modules/hotel/service.ts is written as `emitOutbox(tx, …)` inside that module's `$transaction` (never emitOutboxOutsideTx) [static + runtime]
  ✅ [C2.9-S4.3] hotel: the CRM extra of the `hotel.checked_out` consumer writes EXACTLY ONE CrmActivity on the contact that shares the transaction's Party (type VISIT · source AUTO · sourceRef carrying the row id · a Thai title with no customer data) and moves the contact's lifecycle LEAD → CUSTOMER with lastActivityAt set — delivering the event once, again and 3× in parallel changes nothing (AUDIT-CLASS X4)

── S5 · clinic (clinic.visit.done) ──
  ✅ [C2.9-S5.1] clinic: the state change (OPEN → BILLED) emits ONE `clinic.visit.done` with key `clinic.visit.done#<id>`, payload carrying the row id + unitId (ids only — no name/phone) · and it is emitted INSIDE the same transaction: with a fault injected on the OutboxEvent insert (a trigger that raises only for this tenant + this type) the state change ROLLS BACK with it (status stays OPEN, no event)
  ✅ [C2.9-S5.2] clinic: `clinic.visit.done` is in all 3 registries — declared once in AUTOMATION_EVENTS with a Thai label, present in WEBHOOK_EVENTS (through the spread), a consumer registered — and the emit in src/lib/modules/clinic/service.ts is written as `emitOutbox(tx, …)` inside that module's `$transaction` (never emitOutboxOutsideTx) [static + runtime]
  ✅ [C2.9-S5.3] clinic: the CRM extra of the `clinic.visit.done` consumer writes EXACTLY ONE CrmActivity on the contact that shares the transaction's Party (type VISIT · source AUTO · sourceRef carrying the row id · a Thai title with no customer data) and moves the contact's lifecycle LEAD → CUSTOMER with lastActivityAt set — delivering the event once, again and 3× in parallel changes nothing (AUDIT-CLASS X4)

── S6 · queue (queue.served) ──
  ✅ [C2.9-S6.1] queue: the state change (CALLED → DONE) emits ONE `queue.served` with key `queue.served#<id>`, payload carrying the row id + unitId (ids only — no name/phone) · and it is emitted INSIDE the same transaction: with a fault injected on the OutboxEvent insert (a trigger that raises only for this tenant + this type) the state change ROLLS BACK with it (status stays CALLED, no event)
  ✅ [C2.9-S6.2] queue: `queue.served` is in all 3 registries — declared once in AUTOMATION_EVENTS with a Thai label, present in WEBHOOK_EVENTS (through the spread), a consumer registered — and the emit in src/lib/modules/queue/service.ts is written as `emitOutbox(tx, …)` inside that module's `$transaction` (never emitOutboxOutsideTx) [static + runtime]
  ✅ [C2.9-S6.3] queue: the CRM extra of the `queue.served` consumer writes EXACTLY ONE CrmActivity on the contact that shares the transaction's Party (type VISIT · source AUTO · sourceRef carrying the row id · a Thai title with no customer data) and moves the contact's lifecycle LEAD → CUSTOMER with lastActivityAt set — delivering the event once, again and 3× in parallel changes nothing (AUDIT-CLASS X4)

── S7 · booking (booking.completed) ──
  ✅ [C2.9-S7.1] booking: the state change (CONFIRMED → DONE) emits ONE `booking.completed` with key `booking.completed#<id>`, payload carrying the row id + unitId (ids only — no name/phone) · and it is emitted INSIDE the same transaction: with a fault injected on the OutboxEvent insert (a trigger that raises only for this tenant + this type) the state change ROLLS BACK with it (status stays CONFIRMED, no event)
  ✅ [C2.9-S7.2] booking: `booking.completed` is in all 3 registries — declared once in AUTOMATION_EVENTS with a Thai label, present in WEBHOOK_EVENTS (through the spread), a consumer registered — and the emit in src/lib/modules/booking/service.ts is written as `emitOutbox(tx, …)` inside that module's `$transaction` (never emitOutboxOutsideTx) [static + runtime]
  ✅ [C2.9-S7.3] booking: the CRM extra of the `booking.completed` consumer writes EXACTLY ONE CrmActivity on the contact that shares the transaction's Party (type VISIT · source AUTO · sourceRef carrying the row id · a Thai title with no customer data) and moves the contact's lifecycle LEAD → CUSTOMER with lastActivityAt set — delivering the event once, again and 3× in parallel changes nothing (AUDIT-CLASS X4)

── S8 · shop (shop.order.paid) ──
  ✅ [C2.9-S8.1] shop: the state change (PENDING_PAYMENT → PAID) emits ONE `shop.order.paid` with key `shop.order.paid#<id>`, payload carrying the row id + unitId (its existing payload keeps customerName/customerPhone — R-E.17, the shop module's debt) · and it is emitted INSIDE the same transaction: with a fault injected on the OutboxEvent insert (a trigger that raises only for this tenant + this type) the posSaleId link + the event roll back together (the PENDING_PAYMENT→PAID claim of shop/service.ts sits in an EARLIER statement — a debt of the shop module recorded in the addendum, not fixed here)
  ✅ [C2.9-S8.2] shop: `shop.order.paid` is in all 3 registries — declared once in AUTOMATION_EVENTS with a Thai label, present in WEBHOOK_EVENTS (through the spread), a consumer registered — and the emit in src/lib/modules/shop/service.ts is written as `emitOutbox(tx, …)` inside that module's `$transaction` (never emitOutboxOutsideTx) [static + runtime]
  ✅ [C2.9-S8.3] shop: the CRM extra of the `shop.order.paid` consumer writes EXACTLY ONE CrmActivity on the contact that shares the transaction's Party (type VISIT · source AUTO · sourceRef carrying the row id · a Thai title with no customer data) and moves the contact's lifecycle LEAD → CUSTOMER with lastActivityAt set — delivering the event once, again and 3× in parallel changes nothing (AUDIT-CLASS X4)

── S9 · partyId at creation ──
  ✅ [C2.9-S9.1] partyId at creation (C1.1 · the 9 write sites of R-C.2): the 8 transactions this run created through the modules' own creation functions each carry a Party — TicketOrder · RentalBooking · SchoolEnrollment · HotelReservation · ClinicVisit · QueueTicket · Appointment · ShopOrder — plus PatientRecord (the 9th site) · nothing is backfilled by this oracle
  ✅ [C2.9-S9.2] the party link is written through the party facade (`safeFindOrCreate`) in all 8 modules and can never break the business transaction (the helper swallows its own failure — a Party that cannot be resolved is left null for the `party-links` backfill, it never throws into the caller) [static]
  ✅ [C2.9-S9.3] the point of the central Party: a shop order and a queue ticket made with the SAME phone land on the SAME Party, so ONE CRM contact collects an activity from BOTH modules (2 activities, 2 different sourceRefs) — this is what makes the 360 timeline whole

── S10 · shape · lifecycle · no contact ──
  ✅ [C2.9-S10.1] the activity written from a business event follows the C1.8 shape: sourceRef = the source row id (the X4 flag), source AUTO (never MANUAL), doneAt/startAt set (it already happened, it is not a task), title Thai without customer data, an AuditLog row `crm.activity.*` with actorType SYSTEM, and NO `crm.activity.logged` event (the source module already announced the event — two announcements = two timeline rows)
  ✅ [C2.9-S10.2] lifecycle moves FORWARD only: a contact already CUSTOMER stays CUSTOMER (no pointless write, no downgrade) · `markCustomerFromBridge` on a LOST contact leaves it LOST (the shop decides that one) and answers 0 rows — LEAD/PROSPECT/CHURNED are the only stages it promotes
  ✅ [C2.9-S10.3] a transaction whose Party has NO CRM contact (a walk-in buyer): the consumer resolves without error and writes NOTHING — no lead is invented (turning every walk-in into a lead is C2.4/C2.6 work, behind their own switches) and no orphan activity is created

── S10.4–S10.8 · win-back · per-system · no-POS gate · late Party · static ──
  ✅ [C2.9-S10.4] win-back: a contact promoted to CUSTOMER by one business event, put back to CHURNED through the CRM service, is promoted AGAIN by a second business event on another source row — and the second promotion is ANNOUNCED like the first: a NEW `crm.contact.updated` outbox row with a DISTINCT idempotency key (a fixed key per contact makes `emitOutbox` swallow every later win-back silently ⇒ automations/webhooks/journeys never hear that the customer came back) and an AuditLog row with actorType SYSTEM whose `before.lifecycleStage` is CHURNED (the audit must say where the contact came back FROM)
  ✅ [C2.9-S10.5] a shop running TWO CRM systems (both uiVersion 2 with the bridges on) whose contacts point at the SAME Party: ONE business event writes exactly ONE VISIT activity in EACH system — 2 in the tenant, never 1 (the first system winning the flag) and never 4 (a per-contact loop that re-reads the same flag) — promotes BOTH contacts to CUSTOMER with exactly ONE lifecycle audit each, and delivering the event again plus 3× in parallel adds nothing in either system
  ✅ [C2.9-S10.6] a shop that never opened POS: `rental.returnAsset` (PICKED_UP) · `school.markPaid` (ENROLLED) · `clinic.billVisit` with a fee > 0 (OPEN) all refuse with the Thai "เปิดระบบขาย (POS) …" message BEFORE touching anything — the status is unchanged, ZERO events of that type exist and a full outbox drain produces ZERO VISIT activities (a gate placed AFTER the claim + emit would leave a cancelled transaction announced in the queue, and the customer timeline would say "returned / paid / visit done" for something that never happened) · `clinic.billVisit` with fee 0 opens no bill so it needs no POS ⇒ BILLED + exactly 1 event · positive control: the same rental return in the tenant that HAS POS reaches RETURNED and emits its one event
  ✅ [C2.9-S10.7] a business event whose source row has NO `partyId` yet (the C1.1 linker swallows its own failure by design): the bridge writes NOTHING (0 activities, the contact of that very phone keeps its LEAD stage — it must not be found by name/phone instead) and the event RESOLVES, but it does not disappear silently either — exactly ONE WARN OpsEvent of this run names that row so the `party-links` backfill can pick it up, and it carries ids only (no name/phone/e-mail · Thai message)
  ✅ [C2.9-S10.8] ONE source of truth for each rule [static]: `markCustomerFromBridge` decides which stages it may promote by asking `canAdvanceLifecycle` (`crm/rules.ts` — the owner of the lifecycle rule since C1.4) instead of repeating a literal ["LEAD","PROSPECT","CHURNED"] array that the next lifecycle ruling would silently leave behind · `recordBusinessActivityOnce` asks `resolveSystem` (the AUDIT-CLASS X1 door of every other writer in `crm/activities.ts`: the systemId must be a CRM system OF THAT TENANT) BEFORE it opens its write transaction, so a bridge handed a foreign or non-CRM systemId writes nothing

── X1 · scope ──
  ✅ [C2.9-X1.1] a forged event: tenant B's order id delivered under tenant A's tenantId ⇒ NOTHING anywhere — no activity in A (the id is resolved under the event's tenant, never globally) and B's own contact is untouched by A's delivery · the consumer still resolves (a forged id is not a crash)
  ✅ [C2.9-X1.2] a SECOND CRM system of the same tenant that has no contact for that Party gets nothing (0 activities, 0 contacts) — the bridge writes only where the Party really has a contact, it does not fan out a copy into every CRM system of the shop
  ✅ [C2.9-X1.3] the activity lands on the contact of THAT Party only: an unrelated contact of the same CRM system (another phone, another Party) has no activity from any of the 8 events this run fired

── X4 · replay · compose ──
  ✅ [C2.9-X4.1] a FRESH `hotel.checked_out` delivered 4× IN PARALLEL as its first delivery ⇒ exactly ONE CrmActivity and ONE lifecycle promotion (the flag — advisory lock on the sourceRef + the prior-row check inside the write transaction — comes before the write, lesson H5) · every delivery resolves
  ✅ [C2.9-X4.2] order does not matter: the event delivered BEFORE the CRM contact existed writes nothing (and resolves), and a redelivery after the contact appears writes exactly ONE activity — a second redelivery adds none (the dedupe key is (system, contact, sourceRef), not "have I seen this event")
  ✅ [C2.9-COMPOSE.1] the compose contract of C1.8 on the two EXTENDED consumers: `booking.completed` still resolves with the CRM extra appended (the member-side effects of M2.3/M3.x are untouched — no MemberActivity row disappears) and an event whose ids resolve to nothing at all (ghost appointment) still resolves instead of failing the queue — a failing extra is a WARN, never the main consumer's death

── X8 · PDPA ──
  ✅ [C2.9-X8.1] the SIX new payloads are ids only: no name/phone/e-mail value of this run appears in any of them and no key looks like personal data (`*name*`, `*phone*`, `*email*`, `*address*`) — `shop.order.paid` keeps its own customerName/customerPhone as the shop module's documented debt (R-E.17) and is excluded here
  ✅ [C2.9-X8.2] the clinic event says "a visit happened" and nothing more: no symptom/diagnosis/allergy/drug/fee key in the payload, the symptom text of this run appears nowhere in it, and the CRM activity it creates carries neither the symptom nor any body text (health data must not leak into a sales timeline)
  ✅ [C2.9-X8.3] the CRM side reads by ID only: `crm-bridges/business.ts` never touches `customerName`/`customerPhone` of `shop.order.paid` (nor any other module's name/phone field — it resolves the Party from the row) and no OpsEvent written during this run carries a name/phone/e-mail [static + runtime]

── U · uiVersion 1 · bridgesEnabled ──
  ✅ [C2.9-U.1] uiVersion 1 (R-E.14 · gate first): the business module still works exactly as before — the order is PAID and the event IS emitted (the module does not know about CRM) — but the CRM extra writes nothing: 0 activities, the contact keeps its LEAD stage, and the event resolves (it is not left PENDING)
  ✅ [C2.9-U.2] the kill switch is real: uiVersion 2 with `bridgesEnabled: false` ⇒ the same event still writes nothing (0 activities) and still resolves — the gate is asked before anything is read, so flipping the switch takes effect immediately (no cached answer)
  ✅ [C2.9-U.3] back at uiVersion 2 with the bridges on, the SAME kept event finally writes its one activity and promotes the contact to CUSTOMER — nothing was lost while the shop was on v1 (the rows were kept, R-E.14)
  ✅ [C2.9-CLEAN] the oracle gives the QC database back exactly as found — the fault-injector trigger and function are dropped, every throwaway tenant (8 business transactions, their Parties, CRM rows, outbox events) and the throwaway users are gone

🟢 C2.9: 52/52
JSON_SUMMARY {"total":52,"passed":52,"findings":[]}
