(node:1161979) Warning: SECURITY WARNING: The SSL modes 'prefer', 'require', and 'verify-ca' are treated as aliases for 'verify-full'.
In the next major version (pg-connection-string v3.0.0 and pg v9.0.0), these modes will adopt standard libpq semantics, which have weaker security guarantees.

To prepare for this change:
- If you want the current behavior, explicitly use 'sslmode=verify-full'
- If you want libpq compatibility now, use 'uselibpqcompat=true&sslmode=require'

See https://www.postgresql.org/docs/current/libpq-ssl.html for libpq SSL mode definitions.
(Use `node --trace-warnings ...` to show where the warning was created)
{
 "tag": "qc-hunt54a-qqqqqfeq",
 "H1_meHistory": [
  "purchase: ซื้อบิล | ซื้อ ฿100",
  "purchase: ปิดดีลสำเร็จ | ปิดดีล \"ดีลภายใน-กำไร40%\" สำเร็จ · ฿123,456"
 ],
 "H1_listActivity": [
  "pos/PURCHASE: ซื้อ ฿100"
 ],
 "H2": {
  "first": 422,
  "retry": 422,
  "replayed": "true",
  "handlerRuns": 1
 },
 "tenantsLeft": 0
}
