(node:2800267) Warning: SECURITY WARNING: The SSL modes 'prefer', 'require', and 'verify-ca' are treated as aliases for 'verify-full'.
In the next major version (pg-connection-string v3.0.0 and pg v9.0.0), these modes will adopt standard libpq semantics, which have weaker security guarantees.

To prepare for this change:
- If you want the current behavior, explicitly use 'sslmode=verify-full'
- If you want libpq compatibility now, use 'uselibpqcompat=true&sslmode=require'

See https://www.postgresql.org/docs/current/libpq-ssl.html for libpq SSL mode definitions.
(Use `node --trace-warnings ...` to show where the warning was created)

── E PDPA erase × AiMemory / AiPlan / SupportCase ──
  ✅ [E0.1] (control) control (premise): 7 memories exist (u~A ×3 · u~B · o~OWNER · legacy · s~job), 6 of them name the person
        — ACTUAL rows=7 withPerson=6 ownerFact={"จำแล้ว":"สมหญิง qc-cf18-uqbxeeaf เป็นลูกค้าประจำของร้าน","id":"o~cmuqrqhxr0001… ids=["u~","u~","u~","o~","cm","s~","u~"]
  ✅ [E0.2] (control) control (mechanism): before the erase the prompts of A (private: phone), B (private: name) and OWNER (shop fact: name) carry the person
        — ACTUAL A=["0831885006","สมหญิง qc-cf18-uqbxeeaf","somying-uqbxeeaf@cust.qc.invalid"] B=["สมหญิง qc-cf18-uqbxeeaf"] O=["สมหญิง qc-cf18-uqbxeeaf"] support={"caseNo":1,"ตอบผู้ใช้":"รับทราบความต้องการแล้วครับ ทีมงานจะ…
  ✅ [E1.0] (control) control: erase succeeded, contact row anonymised
        — ACTUAL erased=true counts.aiMessages=8 notifications=0
  ✅ [E1.1] (control) control: AI messages / conversation title are still masked by the erase
        — ACTUAL msgs=["ช่วยจำว่า [ข้อมูลถูกลบ] เบอร์ [ข้อมูลถูกลบ]"] title="นัด [ข้อมูลถูกลบ]"
  ❌ [E1.2] (FINDING) FINDING: no AiMemory row (private of A and B · OWNER shop fact · legacy · job row) still holds the phone / name / e-mail
        — ACTUAL left=6 · ["u~: ลูกค้า สมหญิง qc-cf18-uqbxeeaf โทร 0831885006 อีเมล somying-…","u~: สมหญิง qc-cf18-uqbxeeaf 0831885006","u~: สมหญิง qc-cf18-uqbxeeaf ขอให้โทรช่วงบ่าย","o~: สมหญิง qc-cf18-uqbxeeaf เป็นลูกค้าประจำของร้าน","cm: สมหญิง qc-cf18-uqbxeeaf เป็นลูกค้า VIP ของร้าน ให้ส่วนลดเสมอ","s~: สรุปเช้า: สมหญิง qc-cf18-uqbxeeaf ยังไม่ได้จ่าย","u~: ร้านปิดทุกวันจันทร์ qc-cf18-uqbxeeaf"]
  ❌ [E1.3] (FINDING) FINDING: memories keep their other content with the mask (u~ ×2 owners, o~, legacy, s~ masked in place, 'ชอบโปรวันศุกร์' kept)
        — ACTUAL maskedKinds=[] uRows=4
  ❌ [E1.4] (FINDING) FINDING: the memory that was nothing but the person ('<name> <phone>') is deleted (7 → 6 rows)
        — ACTUAL rows=7
  ✅ [E1.5] (control) control: an unrelated memory is untouched (content and updatedAt)
        — ACTUAL "ร้านปิดทุกวันจันทร์ qc-cf18-uqbxeeaf"
  ❌ [E1.6] (FINDING) FINDING: the next system prompt of A, B and OWNER carries none of the erased tokens
        — ACTUAL A=["0831885006","สมหญิง qc-cf18-uqbxeeaf","somying-uqbxeeaf@cust.qc.invalid"] B=["สมหญิง qc-cf18-uqbxeeaf"] O=["สมหญิง qc-cf18-uqbxeeaf"]
  ❌ [E1.7] (FINDING) FINDING: the pending plan holds no token (title · summary · payload incl. arrays) and is retired (EXPIRED); structure/kinds/numbers intact
        — ACTUAL plan={"title":"โทรนัด สมหญิง qc-cf18-uqbxeeaf","stepsJson":[{"kind":"booking_create_appointment","status":"PENDING","payload":{"qty":2,"tags":["vip","สมหญิง qc-cf18-uqbxeeaf"],"phone":"0831885006","customerName":"สมหญิง qc-cf18-uqbxeeaf"},"summary":"นัด \"สมหญิง qc…
  ❌ [E1.8] (FINDING) FINDING: the finished plan (DONE) holds no token and keeps its status
        — ACTUAL plan={"title":"ปิดยอดวันนี้","stepsJson":[{"kind":"booking_create_appointment","note":"นัดแล้ว สมหญิง qc-cf18-uqbxeeaf","status":"DONE","payload":{"email":"somying-uqbxeeaf@cust.qc.invalid"},"summary":"นัด…
  ✅ [E1.9] (control) control: an unrelated pending plan is untouched (PENDING, same title)
        — ACTUAL plan={"title":"ตรวจสต็อก qc-cf18-uqbxeeaf","stepsJson":[{"kind":"booking_create_appointment","status":"PENDING","payload":{"n…
  ❌ [E1.10] (FINDING) FINDING: the support case the assistant opened (subject + first message) no longer holds the phone / name
        — ACTUAL cases=[{"subject":"ลูกค้า สมหญิง qc-cf18-uqbxeeaf แจ้งปัญหาใบเสร็จ","messages":[{"body":"ลูกค้าโทร 0831885006 บอกว่าใบเสร็จไม่ออก"}]}]
  ✅ [E1.11] (control) control: re-erase runs clean (no throw) and leaves the masked memories as they were
        — ACTUAL re={"contactId":"cmuqrqi5a000cp7kzndiyekph","partyId":"cmuqrqi4y000bp7kzujslrxuh","erased":false,"counts":null,"followUp":"DONE","memberSkipped":false,"memberPendi…
  ℹ️  [E1.12] erase counts {"emails":0,"activities":0,"recordings":0,"files":0,"webSessions":0,"clicks":0,"portal":0,"proposals":0,"notifications":0,"customValues":0,"records":0,"consents":0,"fileLinks":0,"mergedContacts":0,"partyAnonymised":true,"memberErased":false,"formSubmissions":0,"aiMessages":8,"kanban":0,"auditScrubbed":0,"exportsWithdrawn":0} · files deleted 0

── P CRM proposal door × G2 rooms ──
  ✅ [P0.1] (control) control (premise): A's chat turns left 5 pending crm.* proposals in A's own room
        — ACTUAL {"id":"cmuqrqmdk001ap7kzm37kak8i","kind":"crm.contacts.create","status":"PENDING"}
  ❌ [P1.1] (FINDING) FINDING: staff B cannot cancel A's chat-room proposal (reject door) — answer identical to a non-existent id, row stays PENDING
        — ACTUAL door={"handled":true,"ok":true,"note":"ยกเลิกข้อเสนอแล้ว"} ghost={"handled":false,"ok":false,"note":""} status=REJECTED
  ❌ [P1.2] (FINDING) FINDING: staff B cannot confirm it through the CRM page door — same refusal as a non-existent id, row stays PENDING
        — ACTUAL B={"ok":true,"note":"เพิ่มผู้ติดต่อ (lead)เรียบร้อยแล้ว — \"ลูกค้าสอง qc-cf18-uqbxeeaf\""} ghost={"ok":false,"refused":"ไม่พบข้อเสนอนี้ในระบบ CRM ที่เปิดอยู่ (อาจถูกจัดการไปแล้วหรืออยู่คนละระบบ)","code":"NOT_FOUND"} status=EXECUTED
  ❌ [P1.3] (FINDING) FINDING: the OWNER is not a viewer of A's u~ room either (G2) — page confirm and reject door answer 'not found', row stays PENDING
        — ACTUAL owner confirm={"ok":true,"note":"เพิ่มผู้ติดต่อ (lead)เรียบร้อยแล้ว — \"ลูกค้าสาม qc-cf18-uqbxeeaf\""} reject={"handled":true,"ok":false,"note":"ข้อเสนอนี้ถูกจัดการไปแล้วจากอีกหน้าจอหนึ่ง — รีเฟรชหน้าเพื่อดูผลล่าสุด"} status=EXECUTED
  ✅ [P0.2] (control) control: A (room creator) confirms her own proposal through the CRM door
        — ACTUAL A={"ok":true,"note":"เพิ่มผู้ติดต่อ (lead)เรียบร้อยแล้ว — \"ลูกค้าสี่ qc-cf18-uqbxeeaf\""} status=EXECUTED
  ✅ [P0.3] (control) control: A cancels her own chat-room proposal through the reject door
        — ACTUAL {"handled":true,"ok":true,"note":"ยกเลิกข้อเสนอแล้ว"}
  ✅ [P0.4] (control) control: pseudo-room rows keep the old door rule — staff B (has crm.contact.create) cancels a card-scan row and a page-button row
        — ACTUAL card={"handled":true,"ok":true,"note":"ยกเลิกข้อเสนอแล้ว"} page={"handled":true,"ok":true,"note":"ยกเลิกข้อเสนอแล้ว"}
  ✅ [P0.5] (control) control (premise + K: write tools stay for keys): the key's write tool answers 200 pendingConfirmation and leaves a proposal in a k~ room
        — ACTUAL status=200/200 conv=k~cmuqrqnsq002lp7kz4lm54e53~1b…
  ❌ [P1.4] (FINDING) FINDING: staff B cannot cancel a key-room (k~) proposal — aligned with executeProposal (OWNER only), same answer as a non-existent id
        — ACTUAL B={"handled":true,"ok":true,"note":"ยกเลิกข้อเสนอแล้ว"}
  ✅ [P0.6] (control) control: the OWNER cancels a key-room proposal (route contract: the owner confirms in the app)
        — ACTUAL {"handled":true,"ok":true,"note":"ยกเลิกข้อเสนอแล้ว"}

── C {{contact.companyName}} × sender's company visibility ──
  ✅ [C0.1] (control) control (fix10 rule): A gets no company text for y (linked company hidden from A)
        — ACTUAL A=null
  ❌ [C1.1] (FINDING) FINDING: A's composer mail (subject + body) does not spell out the hidden company's name (rendered as empty, like 'no company')
        — ACTUAL mail={"subject":"Re: qc-cf18-uqbxeeaf บริษัทลับ qc-cf18-uqbxeeaf","bodyHtml":"<p>ฝ่ายจัดซื้อ บริษัทลับ qc-cf18-uqbxeeaf — แนบใบเสนอราคาค่ะ</p>","bodyText":"ฝ่ายจัดซื้อ บริษัทลับ qc-cf18-uqbxeeaf — แนบใบเสน…
  ❌ [C1.2] (FINDING) FINDING: A's template mail (subject + body) does not spell out the hidden company's name
        — ACTUAL mail={"subject":"ใบเสนอราคา บริษัทลับ qc-cf18-uqbxeeaf","bodyHtml":"<p>เรียน วิไล ฝ่ายจัดซื้อ บริษัทลับ qc-cf18-uqbxeeaf</p>","bodyText":"เรียน วิไล ฝ่ายจัดซื้อ บริษัทลับ qc-cf18-uqbxeeaf"}
  ❌ [C1.3] (FINDING) FINDING: the thread A reads back holds no hidden company name
        — ACTUAL outs=2
  ✅ [C0.2] (control) control: the OWNER (sees the company) still gets the company name in composer and template mails
        — ACTUAL owner composer + template
  ✅ [C0.3] (control) control: a system send (sequence / rule sender `sendAsSystem`) keeps the raw company text — the mail goes to the contact
        — ACTUAL {"subject":"ใบเสนอราคา บริษัทลับ qc-cf18-uqbxeeaf","bodyHtml":"<p>เรียน วิไล ฝ่ายจัดซื้อ บริษัทลับ qc-cf18-uqbxeeaf</p>","bodyText":"เรียน วิไล ฝ่ายจัดซื้อ บริษ…
  ✅ [C0.4] (control) control: a contact with company TEXT but no linked company keeps the text for A (fix10: unlinked = original text)
        — ACTUAL {"subject":"Re: qc-cf18-uqbxeeaf","bodyHtml":"<p>ฝ่ายจัดซื้อ ร้านเล็ก qc-cf18-uqbxeeaf</p>","bodyText":"ฝ่ายจัดซื้อ ร้านเล็ก qc-cf18-uqbxeeaf"}

── K CRM-scoped key: manifest vs executor ──
  ❌ [K1.1] (FINDING) FINDING: the manifest no longer advertises CRM read tools to a read-only CRM key (skills list + skills/crm)
        — ACTUAL skills=["crm:3"] skill/crm=200 tools=["crm_search","crm_contact_360","crm_score_explain"]
  ❌ [K1.2] (FINDING) FINDING: calling a CRM read tool with the key answers 403 naming the working path (/api/v1/crm) — no 'open the app and ask again'
        — ACTUAL status=200 body={"tool":"crm_search","skill":"crm","write":false,"result":"{\"error\":\"ผู้ช่วยอ่านข้อมูล CRM ได้เฉพาะเมื่อรู้ว่าใครเป็นคนถาม — เปิดผู้ช่วยจากหน้าแอปแล้วถามอีกครั้ง\"}"}
  ✅ [K0.1] (control) control: a key with a CRM write scope still sees the CRM write tool (crm_create_lead)
        — ACTUAL tools=["crm_create_lead","crm_search","crm_contact_360","crm_score_explain"]
  ❌ [K1.3] (FINDING) FINDING: …and no CRM read tool next to it
        — ACTUAL tools=["crm_create_lead","crm_search","crm_contact_360","crm_score_explain"]
  ✅ [K0.2] (control) control: people keep the CRM tools — staff B is offered crm_search/360/create_lead; OWNER's crm_search returns data
        — ACTUAL offered=["crm_search","crm_contact_360","crm_create_lead"] owner={"contacts":[{"id":"cmuqrqp380035p7kz3kavy4x3","name":"กมล qc-cf18-uqbxeeaf","leadStatus":"NEW","lif…
  ✅ [CLEAN] (control) throwaway tenant, users, system rows and rate buckets removed (0 rows left)
        — ACTUAL - buckets=0

controls 20/20 green · findings GREEN (fixed) 0/17
JSON_SUMMARY {"controls":[["E0.1",true],["E0.2",true],["E1.0",true],["E1.1",true],["E1.5",true],["E1.9",true],["E1.11",true],["P0.1",true],["P0.2",true],["P0.3",true],["P0.4",true],["P0.5",true],["P0.6",true],["C0.1",true],["C0.2",true],["C0.3",true],["C0.4",true],["K0.1",true],["K0.2",true],["CLEAN",true]],"findings":[["E1.2","RED"],["E1.3","RED"],["E1.4","RED"],["E1.6","RED"],["E1.7","RED"],["E1.8","RED"],["E1.10","RED"],["P1.1","RED"],["P1.2","RED"],["P1.3","RED"],["P1.4","RED"],["C1.1","RED"],["C1.2","RED"],["C1.3","RED"],["K1.1","RED"],["K1.2","RED"],["K1.3","RED"]]}
