(node:2924368) Warning: SECURITY WARNING: The SSL modes 'prefer', 'require', and 'verify-ca' are treated as aliases for 'verify-full'.
In the next major version (pg-connection-string v3.0.0 and pg v9.0.0), these modes will adopt standard libpq semantics, which have weaker security guarantees.

To prepare for this change:
- If you want the current behavior, explicitly use 'sslmode=verify-full'
- If you want libpq compatibility now, use 'uselibpqcompat=true&sslmode=require'

See https://www.postgresql.org/docs/current/libpq-ssl.html for libpq SSL mode definitions.
(Use `node --trace-warnings ...` to show where the warning was created)

── S1/S2/S4/S5 erase rules ──
  ✅ [S0.1] (control) control: erase succeeded
        — ACTUAL counts={"emails":0,"activities":0,"recordings":0,"files":0,"webSessions":0,"clicks":0,"portal":0,"proposals":2,"notifications":0,"customValues":0,"records":0,"consents":0,"fileLinks":0,"mergedContacts":0,"pa…
  ✅ [S1.1] (FINDING) FINDING (RV13-1): the scheduled task's instruction no longer holds the name/phone (masked in place, rest kept)
        — ACTUAL {"instruction":"ทุกเช้าเตือนให้โทรหา [ข้อมูลถูกลบ] ที่เบอร์ [ข้อมูลถูกลบ]","active":false}
  ✅ [S1.2] (FINDING) FINDING (RV13-1): a task whose instruction was only the person is deleted (same rule as mask-only memories)
        — ACTUAL null
  ✅ [S1.3] (control) control: unrelated task and the other tenant's task untouched
        — ACTUAL {"instruction":"สรุปยอดขายทุกเช้า qc-cf18-eafcvxdr"} {"instruction":"โทรหา สมหญิง qc-cf18-eafcvxdr 0885270317"}
  ✅ [S2.1] (FINDING) FINDING (RV13-2): the role local part 'support' is not an erase token — unrelated memory and AI message keep 'ทีม support'
        — ACTUAL memory="ลูกค้าส่วนใหญ่ติดต่อทีม support ทางไลน์ qc-cf18-eafcvxdr" msg="แจ้งทีม support ว่าระบบช้า qc-cf18-eafcvxdr"
  ✅ [S2.2] (control) control: the FULL role address is still masked, and a personal local part (previous e-mail) still is a token
        — ACTUAL addr="ส่งเอกสารไปที่ [ข้อมูลถูกลบ] ด้วย" local="ไลน์ไอดีลูกค้า [ข้อมูลถูกลบ] qc-cf18-eafcvxdr"
  ✅ [S5.1] (FINDING) FINDING (RV13-4): the 081-2345678 spelling is masked in memories and AI messages
        — ACTUAL memory="โทรกลับ [ข้อมูลถูกลบ] qc-cf18-eafcvxdr" msg="เบอร์ใหม่ [ข้อมูลถูกลบ]"
  ✅ [S5.2] (FINDING) FINDING (RV13-4): a token used as a JSON key in plan steps is masked; a colliding key is kept apart (no value lost); status kept
        — ACTUAL {"status":"DONE","stepsJson":[{"kind":"booking_create_appointment","status":"DONE","payload":{"notes":{"[ข้อมูลถูกลบ]":"เดิม","[ข้อมูลถูกลบ] #2":"vip"}},"summary":"โน้ต"}]}
  ✅ [S4.1] (FINDING) FINDING (RV13-5): a PENDING non-CRM proposal naming the person is masked (summary + payload) and EXPIRED
        — ACTUAL {"status":"EXPIRED","summary":"นัด [ข้อมูลถูกลบ] โทร [ข้อมูลถูกลบ]","payload":{"phone":"[ข้อมูลถูกลบ]","customerName":"[ข้อมูลถูกลบ]"}}
  ✅ [S4.2] (FINDING) FINDING (RV13-5): a finished non-CRM proposal is masked (resultNote + payload) and keeps EXECUTED
        — ACTUAL {"status":"EXECUTED","resultNote":"นัด [ข้อมูลถูกลบ] แล้ว","payload":{"phone":"[ข้อมูลถูกลบ]"}}
  ✅ [S4.3] (control) control: an unrelated pending proposal is untouched
        — ACTUAL {"status":"PENDING","summary":"นัดคนอื่น qc-cf18-eafcvxdr"}

── S3 public-route wakes ──
  ✅ [S3.1] (FINDING) FINDING (RV13-3): garbage tokens on /u no-track, /u one-click and /t/o schedule no drain
        — ACTUAL no-track=0 one-click=0 open=0
  ✅ [S3.2] (control) control: real writes still wake — a counted open, the first no-track, the first one-click: one drain each
        — ACTUAL open=1 noTrack#1=1 oneClick#1=1 tokens u=true o=true
  ✅ [S3.3] (FINDING) FINDING (RV13-3): repeating no-track / one-click on an already-flipped contact writes nothing and schedules no drain
        — ACTUAL noTrack#2=0 oneClick#2=0

── S6 confirmProposalById parity ──
  ✅ [S6.1] (FINDING) FINDING (RV13-7): confirmProposalById answers a hidden chat-room row byte-identically to an unknown id
        — ACTUAL hidden={"handled":false,"ok":false,"note":""} ghost={"handled":false,"ok":false,"note":""}

── S7 SEQ_TASK company text by assignee ──
  ✅ [S7.1] (FINDING) FINDING (owner Q4): the task assigned to A (company hidden from A) does not name the company
        — ACTUAL {"contactId":"cmuqvydn0001aggkzdog7bl3j","title":"โทรหาฝ่ายจัดซื้อ ","ownerUserId":"cmuqvyb3l0003ggkzwldek5c0"}
  ✅ [S7.2] (control) control: the task assigned to the OWNER (sees the company) names it
        — ACTUAL {"contactId":"cmuqvydnw001dggkzkvyhsdfp","title":"โทรหาฝ่ายจัดซื้อ บริษัทลับ qc-cf18-eafcvxdr","ownerUserId":"cmuqvyb3b0002ggkz9cg3qwzt"}

── S8 erase while a plan is running ──
  ✅ [S8.0] (control) control (premise): the plan was RUNNING when the erase ran, the erase masked it, the run finished
        — ACTUAL status@erase=RUNNING erased=true mid={"stepsJson":[{"kind":"kb_create_article","status":"PENDING","payload":{"body":"… run={"ok":true,"results":[{"summary":"บทความของ แผนวิ่ง qc-cf18-eafcvxdr โทร 0860191126","ok":true,"note":"เพิ่มบทความ \"บทค…
  ✅ [S8.1] (FINDING) FINDING (RUNNING race): after the run's write-back the plan still holds no name/phone (step status written, masked text kept)
        — ACTUAL {"status":"DONE","stepsJson":[{"kind":"kb_create_article","status":"DONE","payload":{"body":"ลูกค้า [ข้อมูลถูกลบ]","title":"บทความ qc-cf18-eafcvxdr"},"summary":"บทความของ [ข้อมูลถูกลบ] โทร [ข้อมูลถูกลบ]"}]}
  ✅ [CLEAN] (control) throwaway tenants, users and rate buckets removed (0 rows left)
        — ACTUAL - buckets=0

controls 8/8 green · findings GREEN (fixed) 12/12
JSON_SUMMARY {"controls":[["S0.1",true],["S1.3",true],["S2.2",true],["S4.3",true],["S3.2",true],["S7.2",true],["S8.0",true],["CLEAN",true]],"findings":[["S1.1","GREEN"],["S1.2","GREEN"],["S2.1","GREEN"],["S5.1","GREEN"],["S5.2","GREEN"],["S4.1","GREEN"],["S4.2","GREEN"],["S3.1","GREEN"],["S3.3","GREEN"],["S6.1","GREEN"],["S7.1","GREEN"],["S8.1","GREEN"]]}
