(node:1047905) Warning: SECURITY WARNING: The SSL modes 'prefer', 'require', and 'verify-ca' are treated as aliases for 'verify-full'.
In the next major version (pg-connection-string v3.0.0 and pg v9.0.0), these modes will adopt standard libpq semantics, which have weaker security guarantees.

To prepare for this change:
- If you want the current behavior, explicitly use 'sslmode=verify-full'
- If you want libpq compatibility now, use 'uselibpqcompat=true&sslmode=require'

See https://www.postgresql.org/docs/current/libpq-ssl.html for libpq SSL mode definitions.
(Use `node --trace-warnings ...` to show where the warning was created)
  ✅ [RV-T1] secret changed between the accepted-but-lost attempt and the redelivery ⇒ the customer's List-Unsubscribe one-click of the mail they HOLD must still opt them out (row hashes must not be overwritten by a non-reproducible attempt)
        — ACTUAL a=FAILED/FAILED/NOT_REPRODUCIBLE row=FAILED/NOT_REPRODUCIBLE accepted=1 calls=["lost"] bodyFieldsDiffer=[] heldMailUnsubWorks=true
  ✅ [RV-T2] owner rotates the CRM inbound key between the accepted-but-lost attempt and the redelivery ⇒ redelivery must still be byte-identical (replayed 200, row SENT with the accepted id)
        — ACTUAL a=FAILED/SENT/undefined row=SENT/null accepted=1 calls=["lost","replay-200"] fieldsDiffer=[] reply_to same
  ✅ [RV-F4] cap full on day 0 (one wait) · paused/resumed · cap full again ONE day a week later ⇒ must wait again (new episode, new step_wait line) — not 'cap full for more than 3 days' STOPPED FAILED
        — ACTUAL mid=ACTIVE waits={"v1:0:cap":"2026-10-01T10:12:26.324Z"} final=ACTIVE/null log=[] audits=["crm.sequence.step_wait","crm.sequence.step_wait"]
  ✅ [RV-W1] an unhandled event type carrying the Message-ID must not back-fill providerId · the genuine complaint that follows still opts the contact out
        — ACTUAL received={"status":200,"handled":false,"reason":"unknown_email"} providerIdAfter=null complaint={"status":200,"handled":true} optOut=true
  ✅ [RV-W2] a complaint about tenant A's mail must never change tenant B's contact (fallback restricted to rows our send path wrote)
        — ACTUAL hook={"status":200,"handled":false,"reason":"unknown_email"} tenantB contact optOut=false
  ✅ [RV-W3] same sender address in both shops + event `from` equal ⇒ tenant B's capture row is still never matched (routing.fromAddr filter) · B's contact untouched
        — ACTUAL hook={"status":200,"handled":false,"reason":"unknown_email"} tenantB optOut=false
  ✅ [RV-X] informational: row counts + plans of the fallback scan and of the (pre-existing) providerId lookup
        — ACTUAL counts={"total":5,"out":5,"out_null":3}
        fallback: Limit  (cost=0.00..13.60 rows=1 width=33) (actual time=0.036..0.036 rows=0.00 loops=1) |   Buffers: shared hit=13 |   ->  Seq Scan on "CrmEmailMessage"  (cost=0.00..13.60 rows=1 width=33) (actual time=0.035..0.035 rows=0.00 loops=1) |         Filter: (("providerId" IS NULL) AND (direction = 'OUT'::"CrmDirection") AND (lower("right"("messageId", 32)) = ':zz-qc-cd2r-xwyfbcdf@shark.in.th'::text)) |         Rows Removed by Filter: 5 |         Buffers: shared hit=13 | Planning Time: 0.091 ms | Execution Time: 0.057 ms
        byProviderId: Limit  (cost=0.00..13.38 rows=1 width=33) (actual time=0.031..0.031 rows=0.00 loops=1) |   Buffers: shared hit=13 |   ->  Seq Scan on "CrmEmailMessage"  (cost=0.00..13.38 rows=1 width=33) (actual time=0.030..0.030 rows=0.00 loops=1) |         Filter: ("providerId" = 're_none_qc-cd2r-xwyfbcdf'::text) |         Rows Removed by Filter: 5 |         Buffers: shared hit=13 | Planning Time: 0.053 ms | Execution Time: 0.051 ms
  ✅ [CLEAN] throwaway tenants and users removed (0 rows left)
        — ACTUAL -

🟢 probe-cd2-review: 8/8
JSON_SUMMARY {"total":8,"passed":8,"findings":[]}
exit=0
