== btn-5c2-manager-commissions start 2026-10-07T23:37:13Z · HEAD cb7405de · iso ISO_MEM=5G · cmd: pnpm exec tsx scripts/qc-crm-buttons.mts --page /settings/commissions --user manager

═══ QC CRM v2 · C4.2 — press everything (registry-driven) ═══
[env] DB tenant cmuy1cvc60000pgkzbjdrbtdz · system cmuy1gmlm0000jikz45h7xblz · answer key /root/projects/shark-crm-c310/scripts/crm-expected.json · users manager · devices desktop,mobile · dry=false · discover=false · pageFilter=/settings/commissions

(node:1746050) Warning: SECURITY WARNING: The SSL modes 'prefer', 'require', and 'verify-ca' are treated as aliases for 'verify-full'.
In the next major version (pg-connection-string v3.0.0 and pg v9.0.0), these modes will adopt standard libpq semantics, which have weaker security guarantees.

To prepare for this change:
- If you want the current behavior, explicitly use 'sslmode=verify-full'
- If you want libpq compatibility now, use 'uselibpqcompat=true&sslmode=require'

See https://www.postgresql.org/docs/current/libpq-ssl.html for libpq SSL mode definitions.
(Use `node --trace-warnings ...` to show where the warning was created)
── ตัวแปรบริบทที่หาค่าจริงไม่ได้ (หน้าที่ต้องใช้ค่านี้จะถูกข้าม) ──
  · [slug (/p)] ไม่มี Page ที่เปิดอยู่และวาง widget CRM ในร้านนี้ (/p/[slug] ข้ามทั้งหน้า)
  · [threadKey] ไม่มี CrmEmailMessage ในซีดนี้ (/emails/[threadKey] ข้ามทั้งหน้า)
  · [sequenceId] ไม่มี CrmSequence ในซีดนี้ (/settings/sequences/[sequenceId] ข้ามทั้งหน้า)
  · [docType/docId] ยังไม่ผูก resolver จริง (1 แถวในทะเบียน) — /app/sys/[id]/account/docs/… ข้ามทั้งหน้าเสมอในตอนนี้
🧩 เพดานอนุมัติค่าคอมของ manager = 1000 บาท ชั่วคราว (คืนตอนจบ · ต้นฉบับใน .qc-shots/c42/fixture-cap.json)
── บันทึกที่แต่ละบทบาทเปิด (เลือกผ่านตัวกรองการมองเห็นของ product) ──
  · owner deal cmuyef7ps00e1v5kze5t0qxhn — ของกลาง (shared pick) · ผ่าน dealWhere() ของ product · owner=thana team=cmuyeerz30002v5kzawz2jb5b
  · owner contact cmuyeesmi001tv5kzqqrzt4wo — ของกลาง (shared pick) · ผ่าน contactWhere() ของ product · owner=thana team=cmuyeerz30002v5kzawz2jb5b
  · owner company cmuyees7l000qv5kztjyrykgo — ของกลาง (shared pick) · ผ่าน companyWhere() ของ product · owner=thana team=cmuyeerz30002v5kzawz2jb5b
  · manager deal cmuyef7ps00e1v5kze5t0qxhn — ของกลาง (shared pick) · ผ่าน dealWhere() ของ product · owner=thana team=cmuyeerz30002v5kzawz2jb5b
  · manager contact cmuyeesmi001tv5kzqqrzt4wo — ของกลาง (shared pick) · ผ่าน contactWhere() ของ product · owner=thana team=cmuyeerz30002v5kzawz2jb5b
  · manager company cmuyees7l000qv5kztjyrykgo — ของกลาง (shared pick) · ผ่าน companyWhere() ของ product · owner=thana team=cmuyeerz30002v5kzawz2jb5b
  · nok deal cmuyefbav00gtv5kzj6ukodzk — ของตัวเอง (ownerUserId = ผู้ใช้) · ผ่าน dealWhere() ของ product · owner=nok team=cmuyees0e0006v5kz0ttc8zc0
  · nok contact cmuyeez6t007dv5kz8isnqhih — ของตัวเอง (ownerUserId = ผู้ใช้) · ผ่าน contactWhere() ของ product · owner=nok team=cmuyees0e0006v5kz0ttc8zc0
  · nok company cmuyeesd9001av5kzsgu5v9wk — ไม่มีคีย์ crm.company.read (companyWhere ว่าง) ⇒ ใช้ของตัวเอง owner=nok — หน้าต้อง 404 ตามคีย์ (registry hiddenFor)
  · thana deal cmuyef7ps00e1v5kze5t0qxhn — ของตัวเอง (ownerUserId = ผู้ใช้) · ผ่าน dealWhere() ของ product · owner=thana team=cmuyeerz30002v5kzawz2jb5b
  · thana contact cmuyeesmi001tv5kzqqrzt4wo — ของตัวเอง (ownerUserId = ผู้ใช้) · ผ่าน contactWhere() ของ product · owner=thana team=cmuyeerz30002v5kzawz2jb5b
  · thana company cmuyees7l000qv5kztjyrykgo — ไม่มีคีย์ crm.company.read (companyWhere ว่าง) ⇒ ใช้ของตัวเอง owner=thana — หน้าต้อง 404 ตามคีย์ (registry hiddenFor)
🌐 QC server http://127.0.0.1:3215 ตอบ HTTP 200
  ✅ pre-flight: ไม่มี webhook ที่เปิด · กฎอัตโนมัติที่เปิดและส่งออกนอกระบบ · โดเมนส่ง · ผู้ให้บริการอีเมล · อุปกรณ์ push ของ persona · payrollLink · ai=mock
🧩 fixtures: portal เปิดชั่วคราว · เลขภาษีบริษัทตัวแทน 0105500000001 → 0105599000001 · โดเมนปลายทางลิงก์ null → ["*.example.com"] (คืนตอนจบ)
📸 snapshot 75 ตาราง · 2630 แถว (tenant cmuy1cvc60000pgkzbjdrbtdz)
  [1/2] manager desktop /settings/commissions — 31/31 ok · 98 วิ
  [2/2] manager mobile /settings/commissions — 31/31 ok · 97 วิ
  ✅ ตรวจซ้ำหลังคืนฐาน (CLEAN): ทุกตาราง (75) ตรง snapshot ทั้งเนื้อหา
🧩 fixtures คืนค่าเดิมแล้ว (portal false · เลขภาษี 0105500000001)
🧩 เพดานอนุมัติค่าคอมของ manager คืนค่าเดิมแล้ว

🧹 คืนฐานครั้งสุดท้าย: ลบ 0 · คืนค่า 0 · สร้างคืน 0 · ค้าง 0 · กวาดแท็ก/session 1

🟢 C4.2: 42/42 · cleanup 0 · outbox 0 · verify 0 · pageErrors 0 · tripwire 0 · hiddenWait 145 s/42 · dead 0 · wrongExpect 0 · hiddenLeak 0 · vacuous 0 · overflow 0 · skippedNeeds 18 · skippedSafety 2
JSON_SUMMARY {"total":42,"passed":42,"disabled":0,"dead":0,"wrongExpect":0,"hiddenLeak":0,"vacuous":0,"consoleErrors":0,"overflow":0,"skippedNeeds":18,"skippedSafety":2,"restoreFailures":0,"cleanupFailures":0,"outboxUnsettled":0,"verifyFailures":0,"pageErrors":0,"tripwire":0,"fatal":null}
== btn-5c2-manager-commissions end 2026-10-07T23:42:53Z rc=0
