== shoot-crm start 2026-10-08T00:07:56Z · HEAD a6a3f800 · iso ISO_MEM=5G · cmd: node apps/mobile/qc/shoot-crm.mjs
Starting Metro Bundler

warning: Bundler cache is empty, rebuilding (this may take a minute)
Web Bundled 21034ms ../qc-shark-mobile/node_modules/expo-router/entry.js (1503 modules)

› Assets (46):
../qc-shark-mobile/node_modules/@expo-google-fonts/ibm-plex-sans-thai/100Thin/IBMPlexSansThai_100Thin.612f651ed49acead5a1cbdfdb3609fcb.ttf (118KB)
../qc-shark-mobile/node_modules/@expo-google-fonts/ibm-plex-sans-thai/200ExtraLight/IBMPlexSansThai_200ExtraLight.e9d6c4807e7b006be612fa46cb2c0096.ttf (117KB)
../qc-shark-mobile/node_modules/@expo-google-fonts/ibm-plex-sans-thai/300Light/IBMPlexSansThai_300Light.38e5ea25918f6ad3b0b1f0a51f7e114d.ttf (116KB)
../qc-shark-mobile/node_modules/@expo-google-fonts/ibm-plex-sans-thai/400Regular/IBMPlexSansThai_400Regular.2eea0ec0699dc71cff6b2013173ec342.ttf (113KB)
../qc-shark-mobile/node_modules/@expo-google-fonts/ibm-plex-sans-thai/500Medium/IBMPlexSansThai_500Medium.6b3c761a6a787f60129545cc6d628cbe.ttf (114KB)
../qc-shark-mobile/node_modules/@expo-google-fonts/ibm-plex-sans-thai/600SemiBold/IBMPlexSansThai_600SemiBold.20ed7ba4b50bfbd0a8a0559b1369ac4d.ttf (114KB)
../qc-shark-mobile/node_modules/@expo-google-fonts/ibm-plex-sans-thai/700Bold/IBMPlexSansThai_700Bold.c9fb8ece6ff78d84ae0e93ed5938a25e.ttf (114KB)
../qc-shark-mobile/node_modules/@expo/vector-icons/build/vendor/react-native-vector-icons/Fonts/AntDesign.3f78af31cca60105799838a1a7a59fbd.ttf (130KB)
../qc-shark-mobile/node_modules/@expo/vector-icons/build/vendor/react-native-vector-icons/Fonts/Entypo.31b5ffea3daddc69dd01a1f3d6cf63c5.ttf (66KB)
../qc-shark-mobile/node_modules/@expo/vector-icons/build/vendor/react-native-vector-icons/Fonts/EvilIcons.140c53a7643ea949007aa9a282153849.ttf (13KB)
../qc-shark-mobile/node_modules/@expo/vector-icons/build/vendor/react-native-vector-icons/Fonts/Feather.ca4b48e04dc1ce10bfbddb262c8b835f.ttf (56KB)
../qc-shark-mobile/node_modules/@expo/vector-icons/build/vendor/react-native-vector-icons/Fonts/FontAwesome.b06871f281fee6b241d60582ae9369b9.ttf (166KB)
../qc-shark-mobile/node_modules/@expo/vector-icons/build/vendor/react-native-vector-icons/Fonts/FontAwesome5_Brands.3b89dd103490708d19a95adcae52210e.ttf (134KB)
../qc-shark-mobile/node_modules/@expo/vector-icons/build/vendor/react-native-vector-icons/Fonts/FontAwesome5_Regular.1f77739ca9ff2188b539c36f30ffa2be.ttf (34KB)
../qc-shark-mobile/node_modules/@expo/vector-icons/build/vendor/react-native-vector-icons/Fonts/FontAwesome5_Solid.605ed7926cf39a2ad5ec2d1f9d391d3d.ttf (203KB)
../qc-shark-mobile/node_modules/@expo/vector-icons/build/vendor/react-native-vector-icons/Fonts/FontAwesome6_Brands.56c8d80832e37783f12c05db7c8849e2.ttf (209KB)
../qc-shark-mobile/node_modules/@expo/vector-icons/build/vendor/react-native-vector-icons/Fonts/FontAwesome6_Regular.370dd5af19f8364907b6e2c41f45dbbf.ttf (68KB)
../qc-shark-mobile/node_modules/@expo/vector-icons/build/vendor/react-native-vector-icons/Fonts/FontAwesome6_Solid.adec7d6f310bc577f05e8fe06a5daccf.ttf (424KB)
../qc-shark-mobile/node_modules/@expo/vector-icons/build/vendor/react-native-vector-icons/Fonts/Fontisto.b49ae8ab2dbccb02c4d11caaacf09eab.ttf (314KB)
../qc-shark-mobile/node_modules/@expo/vector-icons/build/vendor/react-native-vector-icons/Fonts/Foundation.e20945d7c929279ef7a6f1db184a4470.ttf (57KB)
../qc-shark-mobile/node_modules/@expo/vector-icons/build/vendor/react-native-vector-icons/Fonts/Ionicons.b4eb097d35f44ed943676fd56f6bdc51.ttf (390KB)
../qc-shark-mobile/node_modules/@expo/vector-icons/build/vendor/react-native-vector-icons/Fonts/MaterialCommunityIcons.6e435534bd35da5fef04168860a9b8fa.ttf (1.3MB)
../qc-shark-mobile/node_modules/@expo/vector-icons/build/vendor/react-native-vector-icons/Fonts/MaterialIcons.4e85bc9ebe07e0340c9c4fc2f6c38908.ttf (357KB)
../qc-shark-mobile/node_modules/@expo/vector-icons/build/vendor/react-native-vector-icons/Fonts/Octicons.871378c6eab492a3e689a9385dc45a12.ttf (69KB)
../qc-shark-mobile/node_modules/@expo/vector-icons/build/vendor/react-native-vector-icons/Fonts/SimpleLineIcons.d2285965fe34b05465047401b8595dd0.ttf (54KB)
../qc-shark-mobile/node_modules/@expo/vector-icons/build/vendor/react-native-vector-icons/Fonts/Zocial.1681f34aaca71b8dfb70756bca331eb2.ttf (26KB)
../qc-shark-mobile/node_modules/expo-router/assets/arrow_down.017bc6ba3fc25503e5eb5e53826d48a8.png (9.5KB)
../qc-shark-mobile/node_modules/expo-router/assets/error.d1ea1496f9057eb392d5bbf3732a61b7.png (469B)
../qc-shark-mobile/node_modules/expo-router/assets/file.19eeb73b9593a38f8e9f418337fc7d10.png (138B)
../qc-shark-mobile/node_modules/expo-router/assets/forward.d8b800c443b8972542883e0b9de2bdc6.png (188B)
../qc-shark-mobile/node_modules/expo-router/assets/pkg.ab19f4cbc543357183a20571f68380a3.png (364B)
../qc-shark-mobile/node_modules/expo-router/assets/react-navigation/drawer/toggle-drawer-icon.ae74bb20586a731af545e6b00fe14a09.png (116B)
../qc-shark-mobile/node_modules/expo-router/assets/react-navigation/elements/back-icon-mask.0a328cd9c1afd0afe8e3b1ec5165b1b4.png (653B)
../qc-shark-mobile/node_modules/expo-router/assets/react-navigation/elements/back-icon.35ba0eaec5a4f5ed12ca16fabeae451d.png (207B)
../qc-shark-mobile/node_modules/expo-router/assets/react-navigation/elements/clear-icon.c94f6478e7ae0cdd9f15de1fcb9e5e55.png (4 variations | 425B)
../qc-shark-mobile/node_modules/expo-router/assets/react-navigation/elements/close-icon.808e1b1b9b53114ec2838071a7e6daa7.png (4 variations | 235B)
../qc-shark-mobile/node_modules/expo-router/assets/react-navigation/elements/search-icon.286d67d3f74808a60a78d3ebf1a5fb57.png (928B)
../qc-shark-mobile/node_modules/expo-router/assets/sitemap.412dd9275b6b48ad28f5e3d81bb1f626.png (465B)
../qc-shark-mobile/node_modules/expo-router/assets/unmatched.20e71bdf79e3a97bf55fd9e164041578.png (4.8KB)
assets/orb.d3082637bc3962af2f300c09df1f98e2.png (106KB)

› web bundles (1):
_expo/static/js/web/entry-c2fa884d8cec0e148c1bceb90693e873.js (3MB)

› Files (3):
favicon.ico (15KB)
index.html (1.2KB)
metadata.json (49B)

Exported: dist
[
 {
  "name": "crm-deals",
  "ok": true,
  "errors": [],
  "missing": [],
  "overflow": false,
  "unmocked": []
 },
 {
  "name": "crm-tasks",
  "ok": true,
  "errors": [],
  "missing": [],
  "overflow": false,
  "unmocked": []
 },
 {
  "name": "crm-call-log",
  "ok": true,
  "errors": [],
  "missing": [],
  "overflow": false,
  "unmocked": []
 },
 {
  "name": "crm-scan-card",
  "ok": true,
  "errors": [],
  "missing": [],
  "overflow": false,
  "unmocked": []
 },
 {
  "name": "crm-drawer",
  "ok": true,
  "errors": [],
  "missing": [],
  "overflow": false,
  "unmocked": []
 }
]
== shoot-crm end 2026-10-08T00:08:46Z rc=0
