[env] qc-account-cpa · ไฟล์ .env.qc4 · DB ep-frosty-lab-aoylqlv8-pooler.c-2.ap-southeast-1.aws.neon.tech

── 1) ตั้งระบบ: tenant + AppSystem ACCOUNT + ผังบัญชี + ผู้ติดต่อ ──
(node:914969) Warning: SECURITY WARNING: The SSL modes 'prefer', 'require', and 'verify-ca' are treated as aliases for 'verify-full'.
In the next major version (pg-connection-string v3.0.0 and pg v9.0.0), these modes will adopt standard libpq semantics, which have weaker security guarantees.

To prepare for this change:
- If you want the current behavior, explicitly use 'sslmode=verify-full'
- If you want libpq compatibility now, use 'uselibpqcompat=true&sslmode=require'

See https://www.postgresql.org/docs/current/libpq-ssl.html for libpq SSL mode definitions.
(Use `node --trace-warnings ...` to show where the warning was created)
  ✅ [S0.1] seed ผังบัญชีครบ (≥40 บัญชี)

── 2) ขายบริการเงินสด (ใบเสร็จ 535.00 รวม VAT) ──
  ✅ [S2.0] RECEIPT ยอดเอกสาร: ฐาน 500 + VAT 35 = 535
  ✅ [S2.0b] RECEIPT vatAmount = 35
  ✅ [S2.1] ออกใบเสร็จได้
  ✅ [S2.2] ใบเสร็จโพสต์ GL + balance
  ✅ [S2.3] Cr รายได้ 500
  ✅ [S2.4] Cr ภาษีขาย 2200 = 35 (ขายสดรับรู้ทันที)
  ✅ [S2.5] Dr เงินสด 1000 = 535 (ขายสดเงินสด)
  ✅ [S2.6] แปลงใบเสร็จ → ใบกำกับภาษีได้
  ✅ [S2.7] ออกใบกำกับเต็มรูปแทนใบเสร็จ: ภาษีขายห้ามเพิ่มซ้ำ (Δ2200 = 0)
  ✅ [S2.8] void ใบกำกับ → reversal คืน 2200 ครบ

── 3) ขายสินค้าเงินเชื่อ (ใบแจ้งหนี้ 10,700) + ใบกำกับตอนส่งมอบ ──
  ✅ [S3.1] Dr ลูกหนี้ 1100 = 10,700
  ✅ [S3.2] VAT สินค้าพักที่ 2205 = 700 (ยังไม่ออกใบกำกับ)
  ✅ [S3.3] ห้ามแตะ 2200 ตอน issue IV
  ✅ [S3.4] รายได้ขายสินค้าลงบัญชี 4000 (ไม่ใช่ 4030 บริการ)
  ✅ [S3.5] ใบกำกับสินค้า: Dr 2205 / Cr 2200 = 700
  ✅ [S3.6] โพสต์เอกสารเดิมซ้ำ → idempotent skip

── 4) รับชำระบางส่วน 5,000 ──
  ✅ [S4.1] รับชำระบางส่วนได้
  ✅ [S4.2] ลูกหนี้ลดลง 5,000
  ✅ [S4.3] รับเงินบางส่วน: ห้ามเกิด VAT ซ้ำ (Δ2200 = 0)
  ✅ [S4.4] สินค้า ON_ISSUE: จ่ายเงินไม่ผลิตใบกำกับเพิ่ม (คงมี 1 ใบ)

── 5) ขายบริการเงินเชื่อ (2,140) รับเงิน 2 งวด — tax point บริการ = ตอนรับเงิน ──
  ✅ [S5.1] บริการ: VAT พัก 2210 = 140 ตอน issue
  ✅ [S5.2] บริการ: ยังไม่แตะ 2200 ตอน issue
  ✅ [S5.3] งวด 1: ออกใบกำกับอัตโนมัติ 1 ใบ ผูก payment
  ✅ [S5.4] งวด 1: ฐานบนใบกำกับ = 1,000
  ✅ [S5.5] งวด 1: VAT ย้าย 2210→2200 = 70 (Δ2200)
  ✅ [S5.6] งวด 2: ใบกำกับรวม 2 ใบ (1 payment = 1 ใบ)
  ✅ [S5.7] รับครบ: 2210 เคลียร์เป็น 0
  ✅ [S5.8] สถานะใบแจ้งหนี้ = PAID

── 6) มัดจำ (F2): รับมัดจำ 1,070 → IV 5,350 หักมัดจำ → VAT ทั้งงาน = 350 ──
  ✅ [S6.1] ใบมัดจำยังไม่โพสต์ GL ตอน issue (โพสต์ตอนรับเงิน)
  ✅ [S6.2] รับมัดจำ: Dr เงิน 1,070 / Cr 2110 = 1,000 / Cr 2200 = 70
  ✅ [S6.3] ใบมัดจำ → AWAITING_DEDUCT
  ✅ [S6.4] IV หักมัดจำ: depositDeducted (gross) = 1,070
  ✅ [S6.5] IV grandTotal คงเหลือ = 4,280
  ✅ [S6.6] F2 posting: Dr1100 4,280 · Dr2110 กลับ 1,000 · Cr รายได้ 5,000 · Cr2205 280
  ✅ [S6.7] หักครบ → ใบมัดจำ DEDUCTED
  ✅ [S6.8] ใบกำกับใบแจ้งหนี้หักมัดจำ: ย้าย VAT เฉพาะส่วนคงเหลือ 280 (Δ2200)
  ✅ [S6.9] 2205 ต้องเคลียร์พอดี (ไม่ติด Dr ค้าง)
  ✅ [S6.10] จ่ายส่วนที่เหลือครบ → PAID

── 7) ใบลดหนี้ 1,070 บน IV ค้างชำระ + ลอง CN เกินยอดคงเหลือ ──
  ✅ [S7.1] ออกใบลดหนี้ได้
  ✅ [S7.2] CN: Dr รายได้ 1,000 + Dr 2200 70 / Cr 1100 1,070
  ✅ [S7.3] ลูกหนี้ลดจาก CN = 1,070
  ✅ [S7.4] CN เกินยอดคงเหลือค้างชำระ (5,350 > 4,630) ต้องถูกปฏิเสธ
  ✅ [S7.5] CN เกินมูลค่าเอกสารเดิมคง (10,165 > 9,630) ถูกปฏิเสธ
  ✅ [S7.6] รับชำระ 5,700 เกินหนี้จริงหลัง CN (4,630) ต้องถูกกัน
  ✅ [S7.8] ยอดลูกหนี้ค้างรับ (หน้า overview) ตรงหนี้จริงหลัง CN

── 8) ฝั่งซื้อ: PURCHASE 2,140 (ใบกำกับซื้อ) + EXPENSE 1,070 จ่ายหัก WHT 3% ──
  ✅ [S8.1] PURCHASE: Dr 5000 2,000 + Dr 1150 140 / Cr 2100 2,140
  ✅ [S8.2] EXPENSE: Dr 6900 1,000 + Dr 1150 70 / Cr 2100 1,070
  ✅ [S8.3] จ่าย 1,040 + WHT 30 ได้ · สถานะ PAID
  ✅ [S8.4] จ่าย+WHT: Dr 2100 1,070 / Cr เงิน 1,040 + Cr 2130 30
  ✅ [S8.5] ออก 50 ทวิ อัตโนมัติ (ผูก payment)
  ✅ [S8.6] 50 ทวิ: ฐานเงินได้ (subTotal) = 1,000
  ✅ [S8.7] 50 ทวิ: whtAmount = 30
  ✅ [S8.8] ภ.ง.ด.53: ภาษีหักนำส่งรวม = 30
  ✅ [S8.9] ภ.ง.ด.53: ฐานเงินได้รวม = 1,000
  ✅ [S8.10] ทะเบียน WHT เราหัก: รวม = 30

── 9) สินทรัพย์ 21,400 (ฐาน 20,000) + ค่าเสื่อมเส้นตรง 1 งวด ──
  ✅ [S9.1] ซื้อสินทรัพย์: Dr 1610 20,000 + Dr 1150 1,400 / Cr 2100 21,400
  ✅ [S9.2] ขึ้นทะเบียนสินทรัพย์ได้
  ✅ [S9.3] รันค่าเสื่อมงวดนี้ 1 รายการ
  ✅ [S9.4] ค่าเสื่อมเดือนแรก = 330.00
  ✅ [S9.5] Dr 6800 ค่าเสื่อม = 330
  ✅ [S9.6] Cr 1619 ค่าเสื่อมสะสม = 330
  ✅ [S9.7] รันค่าเสื่อมซ้ำงวดเดิม → ข้าม (idempotent)

── 10) ยกเลิกใบเสร็จ (void) — reversal เงิน/รายได้/VAT ครบ ──
  ✅ [S10.1] void ใบเสร็จได้
  ✅ [S10.2] มี reversal entry + balance
  ✅ [S10.3] void แล้วยอดเงิน/รายได้/VAT กลับที่เดิมทุกบัญชี
  ✅ [S10.4] entry ต้นทางถูก mark REVERSED

── 11) ปิดงบ: งบทดลอง / P&L / งบดุล / ภ.พ.30 / ลูกหนี้-เจ้าหนี้ ──
  ✅ [S11.0] ทุก journal entry balance (21 entry)
  ✅ [S11.1] งบทดลอง: Σdebit == Σcredit (balanced)
  ✅ [S11.2] เงินสด+ธนาคารรวม (1000+1010) = 11,985
  ✅ [S11.2b] เงินสด 1000 = 535 (ขายสดเงินสด)
  ✅ [S11.3-1100] บัญชี 1100 ตรงเลขมือ
  ✅ [S11.3-1150] บัญชี 1150 ตรงเลขมือ
  ✅ [S11.3-1160] บัญชี 1160 ตรงเลขมือ
  ✅ [S11.3-1610] บัญชี 1610 ตรงเลขมือ
  ✅ [S11.3-1619] บัญชี 1619 ตรงเลขมือ
  ✅ [S11.3-2100] บัญชี 2100 ตรงเลขมือ
  ✅ [S11.3-2110] บัญชี 2110 ตรงเลขมือ
  ✅ [S11.3-2130] บัญชี 2130 ตรงเลขมือ
  ✅ [S11.3-2200] บัญชี 2200 ตรงเลขมือ
  ✅ [S11.3-2205] บัญชี 2205 ตรงเลขมือ
  ✅ [S11.3-2210] บัญชี 2210 ตรงเลขมือ
  ✅ [S11.3-5000] บัญชี 5000 ตรงเลขมือ
  ✅ [S11.3-6800] บัญชี 6800 ตรงเลขมือ
  ✅ [S11.3-6900] บัญชี 6900 ตรงเลขมือ
  ✅ [S11.3-9999] บัญชี 9999 ตรงเลขมือ
  ✅ [S11.4] รายได้รวม (4xxx) = 16,500
  ✅ [S11.5] P&L: รายได้ = 16,500
  ✅ [S11.6] P&L: ต้นทุนขาย = 2,000
  ✅ [S11.7] P&L: ค่าใช้จ่าย = 1,330
  ✅ [S11.8] P&L: กำไรสุทธิ = 13,170
  ✅ [S11.9] งบดุล: สินทรัพย์ = หนี้สิน + ทุน + กำไร
  ✅ [S11.10] งบดุล: สินทรัพย์รวม = 37,895
  ✅ [S11.11] งบดุล: กำไรงวดนี้ = 13,170
  ✅ [S11.12] ภ.พ.30: ภาษีขายเดือนนี้ = 1,155 (จากใบกำกับจริง)
  ✅ [S11.13] ภ.พ.30: ภาษีซื้อ = 1,610
  ✅ [S11.14] ภ.พ.30: ยอดสุทธิ (ขาย−ซื้อ) = −455 (เครดิตยกไป)
  ✅ [S11.15] ภ.พ.30: ฐานภาษีขายรวม = 16,500
  ✅ [S11.16] ภ.พ.30 ภาษีขาย ตรงกับ GL 2200 (reconcile)
  ✅ [S11.17] เจ้าหนี้ค้างจ่าย (หน้าจอ) = 23,540
  ✅ [S11.18] เจ้าหนี้ GL 2100 = 23,540
  ✅ [S11.19] งบกระแสเงินสด reconcile (opening + net = closing)

── 12) ปิดงวด + ลองโพสต์ย้อนเข้างวดปิด ──
  ✅ [S12.1] ปิดงวดได้ (suspense เคลียร์ + ไม่มี needsReview)
  ✅ [S12.2] ออกเอกสารลงงวดปิด → ถูกกัน
  ✅ [S12.3] void เอกสารงวดปิดได้ (เลื่อน reversal)
  ✅ [S12.4] reversal ลงงวดเปิดถัดไป (2026-11)
  ✅ [S12.5] งบทดลองงวดที่ปิดไม่ขยับหลัง void

── ยอดคงเหลือจริงท้ายงวด (net dr−cr, บาท) ──
  1000: 535.00
  1010: 11,450.00
  1100: 4,630.00
  1150: 1,470.00
  1610: 20,000.00
  1619: -330.00
  2100: -21,400.00
  2110: 0.00
  2130: -30.00
  2200: -1,155.00
  2205: 0.00
  2210: 0.00
  4000: -14,500.00
  4030: -2,000.00
  5000: 0.00
  6800: 330.00
  6900: 1,000.00

[cleanup] ลบ test tenant เรียบร้อย

===== QC6 CPA audit (service layer จริง + Neon) =====
ผ่าน 107/107 ข้อตรวจ
FINDINGS: CRITICAL 0 · MAJOR 0 · MINOR 0

JSON_SUMMARY {"total":107,"passed":107,"findings":[]}
