[env] qc-pos-p1.3 · ไฟล์ .env.qc4 · DB ep-frosty-lab-aoylqlv8-pooler.c-2.ap-southeast-1.aws.neon.tech (QC4)
(node:1801769) Warning: SECURITY WARNING: The SSL modes 'prefer', 'require', and 'verify-ca' are treated as aliases for 'verify-full'.
In the next major version (pg-connection-string v3.0.0 and pg v9.0.0), these modes will adopt standard libpq semantics, which have weaker security guarantees.

To prepare for this change:
- If you want the current behavior, explicitly use 'sslmode=verify-full'
- If you want libpq compatibility now, use 'uselibpqcompat=true&sslmode=require'

See https://www.postgresql.org/docs/current/libpq-ssl.html for libpq SSL mode definitions.
(Use `node --trace-warnings ...` to show where the warning was created)
⚠️  QC_FORCE=1 — ข้ามด่าน SKIP ทั้งที่ยังขาด: ไฟล์ยังไม่มี: src/lib/modules/pos/pricing-shared.ts | src/lib/modules/pos/register.ts ยังไม่มี export: registerCatalog, registerScan, quoteRegisterCart, submitRegisterSale, registerStatus (คาด: แดงตามเหตุผล ไม่ crash)
  (โหลด @/lib/modules/pos/pricing-shared ไม่ได้: Cannot find package '@/lib' imported from /root/projects/shark-pos-p11/scripts/qc-pos-p1.3.mts)

── S2 เครื่องคิดเงินตะกร้า (priceCart) ──
  ❌ [P1.3-S2.1] ตะกร้าภาพ 01: รวม 68,500 · ส่วนลดรายการ 1,000 · คูปอง 5,000 → ยอดสุทธิ 62,500 · VAT 7% รวมในราคา 4,089 (฿40.89 ตามภาพ) — expected subtotal 68500 · lineDisc 1000 · coupon 5000 · total 62500 · vat 4089 | actual {"ok":false,"code":"MISSING:priceCart"}
  ❌ [P1.3-S2.2] ราคาตัวเลือก: ลาเต้ 7,500 + M 1,000 + นมโอ๊ต 1,500 × 2 → บรรทัด 20,000 (฿200 ตามภาพ) — expected บรรทัด 20000 | actual {"ok":false,"code":"MISSING:priceCart"}
  ❌ [P1.3-S2.3] ส่วนลดบรรทัด % (basis point · ปัดครึ่งขึ้น): 10% ของ 9,500 = 950 · 15% ของ 333 = 50 (49.95) — expected 950→8550 · 50→283 | actual undefined undefined · undefined undefined (MISSING:priceCart/MISSING:priceCart)
  ❌ [P1.3-S2.4] ส่วนลดบรรทัดเกินราคาบรรทัด → ปฏิเสธ LINE_DISCOUNT_EXCEEDS_LINE (ไม่ clamp) — expected ok:false LINE_DISCOUNT_EXCEEDS_LINE ไม่มียอด | actual {"ok":false,"code":"MISSING:priceCart"}
  ❌ [P1.3-S2.5] ส่วนลดท้ายบิล: % คิดจากยอดหลังส่วนลดรายการ · บาทตรงตัว · เกินยอด → ปฏิเสธ BILL_DISCOUNT_EXCEEDS_TOTAL — expected 900→8100 · 1234→7766 · 9001 ปฏิเสธ | actual undefined/undefined · undefined/undefined · MISSING:priceCart
  ❌ [P1.3-S2.6] เพดานส่วนลด maxDiscountBp=1000: (รายการ+ท้ายบิล)/รวม = 15% → ok:false DISCOUNT_EXCEEDS_LIMIT ไม่มียอดคืน (refusal not clamp) · 10% พอดี → ผ่าน · null = ไม่จำกัด — expected 15% ปฏิเสธ · 10% → 9000 · null → 1000 | actual MISSING:priceCart · MISSING:priceCart/undefined · MISSING:priceCart/undefined
  ❌ [P1.3-S2.7] คูปองไม่นับในเพดานส่วนลด · คูปองเกินยอด → หักได้แค่ยอดที่เหลือ ยอดสุทธิ 0 (ไม่ติดลบ) — expected คูปองไม่ติดเพดาน 5000 · คูปองเกิน → หัก 3000 ยอด 0 | actual MISSING:priceCart/undefined · undefined/undefined/undefined
  ❌ [P1.3-S2.8] VAT แยกนอกราคา ปัดครึ่งขึ้น: net 150 → VAT 11 รวม 161 · NONE → VAT 0 รวม = net · INCLUDED → รวม = net — expected EXCL 11/161 · NONE 0/150 · INCL 150/10 | actual undefined/undefined · undefined/undefined · undefined/undefined
  ❌ [P1.3-S2.9] VAT คิดระดับบิล ไม่ใช่รายบรรทัด: INCLUDED 3×10 → 2 (รายบรรทัดจะได้ 3) · EXCLUDED 3×7 → 1 (รายบรรทัดจะได้ 0) — expected INCL 2/30 · EXCL 1/22 | actual undefined/undefined · undefined/undefined
  ❌ [P1.3-S2.10] บรรทัดราคา 0 ได้ (ยอดบรรทัด 0) · ทั้งบิล 0 บาท → ok ยอด 0 — expected บรรทัด 0 ok · บิล 0 ok | actual MISSING:priceCart/undefined · MISSING:priceCart/undefined
  ❌ [P1.3-S2.11] 200 บรรทัดผ่านและยอดตรง · 201 บรรทัด → TOO_MANY_LINES · qty 10000 → INVALID_LINE — expected 200 → 79634 · 201 TOO_MANY_LINES · qty 10000 INVALID_LINE | actual MISSING:priceCart/undefined · MISSING:priceCart · MISSING:priceCart
  ❌ [P1.3-S2.12] เงินต้องเป็นจำนวนเต็มสตางค์ไม่ติดลบ: ราคา 10.5 / ราคาติดลบ / qty 0 → INVALID_LINE — expected INVALID_LINE ×3 | actual MISSING:priceCart,MISSING:priceCart,MISSING:priceCart
  ❌ [P1.3-S2.13] บริสุทธิ์: เรียกซ้ำผลเท่ากันทุกไบต์ · ไม่แก้ object ที่ส่งเข้า · ไฟล์ไม่ import prisma/server (ใช้ฝั่ง client ได้) — expected ผลเท่ากัน · input ไม่ถูกแก้ · import ได้แค่ ./*-shared หรือ type | actual file:false same:true mut:false imports:[] serverOnly:false
  ❌ [P1.3-S2.14] สุ่ม 300 ตะกร้า (seed คงที่): Σ ยอดบรรทัด − ท้ายบิล − คูปอง (+VAT ถ้าแยก) = ยอดสุทธิ เป๊ะ · ทุกค่าเป็น Int ≥ 0 — expected 300/300 สมการตรง | actual cart#0 MISSING:priceCart {"ok":false,"code":"MISSING:priceCart"}

── S5 สถิต (i18n · testid · แป้นลัด · ปุ่มแตะ · สัญญา createSale) ──
  ❌ [P1.3-S5.1] ข้อความหน้าขายครบ 2 ภาษา: ทุกคีย์ pos.register.* ที่จอใช้ (รายการในโน้ต) มีทั้ง th และ en (F15.4) — expected 51 คีย์ครบ th+en | actual ขาด 51: pos.register.search.placeholder, pos.register.search.customItem, pos.register.search.scanCamera, pos.register.category.all, pos.register.product.soldOut, pos.register.product.left, pos.register.product.sizes, pos.register.product.stock …
  ❌ [P1.3-S5.2] ข้อความ en ไม่มีอักษรไทย · th ไม่ว่าง ไม่ใช่ชื่อคีย์/enum ดิบ · ตัวแปร ICU {x} ตรงกันทั้งสองภาษา · ต้นไม้คีย์ pos.register.* th = en (A6) — expected 0 ปัญหา | actual ยังไม่มีคีย์ pos.* เลย
  ❌ [P1.3-S5.3] ไฟล์ UI หน้าขายใหม่ (มี data-testid="pos-reg-…") ไม่มีข้อความไทยฮาร์ดโค้ดนอกคอมเมนต์ — expected มีไฟล์หน้าขายใหม่ และ 0 บรรทัดไทยฮาร์ดโค้ด | actual ยังไม่มีไฟล์ที่ใช้ testid pos-reg-*
  ❌ [P1.3-S5.4] data-testid ทุกตัวของภาพ 01 (+ แถบตะกร้ามือถือ 05ก) มีในโค้ดหน้าขาย — expected 36 testid อยู่ในโค้ด | actual ขาด 36: pos-reg-unit-switch, pos-reg-tab-*, pos-reg-search, pos-reg-custom-item, pos-reg-scan-camera, pos-reg-category-*, pos-reg-product-*, pos-reg-bill-type …
  ❌ [P1.3-S5.5] ปุ่ม/ช่องที่กดได้ของภาพ 01 มีแถวใน scripts/pos-ui-inventory.json (page /app/sys/[id]/pos/register · roles) — expected 23 แถว | actual ไม่มีแถว 23: pos-reg-unit-switch, pos-reg-tab-*, pos-reg-search, pos-reg-custom-item, pos-reg-scan-camera, pos-reg-category-*, pos-reg-product-*, pos-reg-bill-type …
  ❌ [P1.3-S5.6] [Q4] หนี้ปุ่มไร้ testid: register/page.tsx = 0 (หรือไม่มีแถวหนี้) · register-ui.tsx (จอเดิมหลังธง) ≤ baseline 22 ได้ตราบที่ธงยังอยู่ — expected page.tsx 0 · register-ui.tsx ≤ 22 | actual page.tsx=5 · register-ui.tsx=22
  ❌ [P1.3-S5.7] แป้นลัด F2 ค้นหา · F4 ชำระ · F8 พักบิล · Esc ล้าง มีตัวจับ keydown ในโค้ดหน้าขาย [static] — expected keydown + F2 F4 F8 Escape | actual ยังไม่มีไฟล์หน้าขายใหม่
  ❌ [P1.3-S5.8] ช่องค้นหา/สแกน (pos-reg-search) autofocus และโฟกัสกลับหลังเพิ่มสินค้า [static] — expected autoFocus/ref.focus() + โฟกัสกลับ | actual ไม่พบ pos-reg-search
  ❌ [P1.3-S5.9] ปุ่มหลัก (ชำระ · หมวด · การ์ดสินค้า · +/− จำนวน · พักบิล · บิลที่พัก · สมาชิก · รายการเอง · สแกนกล้อง) มีคลาสสูง ≥44px [static heuristic · ยืนยันจริงที่ visual] — expected ทุกปุ่มหลักมีคลาส ≥44px (h-11+/min-h-11+/[44px]+/touch-target) | actual ยังไม่มีไฟล์หน้าขายใหม่

── F15: POS (แคตตาล็อก/ราคาผู้เขียนเดียว · สัญญา createSale · ทะเบียนปุ่ม POS · ข้อความ pos.* สองภาษา) ──
  ✅ [P1.3-S5.10] สัญญา createSale/voidSale เข้ากันได้ย้อนหลัง (F15.2 ของ scripts/fitness-pos.mts เขียว) — 6 โมดูลที่เรียกไม่พัง
  ❌ [P1.3-S5.11] [Q4] ธง: register/page.tsx เลือกจอใหม่เมื่อ settings.pos.registerV2 === true เท่านั้น (อื่น ๆ = <PosRegister> เดิม) · ด่านสิทธิ์ HF-POS-PAGES คงอยู่ · seed QC ตั้ง registerV2: true [static] — expected registerV2 === true · settings.pos · <RegisterScreen>+<PosRegister> · ด่าน HF-POS-PAGES · seed on | actual strict:false path:false screens:false guard:true seed:false
  ✅ [P1.3-S5.12] [Q4] จอเดิมไม่ถูกแตะ: register-ui.tsx และ actions/pos.ts ตรงไบต์กับฐาน a670d313 (sha256) · แถวทะเบียนจอเดิม 3 แถวยังอยู่ [static · regression guard]
  ❌ [P1.3-S5.13] [Addendum+§4.6] refusalMessageKey(code): ทุกรหัสในคำศัพท์ได้คีย์ตามตารางสเปก · BUSY → errors.busy · INTERNAL/รหัสไม่รู้จัก → errors.unknown · ทุกคีย์ที่คืนมีทั้ง th+en — expected ทุกรหัสได้คีย์ตามตาราง · BUSY→errors.busy · INTERNAL→errors.unknown · คีย์มีสองภาษา | actual ยังไม่มี src/lib/modules/pos/register-shared.ts refusalMessageKey
  ❌ [P1.3-S5.14] register-shared.ts บริสุทธิ์ (import ค่าได้แค่ ./*-shared · @/lib/modules/pos/*-shared · @/lib/ui/money สำหรับ moneyText) · REGISTER_MAX_LINES 200 · MAX_QTY 9999 · LOW_STOCK 5 (Q10) · PAGE_SIZE 100 · moneyText 8550 → ฿85.50 · 62500 → ฿625 · −1000 → −฿10 — expected import ./*-shared + @/lib/ui/money เท่านั้น · ค่าคงที่ 200/9999/5/100 · moneyText | actual ยังไม่มี src/lib/modules/pos/register-shared.ts
  ❌ [P1.3-S5.15] [Addendum+G10] register-actions.ts: "use server" · export เฉพาะ async function (4 action ตามสเปก) · ทุกตัวเรียก requireTenant + มี catch · ไม่มี throw · checkCatalogWrite รับ membership ของ session ไม่ใช่ object ที่ประกอบเอง [static] — expected use server · async function ×4 · requireTenant+catch ทุกตัว · ไม่ throw · checkCatalogWrite(session) | actual ยังไม่มี src/lib/modules/pos/register-actions.ts
  ❌ [P1.3-S5.16] [Addendum] โค้ดหน้าขาย P1.3 ไม่มีตัวบ่งชี้ระบบ CATALOG_SYSTEM_ACTOR เลย · ไม่ import scripts/** · fitness F15.1 F15.5 F15.6 เขียว — expected ไฟล์ P1.3 ครบ · ไม่มี marker · ไม่ import scripts · F15.1/F15.5/F15.6 ✅ | actual ยังไม่มี: src/lib/modules/pos/register-shared.ts, src/lib/modules/pos/register-actions.ts, src/lib/modules/pos/pricing-shared.ts · ยังไม่มี src/components/pos/register/*
  ❌ [P1.3-S5.17] [G9] ไฟล์ "use client" ของหน้าขายไม่ import โมดูลเซิร์ฟเวอร์ (register.ts · catalog · service · core/db · prisma · next/headers · core/context) [static] — expected มีไฟล์ client ของหน้าขาย · 0 import โมดูลเซิร์ฟเวอร์ | actual ยังไม่มีไฟล์ "use client" ของหน้าขาย

── S1 ข้อมูลกริด/หมวด/ค้นหา ──
  ❌ [P1.3-S1.1] สาขาสีลมของร้าน QC: สินค้าที่ seed ไว้ 7 ตัว (PosProduct ของ InvItem ทั้ง 7) ขึ้นกริดครบ ตัวละ 1 แถว ไม่ซ้ำ — expected 7 สินค้า seed ตัวละ 1 แถว | actual MISSING:registerCatalog
  ❌ [P1.3-S1.2] ราคาบนกริด = PosProduct.basePriceSatang ทุกตัว (สตางค์ Int) · อเมริกาโน่ = 6500 · สินค้า 0 บาทขึ้นกริดด้วยราคา 0 (ไม่ซ่อน ไม่เป็น null) — expected = basePriceSatang · AMER 6500 · FREE 0 | actual ตรง · AMER undefined · FREE undefined
  ❌ [P1.3-S1.3] ทรงข้อมูลสินค้าบนกริด: id invItemId name nameEn kind categoryId priceSatang sku barcode imageUrl optionGroupCount soldOut stockLeft trackStock trackStockMode · ผลมี nextCursor (แบ่งหน้า · C6) — expected ครบทุกคีย์ ชนิดถูก | actual ขาด: id,invItemId,name,nameEn,kind,categoryId,priceSatang,sku,barcode,imageUrl,optionGroupCount,soldOut,stockLeft,trackStock,trackStockMode · ชนิด true
  ❌ [P1.3-S1.4] สต็อกบนการ์ด (trackStock โหมด auto · C2): ครัวซองต์/น้ำดื่ม trackStock=true stockLeft = InvItem.onHand · อเมริกาโน่/ลาเต้ (ไม่เคยรับเข้า) trackStock=false stockLeft = null ไม่ขึ้น 'หมด' · ทุกตัว trackStockMode 'auto' — expected CROIS NaN · WATER NaN · AMER/LATTE null ไม่หมด | actual CROIS undefined · WATER undefined · AMER undefined/undefined · LATTE undefined/undefined
  ❌ [P1.3-S1.9] ค้นชื่อภาษาไทยบางส่วน 'ครัวซอง' → ครัวซองต์เนยสดตัวเดียว · มีช่องว่างหัวท้ายก็ยังเจอ — expected CROIS ทั้งสองแบบ | actual  ·  (MISSING:registerCatalog)
  ❌ [P1.3-S1.10] ค้น SKU: ตรงตัว 'PQC-CF-WATER' → 1 · ตัวพิมพ์เล็ก 'pqc-cf-latte' → ลาเต้ · prefix 'PQC-CF-' → ครบ 7 — expected WATER · LATTE · prefix ครบ 7 | actual  ·  · 0
  ❌ [P1.3-S1.11] ค้นบาร์โค้ด EAN-13 '8850999000015' → น้ำดื่มตัวเดียว — expected WATER | actual MISSING:registerCatalog
  ❌ [P1.3-S1.14] ข้ามร้าน: ctx ร้านกาแฟ + unitId ของร้านอาหาร → ปฏิเสธ (NOT_FOUND) และไม่มี id ของร้านอื่นหลุดในผลใด ๆ — expected NOT_FOUND ไม่รั่ว | actual MISSING:registerCatalog leak:false
  ❌ [P1.3-S1.16] ข้ามสาขา: แคชเชียร์ (unitAccess = สีลม) อ่านกริดสาขาอารีย์ → NOT_FOUND (404 ไม่ใช่ 403 · มติ R8) · สาขาสีลมของตัวเอง → ได้ (คู่บวก) — expected อารีย์ NOT_FOUND · สีลมได้ | actual MISSING:registerCatalog · MISSING:registerCatalog

── sandbox qc-p1.3-m0cy0y (สาขา + ระบบ POS/คลัง ชั่วคราวในร้าน QC กาแฟ) ──
  ❌ [P1.3-S1.5] สาขาที่ยังไม่มีสินค้า → products [] categories [] (ข้อมูล empty state ภาพ 19ก) ไม่ throw — expected [] [] | actual MISSING:registerCatalog {}
  ❌ [P1.3-S1.15] ข้ามระบบ: สาขาร้านเดียวกันที่ไม่ได้ผูกกับระบบ POS นี้ → ปฏิเสธ (NOT_FOUND) — expected NOT_FOUND | actual MISSING:registerCatalog
  ❌ [P1.3-S1.6] สินค้าที่ archive แล้วไม่ขึ้นกริด (ตัวพี่น้องที่ไม่ archive ยังขึ้น) — expected ARCH ไม่ขึ้น · A ขึ้น | actual ARCH:false A:false
  ❌ [P1.3-S1.7] ปิดขายเฉพาะสาขา (availability=false · 86) → ยังขึ้นกริดแต่ soldOut=true (ภาพ 01 'หมด' สีจาง) — expected OFF soldOut · A ไม่ | actual OFF:undefined A:undefined
  ❌ [P1.3-S1.8] สินค้านับสต็อกที่ onHand ≤ 0 → soldOut=true · onHand 2 → stockLeft 2 (ป้าย 'เหลือ 2') — expected ZERO soldOut · LOW 2 | actual ZERO:undefined LOW:undefined
  ❌ [P1.3-S1.12] ค้นชื่ออังกฤษ (nameEn) ไม่สนตัวพิมพ์ 'ALMOND' → สินค้าที่ nameEn = 'Almond croissant' (ภาพ 20B) — expected B ตัวเดียว | actual MISSING:registerCatalog []
  ❌ [P1.3-S1.13] ค้นคำที่ไม่มี → products [] ไม่ error · หมวด: categoryId กรองเฉพาะหมวดนั้น · ไม่ส่ง = ทั้งหมด · หมวดมี productCount ถูก — expected ว่าง · หมวด = B,C · count 2 · ทั้งหมด ≥6 | actual MISSING:registerCatalog/undefined ·  · count undefined · all 0
  ❌ [P1.3-S1.18] PosProduct ผูกสาขาอื่น (unitId ≠ สาขานี้ · มติ R3) ไม่ขึ้นกริด · unitId = null (ทุกสาขา) ขึ้น — expected OTHER ไม่ขึ้น · A (unitId null) ขึ้น | actual OTHER:false A:false
  ❌ [P1.3-S1.19] สินค้าที่ยังไม่ตั้งราคา (ไม่มี posPrice/salePrice) → priceSatang = null บนกริด — ห้ามเอาต้นทุนมาเป็นราคา (มติ R2) — expected priceSatang null (ไม่ใช่ต้นทุน 1234) | actual undefined
  ❌ [P1.3-S1.20] trackStock auto (C2): สินค้าผูก InvItem ที่ยังไม่เคยมีสต็อก → trackStock=false (mode auto) ไม่ขึ้น 'หมด' · รับเข้า 3 → trackStock=true stockLeft 3 · ตัดออกครบ → soldOut=true — expected ก่อน false/auto/null · รับ 3 → true/auto/3 · ตัดหมด → soldOut | actual {"a0":null,"a1":null}
  ❌ [P1.3-S1.21] POS สองคลัง (C3): สาขา sandbox (คลัง X) ไม่เห็นสินค้าของคลังสาขา 2 (Y) ทั้งกริด · ค้นชื่อ/SKU/บาร์โค้ด · สแกน · สาขา 2 เห็นของตัวเองแต่ไม่เห็นของคลัง X — expected สาขา X ไม่เห็น WH2 (4 ทาง + สแกน none) · สาขา 2 เห็น WH2 · ไม่เห็น B | actual X:false scan:MISSING:registerScan/undefined · Y:false B@Y:false
  ❌ [P1.3-S1.17] แคตตาล็อกเกิน 200 ตัว (R4 + C6): หน้าแรกปริยาย ≤100 + nextCursor · limit 1000 ถูกบีบ ≤500 · เดินทุกหน้าได้ครบไม่ซ้ำ (>200) · ตัวท้าย ๆ ค้นเจอทั้งชื่อ · SKU · บาร์โค้ด — expected หน้าแรก ≤100+cursor · 1000→≤500 · เดินครบ >200 ไม่ซ้ำ · เข็มเจอ 3 ทาง | actual p0 undefined/false · big undefined · walked 0 in 0 pages dup 0 · name false sku false bc false (MISSING:registerCatalog)
  ❌ [P1.3-S1.22] สแกนบาร์โค้ด (C5): registerScan บาร์โค้ดซ้ำ 2 ตัว → match 'choose' + products 2 ตัว ลำดับคงที่ (ไม่ใช่ตัวเก่าสุดเงียบ ๆ) · ตัวเดียว → 'one' · ไม่มี → 'none' — expected choose ×2 ลำดับคงที่ · one · none | actual MISSING:registerScan/undefined/0 · undefined · undefined
  ❌ [P1.3-S1.23] [Q6] ทุกสินค้ามี requiredOptionGroupCount (Int): กลุ่มบังคับ (minSelect ≥1) + กลุ่มเลือกได้ → optionGroupCount 2 required 1 · กลุ่มเลือกได้อย่างเดียว → 1/0 · ไม่มีกลุ่ม → 0/0 · required ≤ optionGroupCount — expected ทุกแถวมีคีย์ · REQP 2/1 · OPTP 1/0 · A 0/0 | actual keys:true · REQP ไม่ขึ้นกริด · OPTP ไม่ขึ้นกริด · A ไม่ขึ้นกริด (MISSING:registerCatalog)
  ❌ [P1.3-S1.24] [Q9] ทุกสินค้ามี soldOutReason: ปิดขายสาขา (86) → 'UNAVAILABLE' · นับสต็อกหมด → 'NO_STOCK' · ขายได้ (รวมเหลือน้อย/ไม่นับสต็อก/ยังไม่ตั้งราคา) → null — expected ทุกแถว null⇔ขายได้ · OFF UNAVAILABLE · ZERO NO_STOCK · ที่เหลือ null | actual keys:true · cmupxaiq200cd95kzk11ccdzx:ไม่ขึ้นกริด≠UNAVAILABLE · d60cc0f2-f326-4c13-b6bf-0b70362a807e:ไม่ขึ้นกริด≠NO_STOCK · cmupxag92000a95kzndxwszx8:ไม่ขึ้นกริด≠null · 686aa25a-0e3d-4610-9235-a456272da6d8:ไม่ขึ้นกริด≠null · de47c4a7-bd6b-4cf2-8854-4e2a60b077cf:ไม่ขึ้นกริด≠null · ed176e29-cb93-4e17-b728-519b13108cb1:ไม่ขึ้นกริด≠null · e04c780b-0827-408f-bbc8-48dbac363310:ไม่ขึ้นกริด≠null
  ❌ [P1.3-S1.25] [Q21] แบ่งหน้า (แคตตาล็อก >500): ไม่ส่ง limit = 100 + nextCursor · limit 1000 ถูกบีบ = 500 พอดี + nextCursor · 3 หน้า (limit 100) ต่อกัน = 300 ตัวแรกของหน้า 500 ลำดับเดียวกัน (ไม่ซ้ำ ไม่ขาด) · หน้าสุดท้าย nextCursor null — expected ปริยาย 100+cursor · 1000→500+cursor · 3×100 = 300 แรกของ 500 · หน้าสุดท้าย null · เดินครบ = S1.17 | actual def undefined/false · big 0/false · 3 หน้า 0 uniq 0 ลำดับตรง true · walk 0 (S1.17 0) last null false (MISSING:registerCatalog)
  ❌ [P1.3-S1.26] [Q21] cursor ของสาขาอื่น (สาขา 2 ของ POS เดียวกัน · ร้านอื่น) ใช้ที่สาขานี้ → ปฏิเสธ (คืน ไม่ throw) หรือผลอยู่ในชุดที่สาขานี้เห็นเท่านั้น (ไม่มีของเฉพาะสาขา 2/คลัง Y/ร้านอื่น) — expected cursor ต่างถิ่น 0 ตัว: ปฏิเสธ (คืน) หรืออยู่ในชุดของสาขานี้ | actual ได้ cursor ต่างถิ่นแค่ 0 (registerCatalog MISSING:registerCatalog)

── S3 ส่งบิลฝั่งเซิร์ฟเวอร์ ──
  ❌ [P1.3-S3.1] quoteRegisterCart ใช้ราคาแคตตาล็อกฝั่งเซิร์ฟเวอร์ (unitPriceSatang ที่ client ส่งมากับสินค้าแคตตาล็อกถูกเมิน) = priceCart ของราคาจริง — expected subtotal 22500 · total undefined | actual MISSING:quoteRegisterCart subtotal undefined total undefined vat undefined/undefined
  ❌ [P1.3-S3.2] ขายสำเร็จ (เจ้าของ · เงินสด · ตะกร้าเดียวกับ quote ไม่แนบราคา client): PAID + receiptNo · grandTotal = ยอด quote · Σ payments = grandTotal · subtotalSatang = Σ lineTotal (ความหมายเดิมของ createSale) — expected PAID · total undefined · Σpay = total · subtotal = Σline | actual NO_QUOTE {"sumLines2":0}
  ❌ [P1.3-S3.3] บรรทัดที่บันทึก: lineTotal/discount ตรง quote · productId = PosProduct · itemId = InvItem ของสินค้า (ตัดสต็อกตามเดิม) · ตัดสต็อก 1 ครั้งต่อบรรทัด — expected บรรทัดตรง quote · productId · itemId · OUT เฉพาะ B = 1 | actual q  s  · prod  · item false · OUT -1
  ❌ [P1.3-S3.4] ขายบริการจากแคตตาล็อก (InvItem kind SERVICE · มติ R5): บรรทัดเก็บ serviceId = InvItem ของบริการ + productId · itemId = null · ไม่ตัดสต็อก · ราคา = ราคาบริการ — expected serviceId = InvItem บริการ · productId · itemId null · OUT 0 · 30000 | actual MISSING:quoteRegisterCart {"svc":false,"prod":false,"mv4":-1}
  ❌ [P1.3-S3.5] client แก้ราคาสินค้าแคตตาล็อก (unitPrice 1 สตางค์): จ่ายตามยอดปลอม → ปฏิเสธ ไม่มีบิล · จ่ายตามยอดจริง → ราคาที่บันทึก = ราคาเซิร์ฟเวอร์ (หรือปฏิเสธ) · ไม่มีบรรทัดราคา 1 สตางค์เกิดเลย (มติ R2) — expected ยอดปลอมปฏิเสธ · ยอดจริง → ราคา 6500 หรือปฏิเสธ · 0 บรรทัดราคา 1 | actual MISSING:submitRegisterSale · MISSING:submitRegisterSale price undefined · บรรทัด 1 สตางค์ 0
  ❌ [P1.3-S3.6] จ่ายขาด/เกิน 1 สตางค์ → ปฏิเสธ PAYMENT_MISMATCH · ไม่มี PosSale เกิด — expected PAYMENT_MISMATCH ×2 | actual MISSING:quoteRegisterCart · MISSING:submitRegisterSale · MISSING:submitRegisterSale
  ❌ [P1.3-S3.7] แคชเชียร์ส่วนลด 15% (เพดานปริยาย STAFF 10%) → DISCOUNT_EXCEEDS_LIMIT ไม่มีบิล · เจ้าของตะกร้าเดียวกัน → PAID · แคชเชียร์ที่มี pos._maxDiscountBp=2000 → PAID — expected cashier ปฏิเสธ · owner ok · cashier 20% ok | actual MISSING:submitRegisterSale · MISSING:submitRegisterSale · MISSING:submitRegisterSale
  ❌ [P1.3-S3.8] รายการกำหนดเอง (ชื่อ+ราคาเอง ไม่มี productId): แคชเชียร์ไม่มี pos.sale.priceOverride → PERMISSION_DENIED · เจ้าของ → PAID — expected cashier PERMISSION_DENIED · owner ok | actual MISSING:submitRegisterSale · MISSING:submitRegisterSale
  ❌ [P1.3-S3.9] STAFF ที่ไม่มี pos.sale.create → PERMISSION_DENIED ทั้ง quote และ submit · ไม่มีบิล — expected PERMISSION_DENIED ×2 | actual MISSING:quoteRegisterCart · MISSING:submitRegisterSale
  ❌ [P1.3-S3.10] แคชเชียร์จริง (unitAccess = สีลม) ส่งบิลเข้าสาขา sandbox → NOT_FOUND ไม่มีบิล (มติ R8 · คู่บวก = แคชเชียร์ที่มีสิทธิ์สาขานี้ขายได้ใน S3.7) — expected NOT_FOUND ไม่มีบิล | actual MISSING:submitRegisterSale
  ❌ [P1.3-S3.11] ctx ร้านกาแฟ + unitId ร้านอาหาร → NOT_FOUND · ไม่มีบิลเกิดในร้านอาหาร — expected NOT_FOUND · ร้านอาหารไม่มีบิลใหม่ | actual MISSING:submitRegisterSale resto 0→0
  ❌ [P1.3-S3.12] productId ของร้านอื่น / สินค้า archive / id มั่ว → PRODUCT_NOT_FOUND (หรือ NOT_FOUND ตาม brief — รอมติ) · สินค้าปิดขายที่สาขานี้ → PRODUCT_UNAVAILABLE · ไม่มีบิล — expected PRODUCT_NOT_FOUND|NOT_FOUND ×3 · PRODUCT_UNAVAILABLE · 0 บิล | actual MISSING:submitRegisterSale,MISSING:submitRegisterSale,MISSING:submitRegisterSale · MISSING:submitRegisterSale · บิล 0 · restoProduct:true
  ❌ [P1.3-S3.13] memberId ที่ไม่ใช่ของร้านนี้ → ปฏิเสธ (MEMBER_NOT_FOUND) ไม่มีบิล — expected MEMBER_NOT_FOUND ไม่มีบิล | actual MISSING:submitRegisterSale
  ❌ [P1.3-S3.14] key เดิมส่งซ้ำ 2 ครั้ง → saleId เดิม · ครั้งที่ 2 duplicated=true · บิล 1 · payments 1 ชุด · ตัดสต็อก 1 ครั้ง — expected saleId เดิม · dup true · 1 บิล · 1 payment · OUT 1 | actual MISSING:submitRegisterSale/MISSING:submitRegisterSale same:true dup:undefined/undefined n 0 p -1 m -1
  ❌ [P1.3-S3.15] key เดิม 10 คำขอพร้อมกัน (connection คนละเส้น) × 3 รอบ → บิลเดียวต่อรอบ ทุกคำตอบ saleId เดียวกัน ตัดสต็อกครั้งเดียว — expected ทุกรอบ: 10/10 ok · id เดียว · 1 บิล · OUT 1 | actual r0: ok 0/10 ids 0 n 0 OUT -1 codes MISSING:submitRegisterSale ; r1: ok 0/10 ids 0 n 0 OUT -1 codes MISSING:submitRegisterSale ; r2: ok 0/10 ids 0 n 0 OUT -1 codes MISSING:submitRegisterSale
  ❌ [P1.3-S3.16] key เดิมแต่ตะกร้า (qty) หรือวิธีจ่ายเปลี่ยน → IDEMPOTENCY_CONFLICT (ไม่ใช่บิลเดิมเงียบ ๆ · รอบ 3) · ไม่มีบิลที่ 2 · ยอดบิลเดิมไม่เปลี่ยน · key เดิมตะกร้าเดิมยังได้บิลเดิม — expected qty ต่าง/วิธีจ่ายต่าง IDEMPOTENCY_CONFLICT · ตะกร้าเดิม = บิลเดิม · 1 บิล · ยอดเดิม | actual MISSING:submitRegisterSale · MISSING:submitRegisterSale · same MISSING:submitRegisterSale/true · n 0 total undefined/undefined
  ❌ [P1.3-S3.17] 10 เครื่องขายพร้อมกัน (key ต่างกัน) × 2 รอบ → receiptNo ไม่ชน ไม่ว่าง ครบ 20 — expected 20 เลข ไม่ซ้ำ ไม่ว่าง | actual 0 ใบ · ไม่ซ้ำ 0 · ล้ม MISSING:submitRegisterSale
  ❌ [P1.3-S3.18] ชิ้นสุดท้าย นโยบายปริยาย ALLOW_NEGATIVE: 10 เครื่องขายพร้อมกัน × 3 รอบ → PAID ครบ · onHand = 1−10 เป๊ะ (ไม่มี lost update) · OUT 10 แถว — expected ทุกรอบ PAID 10 · onHand −9 · OUT 10 | actual r0: PAID 0/10 onHand 1 OUT 0 ; r1: PAID 0/10 onHand 1 OUT 0 ; r2: PAID 0/10 onHand 1 OUT 0
  ❌ [P1.3-S6.1] [P1.6] ชิ้นสุดท้าย นโยบาย BLOCK (settings.pos.stock.oversellPolicy): 10 เครื่องพร้อมกัน × 3 รอบ → PAID 1 · ที่เหลือ STOCK_INSUFFICIENT · onHand 0 · ผู้แพ้ไม่มีบิล — expected ทุกรอบ PAID 1 · 9 STOCK_INSUFFICIENT · onHand 0 · บิล 1 | actual [ยังไม่มีโค้ด oversellPolicy] r0: PAID 0 STOCK_INSUFFICIENT 0 onHand 1 บิล 0 ; r1: PAID 0 STOCK_INSUFFICIENT 0 onHand 1 บิล 0 ; r2: PAID 0 STOCK_INSUFFICIENT 0 onHand 1 บิล 0
  ❌ [P1.3-S3.20] ไม่เชื่อมบัญชี/แต้ม/สมาชิก (sandbox) → ยังขายได้ · event pos.sale.paid ประมวลผลไม่ FAILED · ไม่มี AccountJournalEntry/PointLedger ของบิล — expected PAID · event DONE · journal 0 · point 0 | actual ไม่มีบิล S3.2
  ❌ [P1.3-S3.21] ตะกร้า 200 บรรทัดส่งได้ → PAID · บันทึก 200 บรรทัด · Σ lineTotal = subtotalSatang — expected PAID · 200 บรรทัด · Σ = subtotal | actual MISSING:quoteRegisterCart lines 0 sub undefined
  ✅ [P1.3-S3.22] createSale แบบเดิม (โมดูลอื่น: itemId + unitPrice จากผู้เรียก ไม่มี productId) ยังทำงาน · ยอด = qty×price − ส่วนลด เหมือนเดิม
  ❌ [P1.3-S3.23] สินค้ายังไม่ตั้งราคา: ขายปกติ → PRICE_NOT_SET (ไม่ขายที่ต้นทุน) · ราคาเปิด (openPrice) แคชเชียร์ไม่มี pos.sale.priceOverride → PERMISSION_DENIED · เจ้าของ → PAID ที่ราคาที่กรอก — expected PRICE_NOT_SET ×2 · cashier PERMISSION_DENIED · owner PAID @4200 · 0 บรรทัดราคาต้นทุน | actual MISSING:submitRegisterSale · MISSING:submitRegisterSale · MISSING:submitRegisterSale · MISSING:submitRegisterSale @undefined · atCost 0
  ❌ [P1.3-S3.24] สาขาร้านเดียวกันที่ไม่ได้ผูกกับระบบ POS นี้ → submit/quote NOT_FOUND ไม่มีบิล (มติ R8 · createSale เองไม่ตรวจคู่นี้) · คู่บวก: ตะกร้าเดียวกันที่สาขาผูกแล้ว → PAID — expected NOT_FOUND ×2 · 0 บิล · คู่บวก PAID | actual MISSING:quoteRegisterCart · MISSING:submitRegisterSale · บิล 0 · MISSING:submitRegisterSale
  ❌ [P1.3-S3.25] trackStock ตั้งเป็น false (mode 'off') ชัดแจ้ง: ขายแล้วไม่ตัดสต็อก (OUT 0 · onHand เดิม) · กริดแสดง trackStock=false stockLeft null — expected PAID · OUT 0 · onHand 5 คงเดิม · off/null | actual MISSING:quoteRegisterCart OUT -1 onHand 5→5 · null
  ❌ [P1.3-S3.26] [Q6] สินค้ามีกลุ่มตัวเลือกบังคับ: quote และ submit → ปฏิเสธ (OPTIONS_REQUIRED|INVALID_LINE|VALIDATION — รอมติชื่อ) ไม่มียอด ไม่มีบิล · กลุ่มเลือกได้อย่างเดียว → quote/บิลที่ราคาฐาน — expected บังคับ: ปฏิเสธ quote+submit ไม่มียอด/บิล · เลือกได้: 5500 · PAID @5500 | actual req MISSING:quoteRegisterCart/true · MISSING:submitRegisterSale · opt MISSING:quoteRegisterCart @undefined · MISSING:quoteRegisterCart @undefined
  ❌ [P1.3-S3.27] [Q9] หมดสต็อก (NO_STOCK) ยังขายได้ตามนโยบายปริยาย: PAID · OUT 1 · onHand 0 → −1 · ปิดขายสาขา (UNAVAILABLE) → quote PRODUCT_UNAVAILABLE ไม่มียอด — expected NO_STOCK: PAID · OUT 1 · 0→−1 · UNAVAILABLE: quote ปฏิเสธไม่มียอด | actual MISSING:quoteRegisterCart undefined OUT -1 onHand 0→0 · off MISSING:quoteRegisterCart/true
  ❌ [P1.3-S3.28] [Q8] รายการกำหนดเอง/ราคาเปิด: STAFF ไม่มี pos.sale.priceOverride → quote PERMISSION_DENIED ทั้งสองแบบ · STAFF ที่มีคีย์ → quote+PAID ที่ราคาที่กรอก · MANAGER (ปริยายตามบทบาท) → PAID · คีย์อยู่ในแคตตาล็อกสิทธิ์ — expected STAFF quote ×2 PERMISSION_DENIED · STAFF+คีย์ PAID @2000/@4200 · MANAGER PAID · คีย์ในแคตตาล็อก | actual MISSING:quoteRegisterCart · MISSING:quoteRegisterCart · MISSING:quoteRegisterCart @undefined · MISSING:quoteRegisterCart @undefined · mgr MISSING:submitRegisterSale · key false
  ❌ [P1.3-S3.29] [Q12] client ส่ง couponCode / couponDiscountSatang มากับ quote หรือ submit → VALIDATION (ไม่เมิน ไม่เชื่อ) · ไม่มีบิล · ไม่มี CouponRedemption — expected VALIDATION ×4 · ไม่มียอด · ไม่มีบิล · CouponRedemption คงเดิม | actual MISSING:quoteRegisterCart,MISSING:quoteRegisterCart,MISSING:submitRegisterSale,MISSING:submitRegisterSale · redemption 0→0
  ❌ [P1.3-S3.30] [Q22+Q7] quote lines ตรงลำดับที่ส่ง: [สินค้า+ส่วนลด, รายการเอง, สินค้า×2 ราคา client ปลอม] → {productId?, unitPriceSatang (ราคาเซิร์ฟเวอร์), grossSatang, discountSatang, lineTotalSatang} ทุกช่อง Int · subtotal = Σ gross ก่อนส่วนลดบรรทัด — expected 3 บรรทัดตามลำดับ · ราคาเซิร์ฟเวอร์ · subtotal 25500 (ก่อนส่วนลด) · lineDiscount 1000 | actual MISSING:quoteRegisterCart n 0 · #0 ไม่มี · #1 ไม่มี · #2 ไม่มี · sub undefined ld undefined
  ❌ [P1.3-S3.31] ราคาเปลี่ยนระหว่าง quote กับ submit: ส่งตามราคา/ยอดเดิม → PRICE_CHANGED|PAYMENT_MISMATCH ไม่มีบิล · quote ใหม่ได้ราคาใหม่ใน lines[0].unitPriceSatang · จ่ายยอดใหม่ → PAID ที่ราคาใหม่ · ไม่มีบรรทัดราคาเก่า — expected ราคาเดิม 5000 → ส่งของเก่า ปฏิเสธ ×2 · quote ใหม่ 5600 · PAID @5600 · 0 บรรทัด @5000 | actual set true · q undefined · MISSING:submitRegisterSale · MISSING:submitRegisterSale · re-q undefined · MISSING:quoteRegisterCart @undefined · stale 0
  ❌ [P1.3-S3.32] Σ payMethods = ยอดเป๊ะ (หลายวิธี): เงินสด+พร้อมเพย์ ครบ → PAID 2 แถวรวม = ยอด · ขาด 1 สตางค์ → PAYMENT_MISMATCH · ยอดติดลบชดเชย / เศษสตางค์ / ไม่มีวิธีจ่าย → ปฏิเสธ · ไม่มีบิล — expected split PAID 2 แถว Σ = ยอด · ขาด/ติดลบ/เศษ/ว่าง ปฏิเสธ ไม่มีบิล | actual MISSING:submitRegisterSale pays 0 Σ 0/undefined · short:MISSING:submitRegisterSale negative:MISSING:submitRegisterSale fraction:MISSING:submitRegisterSale empty:MISSING:submitRegisterSale
  ❌ [P1.3-S3.33] เพดานส่วนลดที่ quote (ปฏิเสธ ไม่ clamp): STAFF ส่วนลดบรรทัด 15% / ท้ายบิล 15% / ท้ายบิลเกิน 10% 1 สตางค์ → DISCOUNT_EXCEEDS_LIMIT ไม่มียอด · 10% พอดี → 5,850 · บรรทัดติดลบ/บิลติดลบ → ปฏิเสธ quote+submit ไม่มีบิล — expected 15%/15%/651 ปฏิเสธไม่มียอด · 650 → 5850 · บรรทัด/บิลติดลบ ปฏิเสธ · 0 แถวติดลบ | actual MISSING:quoteRegisterCart/true · MISSING:quoteRegisterCart · MISSING:quoteRegisterCart=undefined · MISSING:quoteRegisterCart · MISSING:quoteRegisterCart · MISSING:submitRegisterSale · MISSING:submitRegisterSale · neg 0
  ❌ [P1.3-S3.34] qty ฝั่งเซิร์ฟเวอร์: 0 / −1 / 1.5 / 10000 / "2" → INVALID_LINE|VALIDATION · 9999 → quote ได้ (gross 9999×ราคา) · submit qty 10000 / 201 บรรทัด → ปฏิเสธ ไม่มีบิล · 201 บรรทัด quote → TOO_MANY_LINES — expected 5 ค่าผิด INVALID_LINE|VALIDATION · 9999 ได้ · submit 10000/201 ปฏิเสธ ไม่มีบิล | actual MISSING:quoteRegisterCart,MISSING:quoteRegisterCart,MISSING:quoteRegisterCart,MISSING:quoteRegisterCart,MISSING:quoteRegisterCart · 9999 MISSING:quoteRegisterCart/undefined · MISSING:submitRegisterSale · MISSING:quoteRegisterCart · MISSING:submitRegisterSale
  ❌ [P1.3-S3.35] ขอบเขตสาขา/ร้านของ productId: สินค้าเฉพาะสาขา 2 · ของคลังสาขา 2 · ของร้านอื่น → quote/submit NOT_FOUND|PRODUCT_NOT_FOUND ไม่มียอด/บรรทัด/ชื่อรั่ว ไม่มีบิล · คู่บวก: สินค้าสาขา 2 quote ที่สาขา 2 ได้ — expected 3 ทาง NOT_FOUND|PRODUCT_NOT_FOUND ไม่มียอด ไม่รั่ว ไม่มีบิล · คู่บวกสาขา 2 = 1500 | actual สาขา2:MISSING:quoteRegisterCart/MISSING:submitRegisterSale · คลังY:MISSING:quoteRegisterCart/MISSING:submitRegisterSale · ร้านอื่น:MISSING:quoteRegisterCart/MISSING:submitRegisterSale · สาขา2 MISSING:quoteRegisterCart @undefined
  ❌ [P1.3-S3.36] [Addendum] ปฏิเสธ = คืน {ok:false, code, message} ไม่ throw: q มี NUL · cursor มั่ว · limit 0 · quote lines ผิดชนิด · submit input null · status unitId มี NUL — expected 6 กรณี: คืน {ok:false, code, message} (หรือ ok ที่ปลอดภัย) ไม่ throw | actual q-NUL:MISSING:registerCatalog · cursor-มั่ว:MISSING:registerCatalog · limit-0:MISSING:registerCatalog · quote-lines-x:MISSING:quoteRegisterCart · submit-null:MISSING:submitRegisterSale · status-NUL:MISSING:registerStatus

── S4 แถบสถานะ ──
  ❌ [P1.3-S4.1] registerStatus: unit.name · user.name · roleLabel เป็นภาษาคน (ไม่ใช่ OWNER/STAFF ดิบ) · pendingSyncCount = 0 (ออฟไลน์ P3) — expected unit/user/roleLabel ภาษาคน · pendingSync 0 | actual MISSING:registerStatus {}
  ❌ [P1.3-S4.2] ยังไม่มีกะ (PosShift ของ P1.9 ยังไม่มี/ไม่เปิด) → shift = null ไม่ throw — expected shift null | actual MISSING:registerStatus shift=undefined
  ❌ [P1.3-S4.3] pendingStockCount ('รอตัดสต็อก'): บิลวันนี้ (ตัดวันเวลาไทย +07:00) ที่ตัดสต็อกครบ → 0 · บิลที่ยังไม่ตัด (createSale ใน tx ผู้อื่น) → นับ 1 — expected 0 → 1 | actual undefined → undefined (MISSING:registerStatus)
  ❌ [P1.3-S4.4] registerStatus ข้ามร้าน (unit ร้านอาหาร) → NOT_FOUND · แคชเชียร์สาขาอื่น → NOT_FOUND · สาขาตัวเอง → ok (คู่บวก) — expected NOT_FOUND · NOT_FOUND · สีลม ok | actual MISSING:registerStatus · MISSING:registerStatus · MISSING:registerStatus
  ❌ [P1.3-S4.5] [Q23] registerStatus.user.role = รหัสบทบาท OWNER · MANAGER · STAFF ตาม actor (roleLabel ภาษาคนยังอยู่ · S4.1) — expected OWNER,MANAGER,STAFF · roleLabel ภาษาคน | actual undefined,undefined,undefined · labels false (MISSING:registerStatus,MISSING:registerStatus,MISSING:registerStatus)
  ❌ [P1.3-S4.6] [Q25] registerVatConfig(ctx) = {mode, rateBp} เดียวกับ vatMode/vatRateBp ของ quote (สาขา sandbox และสาขาสีลม) · mode ∈ INCLUDED|NONE — expected sandbox + สีลม: {mode, rateBp} = quote · INCLUDED|NONE | actual sb {"err":"MISSING:registerVatConfig"} vs undefined/undefined · silom {"err":"MISSING:registerVatConfig"} vs undefined/undefined
  ลบแล้ว: {"outbox":2,"audit":245,"journal":0,"point":0,"coupon":0,"payment":2,"line":2,"sale":2,"product":522,"productBySystem":0,"category":1,"menuGroup":2,"invJournal":15,"invItem":18} · สาขา 3 · ระบบ 3
  ✅ [P1.3-S9.1] QC4 คืนสภาพ: จำนวนแถวของร้าน QC POS ทั้งสอง (ทุกตารางที่ข้อสอบแตะ) ก่อน = หลัง · ตัวนับใบเสร็จสาขาจริงไม่ขยับ
  ✅ [P1.3-S9.2] QC4 ลายนิ้วมือ: แถวเดิมของร้าน QC POS (PosProduct · PosCategory · InvItem · AppSystem รวม settings · AppSystemUnit · BusinessUnit · Membership · PosReceiptCounter) ทุกคอลัมน์ ก่อน = หลัง

===== qc-pos-p1.3 ===== ผ่าน 5/101 (QC_FORCE)
JSON_SUMMARY {"suite":"qc-pos-p1.3","total":101,"passed":5,"failed":["P1.3-S2.1","P1.3-S2.2","P1.3-S2.3","P1.3-S2.4","P1.3-S2.5","P1.3-S2.6","P1.3-S2.7","P1.3-S2.8","P1.3-S2.9","P1.3-S2.10","P1.3-S2.11","P1.3-S2.12","P1.3-S2.13","P1.3-S2.14","P1.3-S5.1","P1.3-S5.2","P1.3-S5.3","P1.3-S5.4","P1.3-S5.5","P1.3-S5.6","P1.3-S5.7","P1.3-S5.8","P1.3-S5.9","P1.3-S5.11","P1.3-S5.13","P1.3-S5.14","P1.3-S5.15","P1.3-S5.16","P1.3-S5.17","P1.3-S1.1","P1.3-S1.2","P1.3-S1.3","P1.3-S1.4","P1.3-S1.9","P1.3-S1.10","P1.3-S1.11","P1.3-S1.14","P1.3-S1.16","P1.3-S1.5","P1.3-S1.15","P1.3-S1.6","P1.3-S1.7","P1.3-S1.8","P1.3-S1.12","P1.3-S1.13","P1.3-S1.18","P1.3-S1.19","P1.3-S1.20","P1.3-S1.21","P1.3-S1.17","P1.3-S1.22","P1.3-S1.23","P1.3-S1.24","P1.3-S1.25","P1.3-S1.26","P1.3-S3.1","P1.3-S3.2","P1.3-S3.3","P1.3-S3.4","P1.3-S3.5","P1.3-S3.6","P1.3-S3.7","P1.3-S3.8","P1.3-S3.9","P1.3-S3.10","P1.3-S3.11","P1.3-S3.12","P1.3-S3.13","P1.3-S3.14","P1.3-S3.15","P1.3-S3.16","P1.3-S3.17","P1.3-S3.18","P1.3-S6.1","P1.3-S3.20","P1.3-S3.21","P1.3-S3.23","P1.3-S3.24","P1.3-S3.25","P1.3-S3.26","P1.3-S3.27","P1.3-S3.28","P1.3-S3.29","P1.3-S3.30","P1.3-S3.31","P1.3-S3.32","P1.3-S3.33","P1.3-S3.34","P1.3-S3.35","P1.3-S3.36","P1.3-S4.1","P1.3-S4.2","P1.3-S4.3","P1.3-S4.4","P1.3-S4.5","P1.3-S4.6"],"skipped":false,"forced":true,"skippedChecks":{},"missing":["ไฟล์ยังไม่มี: src/lib/modules/pos/pricing-shared.ts","src/lib/modules/pos/register.ts ยังไม่มี export: registerCatalog, registerScan, quoteRegisterCart, submitRegisterSale, registerStatus"],"a5":{"drift":[]}}
