[env] qc-subscription-money · ไฟล์ .env.qc4 · DB ep-frosty-lab-aoylqlv8-pooler.c-2.ap-southeast-1.aws.neon.tech
(node:1436442) Warning: SECURITY WARNING: The SSL modes 'prefer', 'require', and 'verify-ca' are treated as aliases for 'verify-full'.
In the next major version (pg-connection-string v3.0.0 and pg v9.0.0), these modes will adopt standard libpq semantics, which have weaker security guarantees.

To prepare for this change:
- If you want the current behavior, explicitly use 'sslmode=verify-full'
- If you want libpq compatibility now, use 'uselibpqcompat=true&sslmode=require'

See https://www.postgresql.org/docs/current/libpq-ssl.html for libpq SSL mode definitions.
(Use `node --trace-warnings ...` to show where the warning was created)
  ✅ [SM-1.1] subscribe → MemberSubscription ACTIVE
  ✅ [SM-2.1] เกิด posSale จากการสมัคร (idempotencyKey subscription-<id>)
  ✅ [SM-2.2] posSale.status = PAID
  ✅ [SM-2.3] posSale.sourceModule = MEMBER
  ✅ [SM-2.4] posSale.grandTotal = ราคาแพ็กเกจ (59900)
  ✅ [SM-2.5] posSale.memberId = ลูกค้า
  ✅ [SM-2.6] payMethod PROMPTPAY ถูกส่งต่อ
  ✅ [SM-3.1] ยอดค่าสมาชิก → journal entry อัตโนมัติ
  ✅ [SM-3.2] Σdr = Σcr (บัญชีดุล)
  ✅ [SM-4.1] createSale ซ้ำ key เดิม → ไม่เกิดบิลใหม่ (idempotent)
  ✅ [SM-5.1] แพ็กเกจฟรี → subscribe ACTIVE ได้
  ✅ [SM-5.2] แพ็กเกจฟรี → ไม่มี posSale
  ✅ [SM-6.1] ไม่ผูก POS → subscribe สำเร็จ ไม่ error
  ✅ [SM-6.2] ไม่ผูก POS → ไม่มี posSale (ข้ามการเก็บเงิน)
[cleanup] ok

===== QC Subscription Money =====
ผ่าน 14/14
FINDINGS: CRITICAL 0 · MAJOR 0 · MINOR 0
JSON_SUMMARY {"total":14,"passed":14,"findings":[]}
